07:33:00 using native Rust &sameClass propagator
07:33:00 Grounding...
07:33:00 Grounding done (0.11s)
07:33:00 Solving...
07:33:00 Model found (0.18s): [-12, -2805]
07:33:00 Model found (0.19s, +0.01s): [-12, -2815]
07:33:00 Model found (0.19s, +0.01s): [-12, -2825]
07:33:00 Model found (0.20s, +0.01s): [-12, -2835]
07:33:00 Model found (0.20s, +0.00s): [-12, -2845]
07:33:00 Model found (0.21s, +0.01s): [-12, -2855]
07:33:00 Model found (0.22s, +0.00s): [-12, -2865]
07:33:00 Model found (0.22s, +0.00s): [-12, -2875]
07:33:00 Model found (0.22s, +0.00s): [-12, -2885]
07:33:00 Model found (0.23s, +0.00s): [-12, -2895]
07:33:00 Model found (0.23s, +0.00s): [-12, -2905]
07:33:00 Model found (0.24s, +0.00s): [-12, -2915]
07:33:00 Model found (0.24s, +0.00s): [-12, -2925]
07:33:00 Model found (0.25s, +0.01s): [-12, -2935]
07:33:00 Model found (0.26s, +0.01s): [-12, -2945]
07:33:00 Model found (0.26s, +0.00s): [-12, -2955]
07:33:00 Model found (0.26s, +0.00s): [-12, -2965]
07:33:00 Model found (0.27s, +0.00s): [-12, -2975]
07:33:00 Model found (0.27s, +0.00s): [-12, -2985]
07:33:00 Model found (0.28s, +0.00s): [-12, -2995]
07:33:00 Model found (0.28s, +0.00s): [-12, -3005]
07:33:00 Model found (0.28s, +0.00s): [-12, -3015]
07:33:00 Model found (0.29s, +0.00s): [-12, -3025]
07:33:00 Model found (0.29s, +0.00s): [-12, -3035]
07:33:00 Model found (0.30s, +0.00s): [-12, -3045]
07:33:00 Model found (0.30s, +0.00s): [-12, -3055]
07:33:00 Model found (0.30s, +0.00s): [-12, -3065]
07:33:00 Model found (0.31s, +0.01s): [-12, -3075]
07:33:00 Model found (0.31s, +0.00s): [-12, -3085]
07:33:00 Model found (0.32s, +0.00s): [-12, -3095]
07:33:00 Model found (0.32s, +0.00s): [-12, -3105]
07:33:00 Model found (0.33s, +0.00s): [-12, -3115]
07:33:00 Model found (0.33s, +0.01s): [-12, -3125]
07:33:00 Model found (0.34s, +0.01s): [-12, -3135]
07:33:00 Model found (0.35s, +0.01s): [-12, -3145]
07:33:00 Model found (0.36s, +0.01s): [-12, -3155]
07:33:00 Model found (0.36s, +0.01s): [-12, -3165]
07:33:00 Model found (0.37s, +0.01s): [-12, -3175]
07:33:00 Model found (0.38s, +0.01s): [-12, -3185]
07:33:00 Model found (0.39s, +0.01s): [-12, -3195]
07:33:00 Model found (0.40s, +0.01s): [-12, -3205]
07:33:00 Model found (0.41s, +0.01s): [-12, -3215]
07:33:00 Model found (0.42s, +0.01s): [-12, -3225]
07:33:00 Model found (0.43s, +0.01s): [-12, -3235]
07:33:00 Model found (0.43s, +0.01s): [-12, -3245]
07:33:00 Model found (0.44s, +0.01s): [-12, -3255]
07:33:00 Model found (0.45s, +0.01s): [-12, -3265]
07:33:00 Model found (0.45s, +0.01s): [-12, -3275]
07:33:00 Model found (0.46s, +0.01s): [-12, -3285]
07:33:00 Model found (0.47s, +0.01s): [-12, -3295]
07:33:00 Model found (0.48s, +0.01s): [-12, -3305]
07:33:00 Model found (0.48s, +0.01s): [-12, -3315]
07:33:00 Model found (0.49s, +0.01s): [-12, -3325]
07:33:00 Model found (0.50s, +0.01s): [-12, -3335]
07:33:00 Model found (0.51s, +0.01s): [-12, -3345]
07:33:00 Model found (0.51s, +0.01s): [-12, -3355]
07:33:00 Model found (0.52s, +0.01s): [-12, -3365]
07:33:00 Model found (0.53s, +0.01s): [-12, -3375]
07:33:00 Model found (0.53s, +0.01s): [-12, -3385]
07:33:00 Model found (0.54s, +0.01s): [-12, -3395]
07:33:00 Model found (0.55s, +0.01s): [-12, -3405]
07:33:00 Model found (0.56s, +0.01s): [-12, -3415]
07:33:00 Model found (0.57s, +0.01s): [-12, -3425]
07:33:00 Model found (0.58s, +0.01s): [-12, -3435]
07:33:00 Model found (0.58s, +0.01s): [-12, -3445]
07:33:00 Model found (0.60s, +0.01s): [-12, -3455]
07:33:00 Model found (0.60s, +0.01s): [-12, -3465]
07:33:00 Model found (0.61s, +0.01s): [-12, -3475]
07:33:00 Model found (0.62s, +0.01s): [-12, -3485]
07:33:00 Model found (0.63s, +0.01s): [-12, -3495]
07:33:00 Model found (0.64s, +0.01s): [-12, -3505]
07:33:00 Model found (0.64s, +0.01s): [-12, -3515]
07:33:00 Model found (0.65s, +0.01s): [-12, -3525]
07:33:00 Model found (0.66s, +0.01s): [-12, -3535]
07:33:00 Model found (0.67s, +0.01s): [-12, -3545]
07:33:00 Model found (0.67s, +0.01s): [-12, -3555]
07:33:00 Model found (0.68s, +0.01s): [-12, -3565]
07:33:00 Model found (0.69s, +0.01s): [-12, -3575]
07:33:00 Model found (0.70s, +0.01s): [-12, -3585]
07:33:00 Model found (0.71s, +0.01s): [-12, -3595]
07:33:00 Model found (0.72s, +0.01s): [-12, -3605]
07:33:00 Model found (0.73s, +0.01s): [-12, -3615]
07:33:00 Model found (0.73s, +0.01s): [-12, -3625]
07:33:00 Model found (0.74s, +0.01s): [-12, -3635]
07:33:01 Model found (0.75s, +0.01s): [-12, -3645]
07:33:01 Model found (0.76s, +0.01s): [-12, -3655]
07:33:01 Model found (0.76s, +0.01s): [-12, -3665]
07:33:01 Model found (0.77s, +0.01s): [-12, -3675]
07:33:01 Model found (0.78s, +0.01s): [-12, -3685]
07:33:01 Model found (0.79s, +0.01s): [-12, -3695]
07:33:01 Model found (0.80s, +0.01s): [-12, -3705]
07:33:01 Model found (0.81s, +0.01s): [-12, -3715]
07:33:01 Model found (0.81s, +0.01s): [-12, -3725]
07:33:01 Model found (0.81s, +0.00s): [-12, -3735]
07:33:01 Model found (0.82s, +0.01s): [-12, -3745]
07:33:01 Model found (0.82s, +0.00s): [-12, -3755]
07:33:01 Model found (0.83s, +0.01s): [-12, -3765]
07:33:01 Model found (0.84s, +0.00s): [-12, -3775]
07:33:01 Model found (0.84s, +0.00s): [-12, -3785]
07:33:01 Model found (0.85s, +0.00s): [-12, -3795]
07:33:01 Model found (0.85s, +0.00s): [-12, -3805]
07:33:01 Model found (0.86s, +0.01s): [-12, -3815]
07:33:01 Model found (0.86s, +0.00s): [-12, -3825]
07:33:01 Model found (0.87s, +0.00s): [-12, -3835]
07:33:01 Model found (0.87s, +0.00s): [-12, -3845]
07:33:01 Model found (0.88s, +0.00s): [-12, -3855]
07:33:01 Model found (0.88s, +0.00s): [-12, -3865]
07:33:01 Model found (0.89s, +0.00s): [-12, -3875]
07:33:01 Model found (0.89s, +0.00s): [-12, -3885]
07:33:01 Model found (0.90s, +0.01s): [-12, -3895]
07:33:01 Model found (0.90s, +0.01s): [-12, -3905]
07:33:01 Model found (0.91s, +0.01s): [-12, -3915]
07:33:01 Model found (0.92s, +0.01s): [-12, -3925]
07:33:01 Model found (0.92s, +0.01s): [-12, -3935]
07:33:01 Model found (0.93s, +0.01s): [-12, -3945]
07:33:01 Model found (0.93s, +0.00s): [-12, -3955]
07:33:01 Model found (0.94s, +0.00s): [-12, -3965]
07:33:01 Model found (0.94s, +0.01s): [-12, -3975]
07:33:01 Model found (0.95s, +0.00s): [-12, -3985]
07:33:01 Model found (0.95s, +0.00s): [-12, -3995]
07:33:01 Model found (0.96s, +0.00s): [-12, -4005]
07:33:01 Model found (0.96s, +0.00s): [-12, -4015]
07:33:01 Model found (0.97s, +0.01s): [-12, -4025]
07:33:01 Model found (0.98s, +0.01s): [-12, -4035]
07:33:01 Model found (0.98s, +0.01s): [-12, -4045]
07:33:01 Model found (0.99s, +0.01s): [-12, -4055]
07:33:01 Model found (0.99s, +0.01s): [-12, -4065]
07:33:01 Model found (1.00s, +0.01s): [-12, -4075]
07:33:01 Model found (1.00s, +0.01s): [-12, -4085]
07:33:01 Model found (1.01s, +0.01s): [-12, -4095]
07:33:01 Model found (1.01s, +0.01s): [-12, -4105]
07:33:01 Model found (1.02s, +0.01s): [-12, -4115]
07:33:01 Model found (1.02s, +0.01s): [-12, -4125]
07:33:01 Model found (1.03s, +0.01s): [-12, -4135]
07:33:01 Model found (1.03s, +0.00s): [-12, -4145]
07:33:01 Model found (1.04s, +0.01s): [-12, -4155]
07:33:01 Model found (1.05s, +0.01s): [-12, -4165]
07:33:01 Model found (1.05s, +0.01s): [-12, -4175]
07:33:01 Model found (1.06s, +0.01s): [-12, -4185]
07:33:01 Model found (1.06s, +0.01s): [-12, -4195]
07:33:01 Model found (1.07s, +0.01s): [-12, -4205]
07:33:01 Model found (1.07s, +0.01s): [-12, -4215]
07:33:01 Model found (1.08s, +0.00s): [-12, -4225]
07:33:01 Model found (1.08s, +0.01s): [-12, -4235]
07:33:01 Model found (1.09s, +0.01s): [-12, -4245]
07:33:01 Model found (1.10s, +0.01s): [-12, -4255]
07:33:01 Model found (1.10s, +0.01s): [-12, -4265]
07:33:01 Model found (1.11s, +0.01s): [-12, -4273]
07:33:01 Model found (1.11s, +0.01s): [-12, -4275]
07:33:01 Model found (1.12s, +0.01s): [-12, -4283]
07:33:01 Model found (1.12s, +0.01s): [-12, -4291]
07:33:01 Model found (1.13s, +0.01s): [-12, -4293]
07:33:01 Model found (1.13s, +0.01s): [-12, -4301]
07:33:01 Model found (1.14s, +0.01s): [-12, -4309]
07:33:01 Model found (1.14s, +0.01s): [-12, -4311]
07:33:01 Model found (1.15s, +0.01s): [-12, -4319]
07:33:01 Model found (1.16s, +0.01s): [-12, -4327]
07:33:01 Model found (1.16s, +0.01s): [-12, -4329]
07:33:01 Model found (1.17s, +0.01s): [-12, -4337]
07:33:01 Model found (1.17s, +0.01s): [-12, -4339]
07:33:01 Model found (1.18s, +0.01s): [-12, -4347]
07:33:01 Model found (1.18s, +0.01s): [-12, -4355]
07:33:01 Model found (1.19s, +0.01s): [-12, -4357]
07:33:01 Model found (1.20s, +0.01s): [-12, -4365]
07:33:01 Model found (1.20s, +0.01s): [-12, -4367]
07:33:01 Model found (1.21s, +0.01s): [-12, -4375]
07:33:01 Model found (1.21s, +0.01s): [-12, -4383]
07:33:01 Model found (1.22s, +0.01s): [-12, -4385]
07:33:01 Model found (1.22s, +0.01s): [-12, -4393]
07:33:01 Model found (1.23s, +0.01s): [-12, -4395]
07:33:01 Model found (1.24s, +0.01s): [-12, -4403]
07:33:01 Model found (1.24s, +0.01s): [-12, -4405]
07:33:01 Model found (1.25s, +0.01s): [-12, -4413]
07:33:01 Model found (1.25s, +0.01s): [-12, -4420]
07:33:01 Model found (1.26s, +0.01s): [-12, -4422]
07:33:01 Model found (1.26s, +0.01s): [-12, -4430]
07:33:01 Model found (1.27s, +0.01s): [-12, -4431]
07:33:01 Model found (1.27s, +0.01s): [-12, -4439]
07:33:01 Model found (1.28s, +0.01s): [-12, -4447]
07:33:01 Model found (1.29s, +0.01s): [-12, -4450]
07:33:01 Model found (1.29s, +0.01s): [-12, -4451]
07:33:01 Model found (1.30s, +0.01s): [-12, -4459]
07:33:01 Model found (1.30s, +0.01s): [-12, -4467]
07:33:01 Model found (1.31s, +0.01s): [-12, -4469]
07:33:01 Model found (1.31s, +0.01s): [-12, -4477]
07:33:01 Model found (1.32s, +0.01s): [-12, -4478]
07:33:01 Model found (1.33s, +0.01s): [-12, -4479]
07:33:01 Model found (1.33s, +0.01s): [-12, -4487]
07:33:01 Model found (1.34s, +0.01s): [-12, -4495]
07:33:01 Model found (1.34s, +0.01s): [-12, -4503]
07:33:01 Model found (1.35s, +0.01s): [-12, -4507]
07:33:01 Model found (1.35s, +0.01s): [-12, -4515]
07:33:01 Model found (1.36s, +0.01s): [-12, -4523]
07:33:01 Model found (1.36s, +0.01s): [-12, -4525]
07:33:01 Model found (1.37s, +0.01s): [-12, -4533]
07:33:01 Model found (1.37s, +0.01s): [-12, -4535]
07:33:01 Model found (1.38s, +0.01s): [-12, -4537]
07:33:01 Model found (1.39s, +0.01s): [-12, -4545]
07:33:01 Model found (1.39s, +0.01s): [-12, -4553]
07:33:01 Model found (1.40s, +0.01s): [-12, -4555]
07:33:01 Model found (1.40s, +0.01s): [-12, -4563]
07:33:01 Model found (1.41s, +0.01s): [-12, -4565]
07:33:01 Model found (1.41s, +0.01s): [-12, -4573]
07:33:01 Model found (1.42s, +0.01s): [-12, -4575]
07:33:01 Model found (1.42s, +0.00s): [-12, -4583]
07:33:01 Model found (1.43s, +0.01s): [-12, -4585]
07:33:01 Model found (1.43s, +0.01s): [-12, -4587]
07:33:01 Model found (1.44s, +0.01s): [-12, -4588]
07:33:01 Model found (1.45s, +0.01s): [-12, -4595]
07:33:01 Model found (1.45s, +0.01s): [-12, -4597]
07:33:01 Model found (1.46s, +0.01s): [-12, -4605]
07:33:01 Model found (1.46s, +0.01s): [-12, -4613]
07:33:01 Model found (1.47s, +0.01s): [-12, -4621]
07:33:01 Model found (1.47s, +0.01s): [-12, -4629]
07:33:01 Model found (1.48s, +0.01s): [-12, -4637]
07:33:01 Model found (1.49s, +0.01s): [-12, -4645]
07:33:01 Model found (1.49s, +0.01s): [-12, -4653]
07:33:01 Model found (1.50s, +0.01s): [-12, -4661]
07:33:01 Model found (1.52s, +0.02s): [-12, -4669]
07:33:01 Model found (1.53s, +0.01s): [-12, -4677]
07:33:01 Model found (1.55s, +0.02s): [-12, -4685]
07:33:01 Model found (1.56s, +0.01s): [-12, -4691]
07:33:01 Model found (1.56s, +0.01s): [-12, -4699]
07:33:01 Model found (1.57s, +0.01s): [-12, -4707]
07:33:01 Model found (1.58s, +0.01s): [-12, -4708]
07:33:01 Model found (1.58s, +0.01s): [-12, -4716]
07:33:01 Model found (1.59s, +0.01s): [-12, -4724]
07:33:01 Model found (1.60s, +0.01s): [-12, -4725]
07:33:01 Model found (1.61s, +0.01s): [-12, -4733]
07:33:01 Model found (1.61s, +0.01s): [-12, -4741]
07:33:01 Model found (1.62s, +0.01s): [-12, -4743]
07:33:01 Model found (1.63s, +0.01s): [-12, -4751]
07:33:01 Model found (1.63s, +0.01s): [-12, -4753]
07:33:01 Model found (1.64s, +0.01s): [-12, -4761]
07:33:01 Model found (1.65s, +0.01s): [-12, -4762]
07:33:01 Model found (1.66s, +0.01s): [-12, -4770]
07:33:01 Model found (1.66s, +0.01s): [-12, -4778]
07:33:01 Model found (1.68s, +0.01s): [-12, -4786]
07:33:01 Model found (1.68s, +0.01s): [-12, -4787]
07:33:01 Model found (1.69s, +0.01s): [-12, -4793]
07:33:01 Model found (1.70s, +0.01s): [-12, -4795]
07:33:01 Model found (1.70s, +0.01s): [-12, -4796]
07:33:01 Model found (1.71s, +0.01s): [-12, -4804]
07:33:01 Model found (1.71s, +0.01s): [-12, -4812]
07:33:01 Model found (1.72s, +0.01s): [-12, -4813]
07:33:01 Model found (1.73s, +0.01s): [-12, -4821]
07:33:01 Model found (1.74s, +0.01s): [-12, -4829]
07:33:01 Model found (1.74s, +0.01s): [-12, -4837]
07:33:02 Model found (1.75s, +0.01s): [-12, -4845]
07:33:02 Model found (1.76s, +0.01s): [-12, -4853]
07:33:02 Model found (1.78s, +0.01s): [-12, -4861]
07:33:02 Model found (1.79s, +0.01s): [-12, -4869]
07:33:02 Model found (1.80s, +0.01s): [-12, -4877]
07:33:02 Model found (1.81s, +0.02s): [-12, -4879]
07:33:02 Model found (1.82s, +0.01s): [-12, -4887]
07:33:02 Model found (1.83s, +0.01s): [-12, -4895]
07:33:02 Model found (1.83s, +0.01s): [-12, -4903]
07:33:02 Model found (1.84s, +0.01s): [-12, -4911]
07:33:02 Model found (1.85s, +0.01s): [-12, -4912]
07:33:02 Model found (1.86s, +0.01s): [-12, -4920]
07:33:02 Model found (1.86s, +0.01s): [-12, -4922]
07:33:02 Model found (1.87s, +0.01s): [-12, -4930]
07:33:02 Model found (1.87s, +0.01s): [-12, -4938]
07:33:02 Model found (1.88s, +0.01s): [-12, -4946]
07:33:02 Model found (1.89s, +0.01s): [-12, -4954]
07:33:02 Model found (1.91s, +0.03s): [-12, -4960]
07:33:02 Model found (1.92s, +0.01s): [-12, -4968]
07:33:02 Model found (1.92s, +0.01s): [-12, -4969]
07:33:02 Model found (1.93s, +0.01s): [-12, -4977]
07:33:02 Model found (1.94s, +0.01s): [-12, -4985]
07:33:02 Model found (1.94s, +0.01s): [-12, -4993]
07:33:02 Model found (1.95s, +0.01s): [-12, -5001]
07:33:02 Model found (1.95s, +0.01s): [-12, -5003]
07:33:02 Model found (1.96s, +0.01s): [-12, -5011]
07:33:02 Model found (1.96s, +0.01s): [-12, -5019]
07:33:02 Model found (1.97s, +0.01s): [-12, -5020]
07:33:02 Model found (1.97s, +0.01s): [-12, -5021]
07:33:02 Model found (1.98s, +0.01s): [-12, -5029]
07:33:02 Model found (1.99s, +0.01s): [-12, -5036]
07:33:02 Model found (2.00s, +0.01s): [-12, -5038]
07:33:02 Model found (2.00s, +0.01s): [-12, -5046]
07:33:02 Model found (2.01s, +0.01s): [-12, -5054]
07:33:02 Model found (2.01s, +0.01s): [-12, -5062]
07:33:02 Model found (2.02s, +0.01s): [-12, -5070]
07:33:02 Model found (2.02s, +0.01s): [-12, -5072]
07:33:02 Model found (2.03s, +0.01s): [-12, -5080]
07:33:02 Model found (2.03s, +0.01s): [-12, -5088]
07:33:02 Model found (2.04s, +0.01s): [-12, -5096]
07:33:02 Model found (2.04s, +0.01s): [-12, -5104]
07:33:02 Model found (2.05s, +0.01s): [-12, -5106]
07:33:02 Model found (2.06s, +0.01s): [-12, -5114]
07:33:02 Model found (2.06s, +0.01s): [-12, -5122]
07:33:02 Model found (2.07s, +0.01s): [-12, -5130]
07:33:02 Model found (2.08s, +0.01s): [-12, -5131]
07:33:02 Model found (2.08s, +0.01s): [-12, -5139]
07:33:02 Model found (2.09s, +0.01s): [-12, -5147]
07:33:02 Model found (2.10s, +0.01s): [-12, -5149]
07:33:02 Model found (2.10s, +0.01s): [-12, -5157]
07:33:02 Model found (2.11s, +0.01s): [-12, -5158]
07:33:02 Model found (2.12s, +0.01s): [-12, -5166]
07:33:02 Model found (2.12s, +0.01s): [-12, -5174]
07:33:02 Model found (2.13s, +0.01s): [-12, -5182]
07:33:02 Model found (2.13s, +0.01s): [-12, -5190]
07:33:02 Model found (2.14s, +0.01s): [-12, -5198]
07:33:02 Model found (2.14s, +0.01s): [-12, -5200]
07:33:02 Model found (2.15s, +0.01s): [-12, -5208]
07:33:02 Model found (2.15s, +0.01s): [-12, -5216]
07:33:02 Model found (2.16s, +0.01s): [-12, -5224]
07:33:02 Model found (2.17s, +0.01s): [-12, -5232]
07:33:02 Model found (2.18s, +0.01s): [-12, -5240]
07:33:02 Model found (2.18s, +0.01s): [-12, -5248]
07:33:02 Model found (2.19s, +0.01s): [-12, -5251]
07:33:02 Model found (2.20s, +0.01s): [-12, -5259]
07:33:02 Model found (2.20s, +0.01s): [-12, -5260]
07:33:02 Model found (2.21s, +0.01s): [-12, -5268]
07:33:02 Model found (2.21s, +0.01s): [-12, -5276]
07:33:02 Model found (2.22s, +0.01s): [-12, -5284]
07:33:02 Model found (2.22s, +0.01s): [-12, -5292]
07:33:02 Model found (2.23s, +0.01s): [-12, -5300]
07:33:02 Model found (2.24s, +0.01s): [-12, -5308]
07:33:02 Model found (2.25s, +0.01s): [-12, -5315]
07:33:02 Model found (2.25s, +0.01s): [-12, -5317]
07:33:02 Model found (2.26s, +0.01s): [-12, -5318]
07:33:02 Model found (2.26s, +0.01s): [-12, -5326]
07:33:02 Model found (2.27s, +0.01s): [-12, -5327]
07:33:02 Model found (2.27s, +0.01s): [-12, -5333]
07:33:02 Model found (2.28s, +0.01s): [-12, -5335]
07:33:02 Model found (2.28s, +0.01s): [-12, -5343]
07:33:02 Model found (2.29s, +0.01s): [-12, -5351]
07:33:02 Model found (2.29s, +0.01s): [-12, -5353]
07:33:02 Model found (2.30s, +0.01s): [-12, -5361]
07:33:02 Model found (2.31s, +0.01s): [-12, -5369]
07:33:02 Model found (2.31s, +0.01s): [-12, -5375]
07:33:02 Model found (2.32s, +0.01s): [-12, -5377]
07:33:02 Model found (2.32s, +0.01s): [-12, -5385]
07:33:02 Model found (2.33s, +0.01s): [-12, -5386]
07:33:02 Model found (2.34s, +0.01s): [-12, -5387]
07:33:02 Model found (2.34s, +0.01s): [-12, -5395]
07:33:02 Model found (2.35s, +0.01s): [-12, -5403]
07:33:02 Model found (2.35s, +0.01s): [-12, -5404]
07:33:02 Model found (2.36s, +0.01s): [-12, -5412]
07:33:02 Model found (2.37s, +0.01s): [-12, -5418]
07:33:02 Model found (2.37s, +0.01s): [-12, -5420]
07:33:02 Model found (2.38s, +0.01s): [-12, -5428]
07:33:02 Model found (2.39s, +0.01s): [-12, -5436]
07:33:02 Model found (2.39s, +0.01s): [-12, -5438]
07:33:02 Model found (2.40s, +0.01s): [-12, -5446]
07:33:02 Model found (2.40s, +0.01s): [-12, -5454]
07:33:02 Model found (2.41s, +0.01s): [-12, -5460]
07:33:02 Model found (2.41s, +0.01s): [-12, -5462]
07:33:02 Model found (2.42s, +0.01s): [-12, -5470]
07:33:02 Model found (2.43s, +0.01s): [-12, -5471]
07:33:02 Model found (2.43s, +0.01s): [-12, -5479]
07:33:02 Model found (2.44s, +0.01s): [-12, -5480]
07:33:02 Model found (2.44s, +0.01s): [-12, -5486]
07:33:02 Model found (2.45s, +0.01s): [-12, -5488]
07:33:02 Model found (2.45s, +0.01s): [-12, -5496]
07:33:02 Model found (2.46s, +0.01s): [-12, -5504]
07:33:02 Model found (2.47s, +0.01s): [-12, -5506]
07:33:02 Model found (2.47s, +0.01s): [-12, -5514]
07:33:02 Model found (2.48s, +0.01s): [-12, -5520]
07:33:02 Model found (2.49s, +0.01s): [-12, -5528]
07:33:02 Model found (2.49s, +0.01s): [-12, -5529]
07:33:02 Model found (2.50s, +0.01s): [-12, -5537]
07:33:02 Model found (2.50s, +0.01s): [-12, -5545]
07:33:02 Model found (2.51s, +0.01s): [-12, -5548]
07:33:02 Model found (2.52s, +0.01s): [-12, -5556]
07:33:02 Model found (2.52s, +0.01s): [-12, -5557]
07:33:02 Model found (2.53s, +0.01s): [-12, -5565]
07:33:02 Model found (2.53s, +0.01s): [-12, -5571]
07:33:02 Model found (2.54s, +0.01s): [-12, -5573]
07:33:02 Model found (2.55s, +0.01s): [-12, -5581]
07:33:02 Model found (2.55s, +0.01s): [-12, -5589]
07:33:02 Model found (2.56s, +0.01s): [-12, -5591]
07:33:02 Model found (2.56s, +0.01s): [-12, -5599]
07:33:02 Model found (2.57s, +0.01s): [-12, -5605]
07:33:02 Model found (2.58s, +0.01s): [-12, -5607]
07:33:02 Model found (2.58s, +0.01s): [-12, -5615]
07:33:02 Model found (2.59s, +0.01s): [-12, -5616]
07:33:02 Model found (2.59s, +0.01s): [-12, -5622]
07:33:02 Model found (2.60s, +0.01s): [-12, -5624]
07:33:02 Model found (2.61s, +0.01s): [-12, -5632]
07:33:02 Model found (2.61s, +0.01s): [-12, -5636]
07:33:02 Model found (2.62s, +0.01s): [-12, -5639]
07:33:02 Model found (2.62s, +0.01s): [-12, -5641]
07:33:02 Model found (2.63s, +0.01s): [-12, -5649]
07:33:02 Model found (2.63s, +0.01s): [-12, -5650]
07:33:02 Model found (2.64s, +0.01s): [-12, -5656]
07:33:02 Model found (2.64s, +0.01s): [-12, -5658]
07:33:02 Model found (2.65s, +0.01s): [-12, -5666]
07:33:02 Model found (2.65s, +0.01s): [-12, -5674]
07:33:02 Model found (2.66s, +0.01s): [-12, -5676]
07:33:02 Model found (2.67s, +0.01s): [-12, -5684]
07:33:02 Solving done: OPTIMUM FOUND (2.56s)
% Command: ooanalyzer.py examples/ooa/ooex_vs2010/Debug/ooex7.lp -n -1 --configuration=crafty --restarts=F,736 --time-limit=300 --stats --show-guesses --results examples/ooa/ooex_vs2010/Debug/ooex7.results
OPTIMUM FOUND

Answer: 393
guessEnabled(method) guessEnabled(constructor) guessEnabled(vftable) guessEnabled(vftable_size) guessEnabled(derived_class) guessEnabled(weak_g1_bonus) guessEnabled(merge) method(4313904) method(4313908) method(4313912) method(4313916) method(4313920) method(4313924) method(4313928) method(4313932) method(4313936) method(4313940) method(4313944) method(4313948) method(4313960) method(4313964) method(4313968) method(4313972) method(4313976) method(4314056) method(4314152) method(4314156) method(4314160) method(4314164) method(4263941) method(4263946) method(4263951) method(4263956) method(4263961) method(4263966) method(4263971) method(4263976) method(4263981) method(4263986) method(4263991) method(4263996) method(4264001) method(4264006) method(4264011) method(4264016) method(4264021) method(4264026) method(4264031) method(4264036) method(4264041) method(4264046) method(4264051) method(4264056) method(4264061) method(4264066) method(4264071) method(4264076) method(4264081) method(4264086) method(4264091) method(4264096) method(4264101) method(4264106) method(4264111) method(4264116) method(4264121) method(4264126) method(4264131) method(4264136) method(4264141) method(4264146) method(4264151) method(4264156) method(4264161) method(4264166) method(4264171) method(4264176) method(4264181) method(4264186) method(4264191) method(4264196) method(4264206) method(4264211) method(4264216) method(4264221) method(4264226) method(4264231) method(4264236) method(4264241) method(4264246) method(4264251) method(4264256) method(4264261) method(4264266) method(4264271) method(4264276) method(4264281) method(4264286) method(4264291) method(4264296) method(4264301) method(4264306) method(4264311) method(4264316) method(4264321) method(4264326) method(4264331) method(4264336) method(4264341) method(4264346) method(4264351) method(4264356) method(4264361) method(4264366) method(4264371) method(4264376) method(4264381) method(4264386) method(4264391) method(4264396) method(4264401) method(4264406) method(4264411) method(4264416) method(4264421) method(4264426) method(4264431) method(4264436) method(4264441) method(4264446) method(4264451) method(4264456) method(4264461) method(4264466) method(4264471) method(4264476) method(4264481) method(4264486) method(4264491) method(4264496) method(4264501) method(4264506) method(4264511) method(4264516) method(4264521) method(4264526) method(4264531) method(4264536) method(4264541) method(4264546) method(4264551) method(4264556) method(4264561) method(4264566) method(4264571) method(4264576) method(4264581) method(4264586) method(4264591) method(4264596) method(4264601) method(4264606) method(4264611) method(4264616) method(4264621) method(4264626) method(4264631) method(4264636) method(4264641) method(4264646) method(4264651) method(4264656) method(4264661) method(4264666) method(4264671) method(4264676) method(4264681) method(4264686) method(4264691) method(4264696) method(4264701) method(4264706) method(4264711) method(4264716) method(4264721) method(4264726) method(4264731) method(4264736) method(4264741) method(4264746) method(4264751) method(4264756) method(4264761) method(4264766) method(4264771) method(4264776) method(4264781) method(4264786) method(4264791) method(4264796) method(4264801) method(4264806) method(4264811) method(4264816) method(4264821) method(4264826) method(4264831) method(4264836) method(4264841) method(4264846) method(4264851) method(4264856) method(4264861) method(4264866) method(4264871) method(4264876) method(4264881) method(4264886) method(4265856) method(4265984) method(4266304) method(4266544) method(4266624) method(4266704) method(4266864) method(4267072) method(4267248) method(4267392) method(4267472) method(4267680) method(4267776) method(4268112) method(4268192) method(4268512) method(4268576) method(4268640) method(4268896) method(4269024) method(4269088) method(4269200) method(4269296) method(4269392) method(4269488) method(4269776) method(4269840) method(4269952) method(4270048) method(4270304) method(4270432) method(4270528) method(4270768) method(4270880) method(4271024) method(4271584) method(4271680) method(4271792) method(4273232) method(4273312) method(4273376) method(4273456) method(4273808) method(4274016) method(4274096) method(4274304) method(4274496) method(4274608) method(4274672) method(4274768) method(4274848) method(4275024) method(4275152) method(4275264) method(4275376) method(4275552) method(4275680) method(4275952) method(4276016) method(4276064) method(4276160) method(4276224) method(4276270) method(4276276) method(4276282) method(4276288) method(4276294) method(4276300) method(4276306) method(4276312) method(4276318) method(4276324) method(4276330) method(4276336) method(4276342) method(4276348) method(4276354) method(4276360) method(4276366) method(4276372) method(4276378) method(4276384) method(4276390) method(4276396) method(4276464) method(4276592) method(4276656) method(4276928) method(4276992) method(4277016) method(4277024) method(4277042) method(4277048) method(4277054) method(4277060) method(4277066) method(4277072) method(4277088) method(4277136) method(4277280) method(4277302) method(4277308) method(4277314) method(4277320) method(4277328) method(4277504) method(4277616) method(4277648) method(4278416) method(4278432) method(4278576) method(4278688) method(4279360) method(4279536) method(4279744) method(4280064) method(4280448) method(4280592) method(4280896) method(4280912) method(4280992) method(4281040) method(4281088) method(4281104) method(4281110) method(4281472) method(4281696) method(4281872) method(4281936) method(4282064) method(4282090) method(4282096) method(4282176) method(4282226) method(4282240) method(4282256) method(4282272) method(4282320) method(4282368) method(4282579) method(4282672) method(4282708) method(4282714) method(4282720) method(4282736) method(4283016) method(4283022) method(4283028) method(4283034) method(4283040) method(4283056) method(4283184) method(4283344) method(4283686) method(4283692) method(4283698) method(4283712) method(4283776) method(4284656) method(4285270) method(4285276) method(4285282) method(4285288) method(4285294) method(4285300) method(4285306) method(4285312) method(4285318) method(4285324) method(4285330) method(4285336) method(4285342) method(4285348) method(4285354) method(4285360) method(4285366) method(4285372) method(4285378) method(4285384) method(4285390) method(4285396) method(4285402) method(4285408) method(4285414) method(4285420) method(4285426) method(4285432) method(4285438) method(4285444) method(4285450) method(4285456) method(4285462) method(4285468) method(4285474) method(4285480) method(4285486) method(4289272) method(4289320) method(4289368) method(4289426) method(4289490) method(4289536) method(4289592) method(4289640) method(4289688) method(4289748) method(4276416) method(4281120) method(4281602) method(4289264) method(4289312) method(4289360) method(4289408) method(4289472) method(4289584) method(4289632) method(4289680) method(4289728) constructor(4313968) constructor(4314160) constructor(4314164) constructor(4266544) constructor(4266864) constructor(4267776) constructor(4268112) constructor(4268512) constructor(4268576) constructor(4273456) constructor(4274096) constructor(4274608) constructor(4275024) constructor(4275552) constructor(4277088) constructor(4277280) realDestructor(4313972) realDestructor(4314152) realDestructor(4275152) deletingDestructor(4277136) deletingDestructor(4275264) vfTable(4299072) vfTable(4299088) classCallsMethod(4268192,4313960) classCallsMethod(4267776,4313968) classCallsMethod(4268192,4313972) classCallsMethod(4277136,4314056) classCallsMethod(4275152,4314152) classCallsMethod(4275024,4314160) classCallsMethod(4275552,4314164) classCallsMethod(4266864,4267248) classCallsMethod(4271024,4267472) classCallsMethod(4270048,4267472) classCallsMethod(4267072,4267472) classCallsMethod(4266864,4267472) classCallsMethod(4266864,4267776) classCallsMethod(4267072,4268192) classCallsMethod(4267248,4268640) classCallsMethod(4271024,4268896) classCallsMethod(4270528,4268896) classCallsMethod(4270048,4268896) classCallsMethod(4269488,4268896) classCallsMethod(4268640,4268896) classCallsMethod(4267472,4268896) classCallsMethod(4271024,4269088) classCallsMethod(4270528,4269088) classCallsMethod(4270304,4269088) classCallsMethod(4269488,4269088) classCallsMethod(4268896,4269088) classCallsMethod(4268640,4269088) classCallsMethod(4268640,4269488) classCallsMethod(4273376,4269840) classCallsMethod(4270528,4269952) classCallsMethod(4269488,4269952) classCallsMethod(4269488,4270048) classCallsMethod(4268640,4270048) classCallsMethod(4268640,4270304) classCallsMethod(4270048,4270432) classCallsMethod(4269488,4270528) classCallsMethod(4271024,4270880) classCallsMethod(4270048,4270880) classCallsMethod(4270048,4271024) classCallsMethod(4273456,4274096) classCallsMethod(4273808,4274304) classCallsMethod(4275264,4275152) classCallsMethod(4299072,4314156) classCallsMethod(4299072,4275264) classCallsMethod(4299088,4277136) vfTableWrite(4277100,4277088,0,4299088) vfTableWrite(4275084,4275024,0,4299072) vfTableWrite(4275190,4275152,0,4299072) vfTableWrite(4275612,4275552,0,4299072) vfTableEntry(4299088,0,4264301) vfTableEntry(4299072,0,4264066) vfTableEntry(4299072,4,4264846) vfTableSize(4299072,8) vfTableSize(4299088,4) vftableBelongsToClass(4299072,0,4275024) vftableBelongsToClass(4299072,0,4275552) vftableBelongsToClass(4299088,0,4277088) classSizeGTE(4299072,0) classSizeGTE(4299088,0) classSizeGTE(4313904,0) classSizeGTE(4313908,0) classSizeGTE(4313912,0) classSizeGTE(4313916,0) classSizeGTE(4313920,0) classSizeGTE(4313924,0) classSizeGTE(4313928,0) classSizeGTE(4313932,0) classSizeGTE(4313936,0) classSizeGTE(4313940,0) classSizeGTE(4313944,0) classSizeGTE(4313948,0) classSizeGTE(4313960,0) classSizeGTE(4313964,0) classSizeGTE(4313968,0) classSizeGTE(4313972,0) classSizeGTE(4313976,0) classSizeGTE(4314056,0) classSizeGTE(4314152,0) classSizeGTE(4314156,0) classSizeGTE(4314160,0) classSizeGTE(4314164,0) classSizeGTE(4263941,0) classSizeGTE(4263946,0) classSizeGTE(4263951,0) classSizeGTE(4263956,0) classSizeGTE(4263961,0) classSizeGTE(4263966,0) classSizeGTE(4263971,0) classSizeGTE(4263976,0) classSizeGTE(4263981,0) classSizeGTE(4263986,0) classSizeGTE(4263991,0) classSizeGTE(4263996,0) classSizeGTE(4264001,0) classSizeGTE(4264006,0) classSizeGTE(4264011,0) classSizeGTE(4264016,0) classSizeGTE(4264021,0) classSizeGTE(4264026,0) classSizeGTE(4264031,0) classSizeGTE(4264036,0) classSizeGTE(4264041,0) classSizeGTE(4264046,0) classSizeGTE(4264051,0) classSizeGTE(4264056,0) classSizeGTE(4264061,0) classSizeGTE(4264066,0) classSizeGTE(4264071,0) classSizeGTE(4264076,0) classSizeGTE(4264081,0) classSizeGTE(4264086,0) classSizeGTE(4264091,0) classSizeGTE(4264096,0) classSizeGTE(4264101,0) classSizeGTE(4264106,0) classSizeGTE(4264111,0) classSizeGTE(4264116,0) classSizeGTE(4264121,0) classSizeGTE(4264126,0) classSizeGTE(4264131,0) classSizeGTE(4264136,0) classSizeGTE(4264141,0) classSizeGTE(4264146,0) classSizeGTE(4264151,0) classSizeGTE(4264156,0) classSizeGTE(4264161,0) classSizeGTE(4264166,0) classSizeGTE(4264171,0) classSizeGTE(4264176,0) classSizeGTE(4264181,0) classSizeGTE(4264186,0) classSizeGTE(4264191,0) classSizeGTE(4264196,0) classSizeGTE(4264206,0) classSizeGTE(4264211,0) classSizeGTE(4264216,0) classSizeGTE(4264221,0) classSizeGTE(4264226,0) classSizeGTE(4264231,0) classSizeGTE(4264236,0) classSizeGTE(4264241,0) classSizeGTE(4264246,0) classSizeGTE(4264251,0) classSizeGTE(4264256,0) classSizeGTE(4264261,0) classSizeGTE(4264266,0) classSizeGTE(4264271,0) classSizeGTE(4264276,0) classSizeGTE(4264281,0) classSizeGTE(4264286,0) classSizeGTE(4264291,0) classSizeGTE(4264296,0) classSizeGTE(4264301,0) classSizeGTE(4264306,0) classSizeGTE(4264311,0) classSizeGTE(4264316,0) classSizeGTE(4264321,0) classSizeGTE(4264326,0) classSizeGTE(4264331,0) classSizeGTE(4264336,0) classSizeGTE(4264341,0) classSizeGTE(4264346,0) classSizeGTE(4264351,0) classSizeGTE(4264356,0) classSizeGTE(4264361,0) classSizeGTE(4264366,0) classSizeGTE(4264371,0) classSizeGTE(4264376,0) classSizeGTE(4264381,0) classSizeGTE(4264386,0) classSizeGTE(4264391,0) classSizeGTE(4264396,0) classSizeGTE(4264401,0) classSizeGTE(4264406,0) classSizeGTE(4264411,0) classSizeGTE(4264416,0) classSizeGTE(4264421,0) classSizeGTE(4264426,0) classSizeGTE(4264431,0) classSizeGTE(4264436,0) classSizeGTE(4264441,0) classSizeGTE(4264446,0) classSizeGTE(4264451,0) classSizeGTE(4264456,0) classSizeGTE(4264461,0) classSizeGTE(4264466,0) classSizeGTE(4264471,0) classSizeGTE(4264476,0) classSizeGTE(4264481,0) classSizeGTE(4264486,0) classSizeGTE(4264491,0) classSizeGTE(4264496,0) classSizeGTE(4264501,0) classSizeGTE(4264506,0) classSizeGTE(4264511,0) classSizeGTE(4264516,0) classSizeGTE(4264521,0) classSizeGTE(4264526,0) classSizeGTE(4264531,0) classSizeGTE(4264536,0) classSizeGTE(4264541,0) classSizeGTE(4264546,0) classSizeGTE(4264551,0) classSizeGTE(4264556,0) classSizeGTE(4264561,0) classSizeGTE(4264566,0) classSizeGTE(4264571,0) classSizeGTE(4264576,0) classSizeGTE(4264581,0) classSizeGTE(4264586,0) classSizeGTE(4264591,0) classSizeGTE(4264596,0) classSizeGTE(4264601,0) classSizeGTE(4264606,0) classSizeGTE(4264611,0) classSizeGTE(4264616,0) classSizeGTE(4264621,0) classSizeGTE(4264626,0) classSizeGTE(4264631,0) classSizeGTE(4264636,0) classSizeGTE(4264641,0) classSizeGTE(4264646,0) classSizeGTE(4264651,0) classSizeGTE(4264656,0) classSizeGTE(4264661,0) classSizeGTE(4264666,0) classSizeGTE(4264671,0) classSizeGTE(4264676,0) classSizeGTE(4264681,0) classSizeGTE(4264686,0) classSizeGTE(4264691,0) classSizeGTE(4264696,0) classSizeGTE(4264701,0) classSizeGTE(4264706,0) classSizeGTE(4264711,0) classSizeGTE(4264716,0) classSizeGTE(4264721,0) classSizeGTE(4264726,0) classSizeGTE(4264731,0) classSizeGTE(4264736,0) classSizeGTE(4264741,0) classSizeGTE(4264746,0) classSizeGTE(4264751,0) classSizeGTE(4264756,0) classSizeGTE(4264761,0) classSizeGTE(4264766,0) classSizeGTE(4264771,0) classSizeGTE(4264776,0) classSizeGTE(4264781,0) classSizeGTE(4264786,0) classSizeGTE(4264791,0) classSizeGTE(4264796,0) classSizeGTE(4264801,0) classSizeGTE(4264806,0) classSizeGTE(4264811,0) classSizeGTE(4264816,0) classSizeGTE(4264821,0) classSizeGTE(4264826,0) classSizeGTE(4264831,0) classSizeGTE(4264836,0) classSizeGTE(4264841,0) classSizeGTE(4264846,0) classSizeGTE(4264851,0) classSizeGTE(4264856,0) classSizeGTE(4264861,0) classSizeGTE(4264866,0) classSizeGTE(4264871,0) classSizeGTE(4264876,0) classSizeGTE(4264881,0) classSizeGTE(4264886,0) classSizeGTE(4265856,0) classSizeGTE(4265984,0) classSizeGTE(4266304,0) classSizeGTE(4266544,0) classSizeGTE(4266624,0) classSizeGTE(4266704,0) classSizeGTE(4266864,0) classSizeGTE(4267072,0) classSizeGTE(4267248,0) classSizeGTE(4267392,0) classSizeGTE(4267472,0) classSizeGTE(4267680,0) classSizeGTE(4267776,0) classSizeGTE(4268112,0) classSizeGTE(4268192,0) classSizeGTE(4268512,0) classSizeGTE(4268576,0) classSizeGTE(4268640,0) classSizeGTE(4268896,0) classSizeGTE(4269024,0) classSizeGTE(4269088,0) classSizeGTE(4269200,0) classSizeGTE(4269296,0) classSizeGTE(4269392,0) classSizeGTE(4269488,0) classSizeGTE(4269776,0) classSizeGTE(4269840,0) classSizeGTE(4269952,0) classSizeGTE(4270048,0) classSizeGTE(4270304,0) classSizeGTE(4270432,0) classSizeGTE(4270528,0) classSizeGTE(4270768,0) classSizeGTE(4270880,0) classSizeGTE(4271024,0) classSizeGTE(4271584,0) classSizeGTE(4271680,0) classSizeGTE(4271792,0) classSizeGTE(4273232,0) classSizeGTE(4273312,0) classSizeGTE(4273376,0) classSizeGTE(4273456,0) classSizeGTE(4273808,0) classSizeGTE(4274016,0) classSizeGTE(4274096,0) classSizeGTE(4274304,0) classSizeGTE(4274496,0) classSizeGTE(4274608,0) classSizeGTE(4274672,0) classSizeGTE(4274768,0) classSizeGTE(4274848,0) classSizeGTE(4275024,0) classSizeGTE(4275152,0) classSizeGTE(4275264,0) classSizeGTE(4275376,0) classSizeGTE(4275552,0) classSizeGTE(4275680,0) classSizeGTE(4275952,0) classSizeGTE(4276016,0) classSizeGTE(4276064,0) classSizeGTE(4276160,0) classSizeGTE(4276224,0) classSizeGTE(4276270,0) classSizeGTE(4276276,0) classSizeGTE(4276282,0) classSizeGTE(4276288,0) classSizeGTE(4276294,0) classSizeGTE(4276300,0) classSizeGTE(4276306,0) classSizeGTE(4276312,0) classSizeGTE(4276318,0) classSizeGTE(4276324,0) classSizeGTE(4276330,0) classSizeGTE(4276336,0) classSizeGTE(4276342,0) classSizeGTE(4276348,0) classSizeGTE(4276354,0) classSizeGTE(4276360,0) classSizeGTE(4276366,0) classSizeGTE(4276372,0) classSizeGTE(4276378,0) classSizeGTE(4276384,0) classSizeGTE(4276390,0) classSizeGTE(4276396,0) classSizeGTE(4276464,0) classSizeGTE(4276592,0) classSizeGTE(4276656,0) classSizeGTE(4276928,0) classSizeGTE(4276992,0) classSizeGTE(4277016,0) classSizeGTE(4277024,0) classSizeGTE(4277042,0) classSizeGTE(4277048,0) classSizeGTE(4277054,0) classSizeGTE(4277060,0) classSizeGTE(4277066,0) classSizeGTE(4277072,0) classSizeGTE(4277088,0) classSizeGTE(4277136,0) classSizeGTE(4277280,0) classSizeGTE(4277302,0) classSizeGTE(4277308,0) classSizeGTE(4277314,0) classSizeGTE(4277320,0) classSizeGTE(4277328,0) classSizeGTE(4277504,0) classSizeGTE(4277616,0) classSizeGTE(4277648,0) classSizeGTE(4278416,0) classSizeGTE(4278432,0) classSizeGTE(4278576,0) classSizeGTE(4278688,0) classSizeGTE(4279360,0) classSizeGTE(4279536,0) classSizeGTE(4279744,0) classSizeGTE(4280064,0) classSizeGTE(4280448,0) classSizeGTE(4280592,0) classSizeGTE(4280896,0) classSizeGTE(4280912,0) classSizeGTE(4280992,0) classSizeGTE(4281040,0) classSizeGTE(4281088,0) classSizeGTE(4281104,0) classSizeGTE(4281110,0) classSizeGTE(4281472,0) classSizeGTE(4281696,0) classSizeGTE(4281872,0) classSizeGTE(4281936,0) classSizeGTE(4282064,0) classSizeGTE(4282090,0) classSizeGTE(4282096,0) classSizeGTE(4282176,0) classSizeGTE(4282226,0) classSizeGTE(4282240,0) classSizeGTE(4282256,0) classSizeGTE(4282272,0) classSizeGTE(4282320,0) classSizeGTE(4282368,0) classSizeGTE(4282579,0) classSizeGTE(4282672,0) classSizeGTE(4282708,0) classSizeGTE(4282714,0) classSizeGTE(4282720,0) classSizeGTE(4282736,0) classSizeGTE(4283016,0) classSizeGTE(4283022,0) classSizeGTE(4283028,0) classSizeGTE(4283034,0) classSizeGTE(4283040,0) classSizeGTE(4283056,0) classSizeGTE(4283184,0) classSizeGTE(4283344,0) classSizeGTE(4283686,0) classSizeGTE(4283692,0) classSizeGTE(4283698,0) classSizeGTE(4283712,0) classSizeGTE(4283776,0) classSizeGTE(4284656,0) classSizeGTE(4285270,0) classSizeGTE(4285276,0) classSizeGTE(4285282,0) classSizeGTE(4285288,0) classSizeGTE(4285294,0) classSizeGTE(4285300,0) classSizeGTE(4285306,0) classSizeGTE(4285312,0) classSizeGTE(4285318,0) classSizeGTE(4285324,0) classSizeGTE(4285330,0) classSizeGTE(4285336,0) classSizeGTE(4285342,0) classSizeGTE(4285348,0) classSizeGTE(4285354,0) classSizeGTE(4285360,0) classSizeGTE(4285366,0) classSizeGTE(4285372,0) classSizeGTE(4285378,0) classSizeGTE(4285384,0) classSizeGTE(4285390,0) classSizeGTE(4285396,0) classSizeGTE(4285402,0) classSizeGTE(4285408,0) classSizeGTE(4285414,0) classSizeGTE(4285420,0) classSizeGTE(4285426,0) classSizeGTE(4285432,0) classSizeGTE(4285438,0) classSizeGTE(4285444,0) classSizeGTE(4285450,0) classSizeGTE(4285456,0) classSizeGTE(4285462,0) classSizeGTE(4285468,0) classSizeGTE(4285474,0) classSizeGTE(4285480,0) classSizeGTE(4285486,0) classSizeGTE(4289272,0) classSizeGTE(4289320,0) classSizeGTE(4289368,0) classSizeGTE(4289426,0) classSizeGTE(4289490,0) classSizeGTE(4289536,0) classSizeGTE(4289592,0) classSizeGTE(4289640,0) classSizeGTE(4289688,0) classSizeGTE(4289748,0) classSizeGTE(4276416,0) classSizeGTE(4281120,0) classSizeGTE(4281602,0) classSizeGTE(4289264,0) classSizeGTE(4289312,0) classSizeGTE(4289360,0) classSizeGTE(4289408,0) classSizeGTE(4289472,0) classSizeGTE(4289584,0) classSizeGTE(4289632,0) classSizeGTE(4289680,0) classSizeGTE(4289728,0) classSizeGTE(4265984,4) classSizeGTE(4265984,8) classSizeGTE(4266544,4) classSizeGTE(4266544,8) classSizeGTE(4266624,4) classSizeGTE(4266624,8) classSizeGTE(4267472,28) classSizeGTE(4267472,8) classSizeGTE(4267776,4) classSizeGTE(4268112,4) classSizeGTE(4268112,8) classSizeGTE(4268192,4) classSizeGTE(4268896,24) classSizeGTE(4269088,28) classSizeGTE(4269088,8) classSizeGTE(4269776,24) classSizeGTE(4269840,28) classSizeGTE(4269840,8) classSizeGTE(4270048,28) classSizeGTE(4270048,24) classSizeGTE(4270304,24) classSizeGTE(4270528,24) classSizeGTE(4271024,28) classSizeGTE(4271024,8) classSizeGTE(4273456,5) classSizeGTE(4273808,4) classSizeGTE(4274016,5) classSizeGTE(4274096,4) classSizeGTE(4274304,4) classSizeGTE(4275024,4) classSizeGTE(4275152,4) classSizeGTE(4275552,4) classSizeGTE(4277088,4) vftableSizeTotal(12) mergeClasses(4313904,4313916) mergeClasses(4313908,4313920) mergeClasses(4313908,4313924) mergeClasses(4313920,4313924) mergeClasses(4313912,4313928) mergeClasses(4313912,4313932) mergeClasses(4313928,4313932) mergeClasses(4313936,4313940) mergeClasses(4313908,4313944) mergeClasses(4313920,4313944) mergeClasses(4313924,4313944) mergeClasses(4313912,4313948) mergeClasses(4313928,4313948) mergeClasses(4313932,4313948) mergeClasses(4313904,4313964) mergeClasses(4313916,4313964) mergeClasses(4313960,4313968) mergeClasses(4313960,4313972) mergeClasses(4313968,4313972) mergeClasses(4313904,4313976) mergeClasses(4313916,4313976) mergeClasses(4313964,4313976) mergeClasses(4314152,4314156) mergeClasses(4314152,4314160) mergeClasses(4314156,4314160) mergeClasses(4314152,4314164) mergeClasses(4314156,4314164) mergeClasses(4314160,4314164) mergeClasses(4299072,4275024) mergeClasses(4299072,4275552) mergeClasses(4299088,4277088) mergeClasses(4266544,4266624) mergeClasses(4267248,4267472) mergeClasses(4267072,4267472) mergeClasses(4266864,4267472) mergeClasses(4266864,4267248) mergeClasses(4267472,4267776) mergeClasses(4267248,4267776) mergeClasses(4266864,4267776) mergeClasses(4267472,4268192) mergeClasses(4267072,4268192) mergeClasses(4270432,4270880) mergeClasses(4267472,4270880) mergeClasses(4268896,4270880) mergeClasses(4269088,4270880) mergeClasses(4270048,4270880) mergeClasses(4267472,4270432) mergeClasses(4268896,4270432) mergeClasses(4270048,4270432) mergeClasses(4270880,4271024) mergeClasses(4270432,4271024) mergeClasses(4267472,4271024) mergeClasses(4268896,4271024) mergeClasses(4269088,4271024) mergeClasses(4270048,4271024) mergeClasses(4267472,4268896) mergeClasses(4268640,4268896) mergeClasses(4268896,4269088) mergeClasses(4267472,4269088) mergeClasses(4268640,4269088) mergeClasses(4269088,4270048) mergeClasses(4269488,4270048) mergeClasses(4268896,4270048) mergeClasses(4269952,4270048) mergeClasses(4267472,4270048) mergeClasses(4268640,4270048) mergeClasses(4267248,4268640) mergeClasses(4269392,4274608) mergeClasses(4269296,4274608) mergeClasses(4269088,4269488) mergeClasses(4268896,4269488) mergeClasses(4268640,4269488) mergeClasses(4269088,4270304) mergeClasses(4269488,4270304) mergeClasses(4270048,4270304) mergeClasses(4268896,4270304) mergeClasses(4268640,4270304) mergeClasses(4269088,4269952) mergeClasses(4268896,4269952) mergeClasses(4269488,4269952) mergeClasses(4269952,4270528) mergeClasses(4270048,4270528) mergeClasses(4269088,4270528) mergeClasses(4268896,4270528) mergeClasses(4269488,4270528) mergeClasses(4269776,4269840) mergeClasses(4269776,4273376) mergeClasses(4269840,4273376) mergeClasses(4273456,4274016) mergeClasses(4273808,4274016) mergeClasses(4273456,4273808) mergeClasses(4273456,4274096) mergeClasses(4273808,4274304) mergeClasses(4275152,4275264) mergeClasses(4275264,4299072) mergeClasses(4277136,4299088) mergeClasses(4277136,4314056) mergeClasses(4264301,4277088) mergeClasses(4264066,4275024) mergeClasses(4264066,4275152) mergeClasses(4264066,4275552) mergeClasses(4264846,4275024) mergeClasses(4264846,4275152) mergeClasses(4264846,4275552) mergeClasses(4275024,4275152) mergeClasses(4275024,4275552) mergeClasses(4275152,4275552) classRelatedMethod(4266544,4266624) classRelatedMethod(4266624,4266544) classRelatedMethod(4267776,4267472) classRelatedMethod(4267776,4267248) classRelatedMethod(4267472,4267776) classRelatedMethod(4267472,4267248) classRelatedMethod(4267248,4267776) classRelatedMethod(4267248,4267472) classRelatedMethod(4267472,4268192) classRelatedMethod(4268192,4267472) classRelatedMethod(4274608,4269392) classRelatedMethod(4269392,4274608) classRelatedMethod(4274608,4269296) classRelatedMethod(4313960,4313972) classRelatedMethod(4269296,4274608) classRelatedMethod(4313972,4313960) classRelatedMethod(4270304,4269088) classRelatedMethod(4270304,4269488) classRelatedMethod(4270304,4270048) classRelatedMethod(4270304,4268896) classRelatedMethod(4269088,4270304) classRelatedMethod(4269088,4269488) classRelatedMethod(4269088,4270048) classRelatedMethod(4269088,4268896) classRelatedMethod(4269488,4270304) classRelatedMethod(4269488,4269088) classRelatedMethod(4269488,4270048) classRelatedMethod(4269488,4268896) classRelatedMethod(4270048,4270304) classRelatedMethod(4270048,4269088) classRelatedMethod(4270048,4269488) classRelatedMethod(4270048,4268896) classRelatedMethod(4268896,4270304) classRelatedMethod(4268896,4269088) classRelatedMethod(4268896,4269488) classRelatedMethod(4268896,4270048) classRelatedMethod(4269776,4269840) classRelatedMethod(4269952,4270528) classRelatedMethod(4269952,4270048) classRelatedMethod(4269952,4269088) classRelatedMethod(4269952,4268896) classRelatedMethod(4270528,4269952) classRelatedMethod(4270528,4270048) classRelatedMethod(4270528,4269088) classRelatedMethod(4270528,4268896) classRelatedMethod(4270048,4269952) classRelatedMethod(4270048,4270528) classRelatedMethod(4269840,4269776) classRelatedMethod(4269088,4269952) classRelatedMethod(4269088,4270528) classRelatedMethod(4268896,4269952) classRelatedMethod(4268896,4270528) classRelatedMethod(4270880,4270432) classRelatedMethod(4270880,4271024) classRelatedMethod(4270880,4267472) classRelatedMethod(4270880,4268896) classRelatedMethod(4270432,4270880) classRelatedMethod(4270432,4271024) classRelatedMethod(4270432,4267472) classRelatedMethod(4270432,4268896) classRelatedMethod(4271024,4270880) classRelatedMethod(4271024,4270432) classRelatedMethod(4271024,4267472) classRelatedMethod(4271024,4268896) classRelatedMethod(4267472,4270880) classRelatedMethod(4267472,4270432) classRelatedMethod(4267472,4271024) classRelatedMethod(4267472,4268896) classRelatedMethod(4268896,4270880) classRelatedMethod(4268896,4270432) classRelatedMethod(4268896,4271024) classRelatedMethod(4268896,4267472) classRelatedMethod(4270880,4269088) classRelatedMethod(4269088,4270880) classRelatedMethod(4269088,4267472) classRelatedMethod(4267472,4269088) classRelatedMethod(4269776,4273376) classRelatedMethod(4313920,4313924) classRelatedMethod(4313920,4313928) classRelatedMethod(4313920,4313932) classRelatedMethod(4313920,4313944) classRelatedMethod(4313920,4313948) classRelatedMethod(4273456,4274016) classRelatedMethod(4273456,4273808) classRelatedMethod(4274016,4273456) classRelatedMethod(4274016,4273808) classRelatedMethod(4313924,4313920) classRelatedMethod(4313924,4313928) classRelatedMethod(4313924,4313932) classRelatedMethod(4313924,4313944) classRelatedMethod(4313924,4313948) classRelatedMethod(4313928,4313920) classRelatedMethod(4313928,4313924) classRelatedMethod(4313928,4313932) classRelatedMethod(4313928,4313944) classRelatedMethod(4313928,4313948) classRelatedMethod(4313932,4313920) classRelatedMethod(4313932,4313924) classRelatedMethod(4313932,4313928) classRelatedMethod(4313932,4313944) classRelatedMethod(4313932,4313948) classRelatedMethod(4273376,4269776) classRelatedMethod(4313944,4313920) classRelatedMethod(4313944,4313924) classRelatedMethod(4313944,4313928) classRelatedMethod(4313944,4313932) classRelatedMethod(4313944,4313948) classRelatedMethod(4313948,4313920) classRelatedMethod(4313948,4313924) classRelatedMethod(4313948,4313928) classRelatedMethod(4313948,4313932) classRelatedMethod(4313948,4313944) classRelatedMethod(4273808,4273456) classRelatedMethod(4273808,4274016) classRelatedMethod(4313908,4313912) classRelatedMethod(4313912,4313908) classRelatedMethod(4313960,4268192) classRelatedMethod(4313968,4267776) classRelatedMethod(4313972,4268192) classRelatedMethod(4314056,4277136) classRelatedMethod(4314152,4275152) classRelatedMethod(4314160,4275024) classRelatedMethod(4314164,4275552) classRelatedMethod(4267248,4266864) classRelatedMethod(4267472,4270048) classRelatedMethod(4267472,4267072) classRelatedMethod(4267472,4266864) classRelatedMethod(4267776,4266864) classRelatedMethod(4268192,4267072) classRelatedMethod(4268640,4267248) classRelatedMethod(4268896,4268640) classRelatedMethod(4269088,4271024) classRelatedMethod(4269088,4268640) classRelatedMethod(4269488,4268640) classRelatedMethod(4269840,4273376) classRelatedMethod(4269952,4269488) classRelatedMethod(4270048,4268640) classRelatedMethod(4270304,4268640) classRelatedMethod(4270432,4270048) classRelatedMethod(4270528,4269488) classRelatedMethod(4270880,4270048) classRelatedMethod(4271024,4270048) classRelatedMethod(4274096,4273456) classRelatedMethod(4274304,4273808) classRelatedMethod(4275152,4275264) classRelatedMethod(4314156,4299072) classRelatedMethod(4275264,4299072) classRelatedMethod(4277136,4299088) classRelatedMethod(4268192,4313960) classRelatedMethod(4267776,4313968) classRelatedMethod(4268192,4313972) classRelatedMethod(4277136,4314056) classRelatedMethod(4275152,4314152) classRelatedMethod(4275024,4314160) classRelatedMethod(4275552,4314164) classRelatedMethod(4266864,4267248) classRelatedMethod(4270048,4267472) classRelatedMethod(4267072,4267472) classRelatedMethod(4266864,4267472) classRelatedMethod(4266864,4267776) classRelatedMethod(4267072,4268192) classRelatedMethod(4267248,4268640) classRelatedMethod(4268640,4268896) classRelatedMethod(4271024,4269088) classRelatedMethod(4268640,4269088) classRelatedMethod(4268640,4269488) classRelatedMethod(4273376,4269840) classRelatedMethod(4269488,4269952) classRelatedMethod(4268640,4270048) classRelatedMethod(4268640,4270304) classRelatedMethod(4270048,4270432) classRelatedMethod(4269488,4270528) classRelatedMethod(4270048,4270880) classRelatedMethod(4270048,4271024) classRelatedMethod(4273456,4274096) classRelatedMethod(4273808,4274304) classRelatedMethod(4275264,4275152) classRelatedMethod(4299072,4314156) classRelatedMethod(4299072,4275264) classRelatedMethod(4299088,4277136)
Optimization: -12 -5684

% Equivalence classes (381 classes, 431 entities):
%   {4263941}
%   {4263946}
%   {4263951}
%   {4263956}
%   {4263961}
%   {4263966}
%   {4263971}
%   {4263976}
%   {4263981}
%   {4263986}
%   {4263991}
%   {4263996}
%   {4264001}
%   {4264006}
%   {4264011}
%   {4264016}
%   {4264021}
%   {4264026}
%   {4264031}
%   {4264036}
%   {4264041}
%   {4264046}
%   {4264051}
%   {4264056}
%   {4264061}
%   {4264066, 4264846, 4275024, 4275152, 4275264, 4275552, 4299072}
%   {4264071}
%   {4264076}
%   {4264081}
%   {4264086}
%   {4264091}
%   {4264096}
%   {4264101}
%   {4264106}
%   {4264111}
%   {4264116}
%   {4264121}
%   {4264126}
%   {4264131}
%   {4264136}
%   {4264141}
%   {4264146}
%   {4264151}
%   {4264156}
%   {4264161}
%   {4264166}
%   {4264171}
%   {4264176}
%   {4264181}
%   {4264186}
%   {4264191}
%   {4264196}
%   {4264206}
%   {4264211}
%   {4264216}
%   {4264221}
%   {4264226}
%   {4264231}
%   {4264236}
%   {4264241}
%   {4264246}
%   {4264251}
%   {4264256}
%   {4264261}
%   {4264266}
%   {4264271}
%   {4264276}
%   {4264281}
%   {4264286}
%   {4264291}
%   {4264296}
%   {4264301, 4277088, 4277136, 4299088, 4314056}
%   {4264306}
%   {4264311}
%   {4264316}
%   {4264321}
%   {4264326}
%   {4264331}
%   {4264336}
%   {4264341}
%   {4264346}
%   {4264351}
%   {4264356}
%   {4264361}
%   {4264366}
%   {4264371}
%   {4264376}
%   {4264381}
%   {4264386}
%   {4264391}
%   {4264396}
%   {4264401}
%   {4264406}
%   {4264411}
%   {4264416}
%   {4264421}
%   {4264426}
%   {4264431}
%   {4264436}
%   {4264441}
%   {4264446}
%   {4264451}
%   {4264456}
%   {4264461}
%   {4264466}
%   {4264471}
%   {4264476}
%   {4264481}
%   {4264486}
%   {4264491}
%   {4264496}
%   {4264501}
%   {4264506}
%   {4264511}
%   {4264516}
%   {4264521}
%   {4264526}
%   {4264531}
%   {4264536}
%   {4264541}
%   {4264546}
%   {4264551}
%   {4264556}
%   {4264561}
%   {4264566}
%   {4264571}
%   {4264576}
%   {4264581}
%   {4264586}
%   {4264591}
%   {4264596}
%   {4264601}
%   {4264606}
%   {4264611}
%   {4264616}
%   {4264621}
%   {4264626}
%   {4264631}
%   {4264636}
%   {4264641}
%   {4264646}
%   {4264651}
%   {4264656}
%   {4264661}
%   {4264666}
%   {4264671}
%   {4264676}
%   {4264681}
%   {4264686}
%   {4264691}
%   {4264696}
%   {4264701}
%   {4264706}
%   {4264711}
%   {4264716}
%   {4264721}
%   {4264726}
%   {4264731}
%   {4264736}
%   {4264741}
%   {4264746}
%   {4264751}
%   {4264756}
%   {4264761}
%   {4264766}
%   {4264771}
%   {4264776}
%   {4264781}
%   {4264786}
%   {4264791}
%   {4264796}
%   {4264801}
%   {4264806}
%   {4264811}
%   {4264816}
%   {4264821}
%   {4264826}
%   {4264831}
%   {4264836}
%   {4264841}
%   {4264851}
%   {4264856}
%   {4264861}
%   {4264866}
%   {4264871}
%   {4264876}
%   {4264881}
%   {4264886}
%   {4265856}
%   {4265984}
%   {4266304}
%   {4266544, 4266624}
%   {4266704}
%   {4266864, 4267072, 4267248, 4267472, 4267776, 4268192, 4268640, 4268896, 4269088, 4269488, 4269952, 4270048, 4270304, 4270432, 4270528, 4270880, 4271024}
%   {4267392}
%   {4267680}
%   {4268112}
%   {4268512}
%   {4268576}
%   {4269024}
%   {4269200}
%   {4269296, 4269392, 4274608}
%   {4269776, 4269840, 4273376}
%   {4270768}
%   {4271584}
%   {4271680}
%   {4271792}
%   {4273232}
%   {4273312}
%   {4273456, 4273808, 4274016, 4274096, 4274304}
%   {4274496}
%   {4274672}
%   {4274768}
%   {4274848}
%   {4275376}
%   {4275680}
%   {4275952}
%   {4276016}
%   {4276064}
%   {4276160}
%   {4276224}
%   {4276270}
%   {4276276}
%   {4276282}
%   {4276288}
%   {4276294}
%   {4276300}
%   {4276306}
%   {4276312}
%   {4276318}
%   {4276324}
%   {4276330}
%   {4276336}
%   {4276342}
%   {4276348}
%   {4276354}
%   {4276360}
%   {4276366}
%   {4276372}
%   {4276378}
%   {4276384}
%   {4276390}
%   {4276396}
%   {4276416}
%   {4276464}
%   {4276592}
%   {4276656}
%   {4276928}
%   {4276992}
%   {4277016}
%   {4277024}
%   {4277042}
%   {4277048}
%   {4277054}
%   {4277060}
%   {4277066}
%   {4277072}
%   {4277280}
%   {4277302}
%   {4277308}
%   {4277314}
%   {4277320}
%   {4277328}
%   {4277504}
%   {4277616}
%   {4277648}
%   {4278416}
%   {4278432}
%   {4278576}
%   {4278688}
%   {4279360}
%   {4279536}
%   {4279744}
%   {4280064}
%   {4280448}
%   {4280592}
%   {4280896}
%   {4280912}
%   {4280992}
%   {4281040}
%   {4281088}
%   {4281104}
%   {4281110}
%   {4281120}
%   {4281472}
%   {4281602}
%   {4281696}
%   {4281872}
%   {4281936}
%   {4282064}
%   {4282090}
%   {4282096}
%   {4282176}
%   {4282226}
%   {4282240}
%   {4282256}
%   {4282272}
%   {4282320}
%   {4282368}
%   {4282579}
%   {4282672}
%   {4282708}
%   {4282714}
%   {4282720}
%   {4282736}
%   {4283016}
%   {4283022}
%   {4283028}
%   {4283034}
%   {4283040}
%   {4283056}
%   {4283184}
%   {4283344}
%   {4283686}
%   {4283692}
%   {4283698}
%   {4283712}
%   {4283776}
%   {4284656}
%   {4285270}
%   {4285276}
%   {4285282}
%   {4285288}
%   {4285294}
%   {4285300}
%   {4285306}
%   {4285312}
%   {4285318}
%   {4285324}
%   {4285330}
%   {4285336}
%   {4285342}
%   {4285348}
%   {4285354}
%   {4285360}
%   {4285366}
%   {4285372}
%   {4285378}
%   {4285384}
%   {4285390}
%   {4285396}
%   {4285402}
%   {4285408}
%   {4285414}
%   {4285420}
%   {4285426}
%   {4285432}
%   {4285438}
%   {4285444}
%   {4285450}
%   {4285456}
%   {4285462}
%   {4285468}
%   {4285474}
%   {4285480}
%   {4285486}
%   {4289264}
%   {4289272}
%   {4289312}
%   {4289320}
%   {4289360}
%   {4289368}
%   {4289408}
%   {4289426}
%   {4289472}
%   {4289490}
%   {4289536}
%   {4289584}
%   {4289592}
%   {4289632}
%   {4289640}
%   {4289680}
%   {4289688}
%   {4289728}
%   {4289748}
%   {4313904, 4313916, 4313964, 4313976}
%   {4313908, 4313920, 4313924, 4313944}
%   {4313912, 4313928, 4313932, 4313948}
%   {4313936, 4313940}
%   {4313960, 4313968, 4313972}
%   {4314152, 4314156, 4314160, 4314164}

% Selected guesses:
%   [method]
%     guessMethodReward: 429/429
%       guessMethodReward(4263941) guessMethodReward(4263946)
%       guessMethodReward(4263951) guessMethodReward(4263956)
%       guessMethodReward(4263961) guessMethodReward(4263966)
%       guessMethodReward(4263971) guessMethodReward(4263976)
%       guessMethodReward(4263981) guessMethodReward(4263986)
%       guessMethodReward(4263991) guessMethodReward(4263996)
%       guessMethodReward(4264001) guessMethodReward(4264006)
%       guessMethodReward(4264011) guessMethodReward(4264016)
%       guessMethodReward(4264021) guessMethodReward(4264026)
%       guessMethodReward(4264031) guessMethodReward(4264036)
%       guessMethodReward(4264041) guessMethodReward(4264046)
%       guessMethodReward(4264051) guessMethodReward(4264056)
%       guessMethodReward(4264061) guessMethodReward(4264066)
%       guessMethodReward(4264071) guessMethodReward(4264076)
%       guessMethodReward(4264081) guessMethodReward(4264086)
%       guessMethodReward(4264091) guessMethodReward(4264096)
%       guessMethodReward(4264101) guessMethodReward(4264106)
%       guessMethodReward(4264111) guessMethodReward(4264116)
%       guessMethodReward(4264121) guessMethodReward(4264126)
%       guessMethodReward(4264131) guessMethodReward(4264136)
%       guessMethodReward(4264141) guessMethodReward(4264146)
%       guessMethodReward(4264151) guessMethodReward(4264156)
%       guessMethodReward(4264161) guessMethodReward(4264166)
%       guessMethodReward(4264171) guessMethodReward(4264176)
%       guessMethodReward(4264181) guessMethodReward(4264186)
%       guessMethodReward(4264191) guessMethodReward(4264196)
%       guessMethodReward(4264206) guessMethodReward(4264211)
%       guessMethodReward(4264216) guessMethodReward(4264221)
%       guessMethodReward(4264226) guessMethodReward(4264231)
%       guessMethodReward(4264236) guessMethodReward(4264241)
%       guessMethodReward(4264246) guessMethodReward(4264251)
%       guessMethodReward(4264256) guessMethodReward(4264261)
%       guessMethodReward(4264266) guessMethodReward(4264271)
%       guessMethodReward(4264276) guessMethodReward(4264281)
%       guessMethodReward(4264286) guessMethodReward(4264291)
%       guessMethodReward(4264296) guessMethodReward(4264301)
%       guessMethodReward(4264306) guessMethodReward(4264311)
%       guessMethodReward(4264316) guessMethodReward(4264321)
%       guessMethodReward(4264326) guessMethodReward(4264331)
%       guessMethodReward(4264336) guessMethodReward(4264341)
%       guessMethodReward(4264346) guessMethodReward(4264351)
%       guessMethodReward(4264356) guessMethodReward(4264361)
%       guessMethodReward(4264366) guessMethodReward(4264371)
%       guessMethodReward(4264376) guessMethodReward(4264381)
%       guessMethodReward(4264386) guessMethodReward(4264391)
%       guessMethodReward(4264396) guessMethodReward(4264401)
%       guessMethodReward(4264406) guessMethodReward(4264411)
%       guessMethodReward(4264416) guessMethodReward(4264421)
%       guessMethodReward(4264426) guessMethodReward(4264431)
%       guessMethodReward(4264436) guessMethodReward(4264441)
%       guessMethodReward(4264446) guessMethodReward(4264451)
%       guessMethodReward(4264456) guessMethodReward(4264461)
%       guessMethodReward(4264466) guessMethodReward(4264471)
%       guessMethodReward(4264476) guessMethodReward(4264481)
%       guessMethodReward(4264486) guessMethodReward(4264491)
%       guessMethodReward(4264496) guessMethodReward(4264501)
%       guessMethodReward(4264506) guessMethodReward(4264511)
%       guessMethodReward(4264516) guessMethodReward(4264521)
%       guessMethodReward(4264526) guessMethodReward(4264531)
%       guessMethodReward(4264536) guessMethodReward(4264541)
%       guessMethodReward(4264546) guessMethodReward(4264551)
%       guessMethodReward(4264556) guessMethodReward(4264561)
%       guessMethodReward(4264566) guessMethodReward(4264571)
%       guessMethodReward(4264576) guessMethodReward(4264581)
%       guessMethodReward(4264586) guessMethodReward(4264591)
%       guessMethodReward(4264596) guessMethodReward(4264601)
%       guessMethodReward(4264606) guessMethodReward(4264611)
%       guessMethodReward(4264616) guessMethodReward(4264621)
%       guessMethodReward(4264626) guessMethodReward(4264631)
%       guessMethodReward(4264636) guessMethodReward(4264641)
%       guessMethodReward(4264646) guessMethodReward(4264651)
%       guessMethodReward(4264656) guessMethodReward(4264661)
%       guessMethodReward(4264666) guessMethodReward(4264671)
%       guessMethodReward(4264676) guessMethodReward(4264681)
%       guessMethodReward(4264686) guessMethodReward(4264691)
%       guessMethodReward(4264696) guessMethodReward(4264701)
%       guessMethodReward(4264706) guessMethodReward(4264711)
%       guessMethodReward(4264716) guessMethodReward(4264721)
%       guessMethodReward(4264726) guessMethodReward(4264731)
%       guessMethodReward(4264736) guessMethodReward(4264741)
%       guessMethodReward(4264746) guessMethodReward(4264751)
%       guessMethodReward(4264756) guessMethodReward(4264761)
%       guessMethodReward(4264766) guessMethodReward(4264771)
%       guessMethodReward(4264776) guessMethodReward(4264781)
%       guessMethodReward(4264786) guessMethodReward(4264791)
%       guessMethodReward(4264796) guessMethodReward(4264801)
%       guessMethodReward(4264806) guessMethodReward(4264811)
%       guessMethodReward(4264816) guessMethodReward(4264821)
%       guessMethodReward(4264826) guessMethodReward(4264831)
%       guessMethodReward(4264836) guessMethodReward(4264841)
%       guessMethodReward(4264846) guessMethodReward(4264851)
%       guessMethodReward(4264856) guessMethodReward(4264861)
%       guessMethodReward(4264866) guessMethodReward(4264871)
%       guessMethodReward(4264876) guessMethodReward(4264881)
%       guessMethodReward(4264886) guessMethodReward(4265856)
%       guessMethodReward(4265984) guessMethodReward(4266304)
%       guessMethodReward(4266544) guessMethodReward(4266624)
%       guessMethodReward(4266704) guessMethodReward(4266864)
%       guessMethodReward(4267072) guessMethodReward(4267248)
%       guessMethodReward(4267392) guessMethodReward(4267472)
%       guessMethodReward(4267680) guessMethodReward(4267776)
%       guessMethodReward(4268112) guessMethodReward(4268192)
%       guessMethodReward(4268512) guessMethodReward(4268576)
%       guessMethodReward(4268640) guessMethodReward(4268896)
%       guessMethodReward(4269024) guessMethodReward(4269088)
%       guessMethodReward(4269200) guessMethodReward(4269296)
%       guessMethodReward(4269392) guessMethodReward(4269488)
%       guessMethodReward(4269776) guessMethodReward(4269840)
%       guessMethodReward(4269952) guessMethodReward(4270048)
%       guessMethodReward(4270304) guessMethodReward(4270432)
%       guessMethodReward(4270528) guessMethodReward(4270768)
%       guessMethodReward(4270880) guessMethodReward(4271024)
%       guessMethodReward(4271584) guessMethodReward(4271680)
%       guessMethodReward(4271792) guessMethodReward(4273232)
%       guessMethodReward(4273312) guessMethodReward(4273376)
%       guessMethodReward(4273456) guessMethodReward(4273808)
%       guessMethodReward(4274016) guessMethodReward(4274096)
%       guessMethodReward(4274304) guessMethodReward(4274496)
%       guessMethodReward(4274608) guessMethodReward(4274672)
%       guessMethodReward(4274768) guessMethodReward(4274848)
%       guessMethodReward(4275024) guessMethodReward(4275152)
%       guessMethodReward(4275264) guessMethodReward(4275376)
%       guessMethodReward(4275552) guessMethodReward(4275680)
%       guessMethodReward(4275952) guessMethodReward(4276016)
%       guessMethodReward(4276064) guessMethodReward(4276160)
%       guessMethodReward(4276224) guessMethodReward(4276270)
%       guessMethodReward(4276276) guessMethodReward(4276282)
%       guessMethodReward(4276288) guessMethodReward(4276294)
%       guessMethodReward(4276300) guessMethodReward(4276306)
%       guessMethodReward(4276312) guessMethodReward(4276318)
%       guessMethodReward(4276324) guessMethodReward(4276330)
%       guessMethodReward(4276336) guessMethodReward(4276342)
%       guessMethodReward(4276348) guessMethodReward(4276354)
%       guessMethodReward(4276360) guessMethodReward(4276366)
%       guessMethodReward(4276372) guessMethodReward(4276378)
%       guessMethodReward(4276384) guessMethodReward(4276390)
%       guessMethodReward(4276396) guessMethodReward(4276416)
%       guessMethodReward(4276464) guessMethodReward(4276592)
%       guessMethodReward(4276656) guessMethodReward(4276928)
%       guessMethodReward(4276992) guessMethodReward(4277016)
%       guessMethodReward(4277024) guessMethodReward(4277042)
%       guessMethodReward(4277048) guessMethodReward(4277054)
%       guessMethodReward(4277060) guessMethodReward(4277066)
%       guessMethodReward(4277072) guessMethodReward(4277088)
%       guessMethodReward(4277136) guessMethodReward(4277280)
%       guessMethodReward(4277302) guessMethodReward(4277308)
%       guessMethodReward(4277314) guessMethodReward(4277320)
%       guessMethodReward(4277328) guessMethodReward(4277504)
%       guessMethodReward(4277616) guessMethodReward(4277648)
%       guessMethodReward(4278416) guessMethodReward(4278432)
%       guessMethodReward(4278576) guessMethodReward(4278688)
%       guessMethodReward(4279360) guessMethodReward(4279536)
%       guessMethodReward(4279744) guessMethodReward(4280064)
%       guessMethodReward(4280448) guessMethodReward(4280592)
%       guessMethodReward(4280896) guessMethodReward(4280912)
%       guessMethodReward(4280992) guessMethodReward(4281040)
%       guessMethodReward(4281088) guessMethodReward(4281104)
%       guessMethodReward(4281110) guessMethodReward(4281120)
%       guessMethodReward(4281472) guessMethodReward(4281602)
%       guessMethodReward(4281696) guessMethodReward(4281872)
%       guessMethodReward(4281936) guessMethodReward(4282064)
%       guessMethodReward(4282090) guessMethodReward(4282096)
%       guessMethodReward(4282176) guessMethodReward(4282226)
%       guessMethodReward(4282240) guessMethodReward(4282256)
%       guessMethodReward(4282272) guessMethodReward(4282320)
%       guessMethodReward(4282368) guessMethodReward(4282579)
%       guessMethodReward(4282672) guessMethodReward(4282708)
%       guessMethodReward(4282714) guessMethodReward(4282720)
%       guessMethodReward(4282736) guessMethodReward(4283016)
%       guessMethodReward(4283022) guessMethodReward(4283028)
%       guessMethodReward(4283034) guessMethodReward(4283040)
%       guessMethodReward(4283056) guessMethodReward(4283184)
%       guessMethodReward(4283344) guessMethodReward(4283686)
%       guessMethodReward(4283692) guessMethodReward(4283698)
%       guessMethodReward(4283712) guessMethodReward(4283776)
%       guessMethodReward(4284656) guessMethodReward(4285270)
%       guessMethodReward(4285276) guessMethodReward(4285282)
%       guessMethodReward(4285288) guessMethodReward(4285294)
%       guessMethodReward(4285300) guessMethodReward(4285306)
%       guessMethodReward(4285312) guessMethodReward(4285318)
%       guessMethodReward(4285324) guessMethodReward(4285330)
%       guessMethodReward(4285336) guessMethodReward(4285342)
%       guessMethodReward(4285348) guessMethodReward(4285354)
%       guessMethodReward(4285360) guessMethodReward(4285366)
%       guessMethodReward(4285372) guessMethodReward(4285378)
%       guessMethodReward(4285384) guessMethodReward(4285390)
%       guessMethodReward(4285396) guessMethodReward(4285402)
%       guessMethodReward(4285408) guessMethodReward(4285414)
%       guessMethodReward(4285420) guessMethodReward(4285426)
%       guessMethodReward(4285432) guessMethodReward(4285438)
%       guessMethodReward(4285444) guessMethodReward(4285450)
%       guessMethodReward(4285456) guessMethodReward(4285462)
%       guessMethodReward(4285468) guessMethodReward(4285474)
%       guessMethodReward(4285480) guessMethodReward(4285486)
%       guessMethodReward(4289264) guessMethodReward(4289272)
%       guessMethodReward(4289312) guessMethodReward(4289320)
%       guessMethodReward(4289360) guessMethodReward(4289368)
%       guessMethodReward(4289408) guessMethodReward(4289426)
%       guessMethodReward(4289472) guessMethodReward(4289490)
%       guessMethodReward(4289536) guessMethodReward(4289584)
%       guessMethodReward(4289592) guessMethodReward(4289632)
%       guessMethodReward(4289640) guessMethodReward(4289680)
%       guessMethodReward(4289688) guessMethodReward(4289728)
%       guessMethodReward(4289748) guessMethodReward(4313904)
%       guessMethodReward(4313908) guessMethodReward(4313912)
%       guessMethodReward(4313916) guessMethodReward(4313920)
%       guessMethodReward(4313924) guessMethodReward(4313928)
%       guessMethodReward(4313932) guessMethodReward(4313936)
%       guessMethodReward(4313940) guessMethodReward(4313944)
%       guessMethodReward(4313948) guessMethodReward(4313960)
%       guessMethodReward(4313964) guessMethodReward(4313968)
%       guessMethodReward(4313972) guessMethodReward(4313976)
%       guessMethodReward(4314056) guessMethodReward(4314152)
%       guessMethodReward(4314156) guessMethodReward(4314160)
%       guessMethodReward(4314164)
%     ~guessMethodReward: 0/429
%   [constructor]
%     guessConstructor1Reward: 3/3
%       guessConstructor1Reward(4275024) guessConstructor1Reward(4275552)
%       guessConstructor1Reward(4277088)
%     ~guessConstructor1Reward: 0/3
%     guessConstructor2Reward: 0/0
%     ~guessConstructor2Reward: 0/0
%     guessConstructor3Reward: 13/14
%       guessConstructor3Reward(4266544) guessConstructor3Reward(4266864)
%       guessConstructor3Reward(4267776) guessConstructor3Reward(4268112)
%       guessConstructor3Reward(4268512) guessConstructor3Reward(4268576)
%       guessConstructor3Reward(4273456) guessConstructor3Reward(4274096)
%       guessConstructor3Reward(4274608) guessConstructor3Reward(4277280)
%       guessConstructor3Reward(4313968) guessConstructor3Reward(4314160)
%       guessConstructor3Reward(4314164)
%     ~guessConstructor3Reward: 1/14
%       guessConstructor3Domain(4268640)
%     guessConstructor4Reward: 0/0
%     ~guessConstructor4Reward: 0/0
%   [merge]
%     strongMergeReward: 10/10
%       strongMergeReward(4264066,4275024) strongMergeReward(4264066,4275152)
%       strongMergeReward(4264066,4275552) strongMergeReward(4264301,4277088)
%       strongMergeReward(4264846,4275024) strongMergeReward(4264846,4275152)
%       strongMergeReward(4264846,4275552) strongMergeReward(4275024,4275152)
%       strongMergeReward(4275024,4275552) strongMergeReward(4275152,4275552)
%     ~strongMergeReward: 0/10
%     weakMergeReward: 73/90
%       weakMergeReward(4266544,4266624) weakMergeReward(4266864,4267248)
%       weakMergeReward(4266864,4267472) weakMergeReward(4266864,4267776)
%       weakMergeReward(4267072,4267472) weakMergeReward(4267072,4268192)
%       weakMergeReward(4267248,4267472) weakMergeReward(4267248,4267776)
%       weakMergeReward(4267248,4268640) weakMergeReward(4267472,4267776)
%       weakMergeReward(4267472,4268192) weakMergeReward(4267472,4268896)
%       weakMergeReward(4267472,4269088) weakMergeReward(4267472,4270048)
%       weakMergeReward(4267472,4270432) weakMergeReward(4267472,4270880)
%       weakMergeReward(4267472,4271024) weakMergeReward(4268640,4268896)
%       weakMergeReward(4268640,4269088) weakMergeReward(4268640,4269488)
%       weakMergeReward(4268640,4270048) weakMergeReward(4268640,4270304)
%       weakMergeReward(4268896,4269088) weakMergeReward(4268896,4269488)
%       weakMergeReward(4268896,4269952) weakMergeReward(4268896,4270048)
%       weakMergeReward(4268896,4270304) weakMergeReward(4268896,4270432)
%       weakMergeReward(4268896,4270528) weakMergeReward(4268896,4270880)
%       weakMergeReward(4268896,4271024) weakMergeReward(4269088,4269488)
%       weakMergeReward(4269088,4269952) weakMergeReward(4269088,4270048)
%       weakMergeReward(4269088,4270304) weakMergeReward(4269088,4270528)
%       weakMergeReward(4269088,4270880) weakMergeReward(4269088,4271024)
%       weakMergeReward(4269296,4274608) weakMergeReward(4269392,4274608)
%       weakMergeReward(4269488,4269952) weakMergeReward(4269488,4270048)
%       weakMergeReward(4269488,4270304) weakMergeReward(4269488,4270528)
%       weakMergeReward(4269776,4269840) weakMergeReward(4269776,4273376)
%       weakMergeReward(4269840,4273376) weakMergeReward(4269952,4270048)
%       weakMergeReward(4269952,4270528) weakMergeReward(4270048,4270304)
%       weakMergeReward(4270048,4270432) weakMergeReward(4270048,4270528)
%       weakMergeReward(4270048,4270880) weakMergeReward(4270048,4271024)
%       weakMergeReward(4270432,4270880) weakMergeReward(4270432,4271024)
%       weakMergeReward(4270880,4271024) weakMergeReward(4273456,4273808)
%       weakMergeReward(4273456,4274016) weakMergeReward(4273456,4274096)
%       weakMergeReward(4273808,4274016) weakMergeReward(4273808,4274304)
%       weakMergeReward(4275152,4275264) weakMergeReward(4275264,4299072)
%       weakMergeReward(4277136,4299088) weakMergeReward(4277136,4314056)
%       weakMergeReward(4313920,4313924) weakMergeReward(4313920,4313944)
%       weakMergeReward(4313924,4313944) weakMergeReward(4313928,4313932)
%       weakMergeReward(4313928,4313948) weakMergeReward(4313932,4313948)
%       weakMergeReward(4313960,4313972)
%     ~weakMergeReward: 17/90
%       weakMergeCandidate(4267776,4313968) weakMergeCandidate(4268192,4313960)
%       weakMergeCandidate(4268192,4313972) weakMergeCandidate(4275024,4314160)
%       weakMergeCandidate(4275152,4314152) weakMergeCandidate(4275552,4314164)
%       weakMergeCandidate(4299072,4314156) weakMergeCandidate(4313908,4313912)
%       weakMergeCandidate(4313920,4313928) weakMergeCandidate(4313920,4313932)
%       weakMergeCandidate(4313920,4313948) weakMergeCandidate(4313924,4313928)
%       weakMergeCandidate(4313924,4313932) weakMergeCandidate(4313924,4313948)
%       weakMergeCandidate(4313928,4313944) weakMergeCandidate(4313932,4313944)
%       weakMergeCandidate(4313944,4313948)
%     weakG1Bonus: 64/90
%       weakG1Bonus(4266544,4266624) weakG1Bonus(4266864,4267248)
%       weakG1Bonus(4266864,4267472) weakG1Bonus(4266864,4267776)
%       weakG1Bonus(4267072,4267472) weakG1Bonus(4267072,4268192)
%       weakG1Bonus(4267248,4267472) weakG1Bonus(4267248,4267776)
%       weakG1Bonus(4267248,4268640) weakG1Bonus(4267472,4267776)
%       weakG1Bonus(4267472,4268192) weakG1Bonus(4267472,4268896)
%       weakG1Bonus(4267472,4269088) weakG1Bonus(4267472,4270048)
%       weakG1Bonus(4267472,4270432) weakG1Bonus(4267472,4270880)
%       weakG1Bonus(4267472,4271024) weakG1Bonus(4268640,4268896)
%       weakG1Bonus(4268640,4269088) weakG1Bonus(4268640,4269488)
%       weakG1Bonus(4268640,4270048) weakG1Bonus(4268640,4270304)
%       weakG1Bonus(4268896,4269088) weakG1Bonus(4268896,4269488)
%       weakG1Bonus(4268896,4269952) weakG1Bonus(4268896,4270048)
%       weakG1Bonus(4268896,4270304) weakG1Bonus(4268896,4270432)
%       weakG1Bonus(4268896,4270528) weakG1Bonus(4268896,4270880)
%       weakG1Bonus(4268896,4271024) weakG1Bonus(4269088,4269488)
%       weakG1Bonus(4269088,4269952) weakG1Bonus(4269088,4270048)
%       weakG1Bonus(4269088,4270304) weakG1Bonus(4269088,4270528)
%       weakG1Bonus(4269088,4270880) weakG1Bonus(4269088,4271024)
%       weakG1Bonus(4269296,4274608) weakG1Bonus(4269392,4274608)
%       weakG1Bonus(4269488,4269952) weakG1Bonus(4269488,4270048)
%       weakG1Bonus(4269488,4270304) weakG1Bonus(4269488,4270528)
%       weakG1Bonus(4269952,4270048) weakG1Bonus(4269952,4270528)
%       weakG1Bonus(4270048,4270304) weakG1Bonus(4270048,4270432)
%       weakG1Bonus(4270048,4270528) weakG1Bonus(4270048,4270880)
%       weakG1Bonus(4270048,4271024) weakG1Bonus(4270432,4270880)
%       weakG1Bonus(4270432,4271024) weakG1Bonus(4270880,4271024)
%       weakG1Bonus(4273456,4273808) weakG1Bonus(4273456,4274016)
%       weakG1Bonus(4273456,4274096) weakG1Bonus(4273808,4274016)
%       weakG1Bonus(4273808,4274304) weakG1Bonus(4275152,4275264)
%       weakG1Bonus(4275264,4299072) weakG1Bonus(4277136,4299088)
%       weakG1Bonus(4277136,4314056) weakG1Bonus(4313960,4313972)
%     ~weakG1Bonus: 26/90
%       weakMergeCandidate(4267776,4313968) weakMergeCandidate(4268192,4313960)
%       weakMergeCandidate(4268192,4313972) weakMergeCandidate(4269776,4269840)
%       weakMergeCandidate(4269776,4273376) weakMergeCandidate(4269840,4273376)
%       weakMergeCandidate(4275024,4314160) weakMergeCandidate(4275152,4314152)
%       weakMergeCandidate(4275552,4314164) weakMergeCandidate(4299072,4314156)
%       weakMergeCandidate(4313908,4313912) weakMergeCandidate(4313920,4313924)
%       weakMergeCandidate(4313920,4313928) weakMergeCandidate(4313920,4313932)
%       weakMergeCandidate(4313920,4313944) weakMergeCandidate(4313920,4313948)
%       weakMergeCandidate(4313924,4313928) weakMergeCandidate(4313924,4313932)
%       weakMergeCandidate(4313924,4313944) weakMergeCandidate(4313924,4313948)
%       weakMergeCandidate(4313928,4313932) weakMergeCandidate(4313928,4313944)
%       weakMergeCandidate(4313928,4313948) weakMergeCandidate(4313932,4313944)
%       weakMergeCandidate(4313932,4313948) weakMergeCandidate(4313944,4313948)
%   [composition]
%     guessDerivedClassReward: 0/0
%     ~guessDerivedClassReward: 0/0
%     purecallNotMostDerivedReward: 0/0
%     ~purecallNotMostDerivedReward: 0/0
%     embeddedObject: 0/0
%     ~embeddedObject: 0/0
07:33:03 Writing results to examples/ooa/ooex_vs2010/Debug/ooex7.results

% Stats:
%   atoms: 42589.0
%   bodies: 24642.0
%   rules: 46770.0
%   variables: 14597.0
%   constraints: 84.0
%   choices: 146544.0
%   conflicts: 10201.0
%   models: 393.0
%   optimal_models: 1.0
%   final_cost: [-12.0, -5684.0]
%   lower_bound: [-12.0, -5684.0]
%   total_time: 2.690215826034546
%   ground_time: 0.11326104501495138
%   time_to_first_model: 0.17848841298837215
%   max_rss_bytes: 74125312
%   solve_time: 2.495236873626709
