
Answer: 1
method(4198672) method(4198683) method(4198722) method(4200481) method(4200510) method(4200523) method(4200587) method(4200617) method(4200670) method(4200681) method(4200720) method(4200757) method(4200773) constructor(4200720) constructor(4198672) constructor(4200670) realDestructor(4198722) realDestructor(4200481) realDestructor(4200757) deletingDestructor(4200773) deletingDestructor(4200681) deletingDestructor(4198683) vfTableEntry(4219332,0,4200773) vfTableEntry(4219300,0,4200681) vfTableEntry(4219200,0,4198683) vfTableEntry(4219300,4,4200510) vfTableEntry(4219200,4,4200510) vfTable(4219200) vfTable(4219300) vfTable(4219332) classCallsMethod(4200617,4200523) classCallsMethod(4200681,4200587) classCallsMethod(4200617,4200587) classCallsMethod(4200720,4200617) classCallsMethod(4198683,4200670) classCallsMethod(4198722,4200720) classCallsMethod(4200773,4200757) classCallsMethod(4219200,4198683) classCallsMethod(4219300,4200681) classCallsMethod(4219332,4200773) classCallsMethod(4219200,4200510) classCallsMethod(4219300,4200510) vfTableWrite(4200760,4200757,0,4219332) vfTableWrite(4200491,4200481,0,4219300) vfTableWrite(4200670,4200670,0,4219300) vfTableWrite(4200689,4200681,0,4219300) vfTableWrite(4200735,4200720,0,4219300) vfTableWrite(4198672,4198672,0,4219200) vfTableWrite(4198691,4198683,0,4219200) vfTableWrite(4198738,4198722,0,4219200) vfTableSize(4219200,8) vfTableSize(4219300,8) vfTableSize(4219332,4) vftableBelongsToClass(4219332,0,4200757) vftableBelongsToClass(4219300,0,4200720) vftableBelongsToClass(4219300,0,4200681) vftableBelongsToClass(4219300,0,4200670) vftableBelongsToClass(4219300,0,4200481) vftableBelongsToClass(4219200,0,4198722) vftableBelongsToClass(4219200,0,4198683) vftableBelongsToClass(4219200,0,4198672) mergeClasses(4219332,4200757) mergeClasses(4219300,4200720) mergeClasses(4219300,4200681) mergeClasses(4219300,4200670) mergeClasses(4219300,4200481) mergeClasses(4219200,4198722) mergeClasses(4219200,4198683) mergeClasses(4219200,4198672) mergeClasses(4200757,4200773) mergeClasses(4200481,4200681) mergeClasses(4200670,4200681) mergeClasses(4198672,4198683) mergeClasses(4200481,4200510) mergeClasses(4200681,4200720) mergeClasses(4198683,4198722) mergeClasses(4200510,4200670) mergeClasses(4200510,4200681) mergeClasses(4200510,4200720) mergeClasses(4200481,4200670) mergeClasses(4200481,4200720) mergeClasses(4200670,4200720) mergeClasses(4198672,4198722) mergeClasses(4200523,4200617) mergeClasses(4200587,4200617) mergeClasses(4200617,4200720) mergeClasses(4198683,4219200) mergeClasses(4200681,4219300) mergeClasses(4200773,4219332) mergeClasses(4200510,4219300) mergeClasses(4200587,4200681) derivedClass(4219200,4219300,0) objectInObject(4219200,4219300,0)
Optimization: -143 -1 -14 -13 -20
OPTIMUM FOUND

% Equivalence classes (165 classes, 178 entities):
%   {4198400}
%   {4198432}
%   {4198448}
%   {4198480}
%   {4198496}
%   {4198576}
%   {4198628}
%   {4198661}
%   {4198672, 4198683, 4198722, 4219200}
%   {4198751}
%   {4198879}
%   {4199273}
%   {4199283}
%   {4199292}
%   {4199301}
%   {4199353}
%   {4199414}
%   {4199576}
%   {4199585}
%   {4199594}
%   {4199715}
%   {4199741}
%   {4200023}
%   {4200035}
%   {4200044}
%   {4200423}
%   {4200481, 4200510, 4200523, 4200587, 4200617, 4200670, 4200681, 4200720, 4219300}
%   {4200757, 4200773, 4219332}
%   {4200806}
%   {4200988}
%   {4201037}
%   {4201091}
%   {4201097}
%   {4201120}
%   {4201268}
%   {4201283}
%   {4201323}
%   {4201399}
%   {4201465}
%   {4201479}
%   {4201522}
%   {4201546}
%   {4201555}
%   {4201564}
%   {4201615}
%   {4201651}
%   {4201802}
%   {4202101}
%   {4202122}
%   {4202144}
%   {4202166}
%   {4202181}
%   {4202196}
%   {4202226}
%   {4202264}
%   {4202695}
%   {4202752}
%   {4203082}
%   {4203302}
%   {4203712}
%   {4203899}
%   {4204050}
%   {4204631}
%   {4204669}
%   {4204707}
%   {4204848}
%   {4205247}
%   {4205402}
%   {4205563}
%   {4205586}
%   {4205771}
%   {4205780}
%   {4205831}
%   {4205974}
%   {4206127}
%   {4206458}
%   {4206535}
%   {4206644}
%   {4206703}
%   {4206803}
%   {4207203}
%   {4207358}
%   {4207367}
%   {4207502}
%   {4207626}
%   {4208115}
%   {4208468}
%   {4208477}
%   {4208516}
%   {4208525}
%   {4208555}
%   {4208624}
%   {4208700}
%   {4208778}
%   {4208844}
%   {4208863}
%   {4208960}
%   {4209099}
%   {4209202}
%   {4209216}
%   {4209352}
%   {4209403}
%   {4209460}
%   {4209477}
%   {4209507}
%   {4209562}
%   {4209575}
%   {4209934}
%   {4209994}
%   {4210009}
%   {4210024}
%   {4210039}
%   {4210336}
%   {4210373}
%   {4210418}
%   {4210434}
%   {4210480}
%   {4210544}
%   {4210640}
%   {4210828}
%   {4211192}
%   {4211309}
%   {4211514}
%   {4211541}
%   {4211640}
%   {4211703}
%   {4211718}
%   {4211801}
%   {4211840}
%   {4211984}
%   {4212054}
%   {4212082}
%   {4212105}
%   {4212130}
%   {4212155}
%   {4212178}
%   {4213065}
%   {4213170}
%   {4213424}
%   {4213546}
%   {4213578}
%   {4214065}
%   {4214135}
%   {4214366}
%   {4214430}
%   {4214560}
%   {4214733}
%   {4215649}
%   {4215657}
%   {4215666}
%   {4215936}
%   {4215968}
%   {4216037}
%   {4216169}
%   {4216204}
%   {4216433}
%   {4216464}
%   {4216486}
%   {4216512}
%   {4216976}
%   {4217040}
%   {4217120}
%   {4217184}
%   {4217282}
%   {4217288}

% Stats:
%   atoms: 7392.0
%   bodies: 2309.0
%   rules: 8169.0
%   variables: 2314.0
%   constraints: 95.0
%   choices: 7176.0
%   conflicts: 257.0
%   models: 7.0
%   optimal_models: 1.0
%   total_time: 0.0858759880065918
%   ground_time: 0.016137875034473836
%   time_to_first_model: 0.0241651670075953
%   solve_time: 0.04491782188415527
