15:21:49 Grounding...
15:21:49 Grounding done (0.05s)
15:21:49 Solving...
15:21:49 Model found (0.09s): [-20, -1801]
15:21:49 Model found (0.10s, +0.01s): [-20, -1855]
15:21:49 Model found (0.11s, +0.01s): [-20, -1865]
15:21:49 Model found (0.12s, +0.01s): [-20, -1875]
15:21:49 Model found (0.12s, +0.01s): [-20, -1882]
15:21:49 Model found (0.13s, +0.01s): [-20, -1889]
15:21:49 Model found (0.14s, +0.01s): [-20, -1899]
15:21:49 Model found (0.14s, +0.01s): [-20, -1900]
15:21:50 Model found (0.15s, +0.01s): [-20, -1907]
15:21:50 Model found (0.16s, +0.01s): [-20, -1917]
15:21:50 Model found (0.16s, +0.00s): [-20, -1924]
15:21:50 Model found (0.17s, +0.01s): [-20, -1926]
15:21:50 Model found (0.17s, +0.00s): [-20, -1934]
15:21:50 Model found (0.18s, +0.01s): [-20, -1944]
15:21:50 Model found (0.19s, +0.01s): [-20, -1954]
15:21:50 Model found (0.20s, +0.01s): [-20, -1961]
15:21:50 Model found (0.20s, +0.00s): [-20, -1964]
15:21:50 Model found (0.21s, +0.00s): [-20, -1973]
15:21:50 Model found (0.21s, +0.00s): [-20, -1981]
15:21:50 Model found (0.22s, +0.00s): [-20, -1991]
15:21:50 Model found (0.22s, +0.00s): [-20, -1999]
15:21:50 Model found (0.23s, +0.01s): [-20, -2003]
15:21:50 Model found (0.23s, +0.00s): [-20, -2011]
15:21:50 Model found (0.24s, +0.00s): [-20, -2012]
15:21:50 Model found (0.24s, +0.00s): [-20, -2021]
15:21:50 Model found (0.25s, +0.00s): [-20, -2029]
15:21:50 Model found (0.25s, +0.01s): [-20, -2035]
15:21:50 Model found (0.27s, +0.01s): [-20, -2038]
15:21:50 Model found (0.27s, +0.01s): [-20, -2043]
15:21:50 Model found (0.28s, +0.01s): [-20, -2046]
15:21:50 Model found (0.30s, +0.02s): [-20, -2055]
15:21:50 Model found (0.33s, +0.03s): [-20, -2059]
15:21:50 Model found (0.35s, +0.01s): [-20, -2069]
15:21:50 Model found (0.36s, +0.02s): [-20, -2072]
15:21:50 Model found (0.38s, +0.01s): [-20, -2089]
15:21:50 Model found (0.39s, +0.02s): [-20, -2106]
15:21:50 Model found (0.40s, +0.01s): [-20, -2112]
15:21:50 Model found (0.42s, +0.02s): [-20, -2163]
15:21:50 Solving done: OPTIMUM FOUND (0.38s)
% Command: ooanalyzer.py examples/ooa/ooex_vs2010/Lite/ooex2.lp -n -1 --opt-strategy bb,lin --heuristic=domain --sign-def=neg --time-limit=300 -t2 --stats --show-guesses --results examples/ooa/ooex_vs2010/Lite/ooex2.results
OPTIMUM FOUND

Answer: 38
guessEnabled(method) guessEnabled(constructor) guessEnabled(vftable) guessEnabled(vftable_size) guessEnabled(derived_class) guessEnabled(weak_g1_bonus) guessEnabled(merge) method(4198400) method(4198432) method(4198448) method(4198512) method(4198528) method(4198580) method(4198613) method(4198624) method(4198635) method(4198674) method(4198703) method(4198831) method(4199235) method(4199244) method(4199253) method(4199528) method(4199537) method(4199546) method(4199667) method(4199975) method(4199987) method(4199996) method(4200375) method(4200433) method(4200462) method(4200475) method(4200539) method(4200569) method(4200622) method(4200633) method(4200672) method(4200709) method(4200725) method(4200758) method(4200940) method(4201043) method(4201049) method(4201072) method(4201220) method(4201235) method(4201275) method(4201351) method(4201417) method(4201431) method(4201474) method(4201498) method(4201507) method(4201516) method(4201567) method(4202074) method(4202096) method(4202118) method(4202133) method(4202148) method(4202178) method(4202216) method(4202647) method(4202704) method(4203034) method(4203254) method(4203664) method(4203851) method(4204002) method(4204583) method(4204621) method(4204659) method(4204800) method(4205199) method(4205354) method(4205515) method(4205723) method(4205732) method(4205783) method(4205926) method(4206079) method(4206410) method(4207310) method(4207319) method(4207578) method(4208420) method(4208429) method(4208477) method(4208507) method(4208576) method(4208652) method(4208730) method(4208815) method(4208912) method(4209154) method(4209168) method(4209304) method(4209412) method(4209429) method(4209459) method(4209514) method(4209946) method(4209961) method(4209976) method(4210288) method(4210325) method(4210370) method(4210386) method(4210432) method(4210496) method(4210576) method(4210764) method(4211128) method(4211245) method(4211450) method(4211477) method(4211576) method(4211639) method(4211654) method(4211737) method(4211776) method(4211920) method(4211990) method(4212018) method(4212041) method(4212066) method(4212091) method(4212114) method(4213001) method(4213106) method(4213360) method(4213482) method(4213514) method(4214001) method(4214071) method(4214302) method(4214366) method(4214496) method(4214669) method(4215585) method(4215593) method(4215872) method(4215904) method(4215973) method(4216105) method(4216140) method(4216369) method(4216400) method(4216422) method(4216448) method(4216912) method(4216976) method(4217056) method(4217120) method(4217218) method(4217224) method(4199225) method(4199305) method(4199366) method(4199693) method(4200989) method(4201603) method(4201754) method(4202053) method(4205538) method(4206487) method(4206596) method(4206655) method(4206755) method(4207155) method(4207454) method(4208067) method(4208468) method(4208796) method(4209051) method(4209355) method(4209527) method(4209886) method(4209991) method(4215602) constructor(4198400) constructor(4198448) constructor(4198674) constructor(4200433) constructor(4200672) constructor(4207319) realDestructor(4198624) realDestructor(4200622) realDestructor(4200709) deletingDestructor(4200725) deletingDestructor(4200633) deletingDestructor(4198635) vfTable(4219200) vfTable(4219300) vfTable(4219332) classCallsMethod(4198448,4198400) classCallsMethod(4198448,4198432) classCallsMethod(4200569,4200475) classCallsMethod(4200633,4200539) classCallsMethod(4200569,4200539) classCallsMethod(4200672,4200569) classCallsMethod(4198635,4200622) classCallsMethod(4198674,4200672) classCallsMethod(4200725,4200709) classCallsMethod(4219200,4198635) classCallsMethod(4219300,4200462) classCallsMethod(4219200,4200462) classCallsMethod(4219300,4200633) classCallsMethod(4219332,4200725) vfTableWrite(4200712,4200709,0,4219332) vfTableWrite(4200443,4200433,0,4219300) vfTableWrite(4200622,4200622,0,4219300) vfTableWrite(4200641,4200633,0,4219300) vfTableWrite(4200687,4200672,0,4219300) vfTableWrite(4198624,4198624,0,4219200) vfTableWrite(4198643,4198635,0,4219200) vfTableWrite(4198690,4198674,0,4219200) vfTableEntry(4219332,0,4200725) vfTableEntry(4219300,0,4200633) vfTableEntry(4219200,4,4200462) vfTableEntry(4219300,4,4200462) vfTableEntry(4219200,0,4198635) vfTableSize(4219200,8) vfTableSize(4219300,8) vfTableSize(4219332,4) vftableBelongsToClass(4219200,0,4198624) vftableBelongsToClass(4219200,0,4198635) vftableBelongsToClass(4219200,0,4198674) vftableBelongsToClass(4219300,0,4200433) vftableBelongsToClass(4219300,0,4200633) vftableBelongsToClass(4219300,0,4200672) vftableBelongsToClass(4219332,0,4200709) classSizeGTE(4219200,0) classSizeGTE(4219300,0) classSizeGTE(4219332,0) classSizeGTE(4198400,0) classSizeGTE(4198432,0) classSizeGTE(4198448,0) classSizeGTE(4198512,0) classSizeGTE(4198528,0) classSizeGTE(4198580,0) classSizeGTE(4198613,0) classSizeGTE(4198624,0) classSizeGTE(4198635,0) classSizeGTE(4198674,0) classSizeGTE(4198703,0) classSizeGTE(4198831,0) classSizeGTE(4199235,0) classSizeGTE(4199244,0) classSizeGTE(4199253,0) classSizeGTE(4199528,0) classSizeGTE(4199537,0) classSizeGTE(4199546,0) classSizeGTE(4199667,0) classSizeGTE(4199975,0) classSizeGTE(4199987,0) classSizeGTE(4199996,0) classSizeGTE(4200375,0) classSizeGTE(4200433,0) classSizeGTE(4200462,0) classSizeGTE(4200475,0) classSizeGTE(4200539,0) classSizeGTE(4200569,0) classSizeGTE(4200622,0) classSizeGTE(4200633,0) classSizeGTE(4200672,0) classSizeGTE(4200709,0) classSizeGTE(4200725,0) classSizeGTE(4200758,0) classSizeGTE(4200940,0) classSizeGTE(4201043,0) classSizeGTE(4201049,0) classSizeGTE(4201072,0) classSizeGTE(4201220,0) classSizeGTE(4201235,0) classSizeGTE(4201275,0) classSizeGTE(4201351,0) classSizeGTE(4201417,0) classSizeGTE(4201431,0) classSizeGTE(4201474,0) classSizeGTE(4201498,0) classSizeGTE(4201507,0) classSizeGTE(4201516,0) classSizeGTE(4201567,0) classSizeGTE(4202074,0) classSizeGTE(4202096,0) classSizeGTE(4202118,0) classSizeGTE(4202133,0) classSizeGTE(4202148,0) classSizeGTE(4202178,0) classSizeGTE(4202216,0) classSizeGTE(4202647,0) classSizeGTE(4202704,0) classSizeGTE(4203034,0) classSizeGTE(4203254,0) classSizeGTE(4203664,0) classSizeGTE(4203851,0) classSizeGTE(4204002,0) classSizeGTE(4204583,0) classSizeGTE(4204621,0) classSizeGTE(4204659,0) classSizeGTE(4204800,0) classSizeGTE(4205199,0) classSizeGTE(4205354,0) classSizeGTE(4205515,0) classSizeGTE(4205723,0) classSizeGTE(4205732,0) classSizeGTE(4205783,0) classSizeGTE(4205926,0) classSizeGTE(4206079,0) classSizeGTE(4206410,0) classSizeGTE(4207310,0) classSizeGTE(4207319,0) classSizeGTE(4207578,0) classSizeGTE(4208420,0) classSizeGTE(4208429,0) classSizeGTE(4208477,0) classSizeGTE(4208507,0) classSizeGTE(4208576,0) classSizeGTE(4208652,0) classSizeGTE(4208730,0) classSizeGTE(4208815,0) classSizeGTE(4208912,0) classSizeGTE(4209154,0) classSizeGTE(4209168,0) classSizeGTE(4209304,0) classSizeGTE(4209412,0) classSizeGTE(4209429,0) classSizeGTE(4209459,0) classSizeGTE(4209514,0) classSizeGTE(4209946,0) classSizeGTE(4209961,0) classSizeGTE(4209976,0) classSizeGTE(4210288,0) classSizeGTE(4210325,0) classSizeGTE(4210370,0) classSizeGTE(4210386,0) classSizeGTE(4210432,0) classSizeGTE(4210496,0) classSizeGTE(4210576,0) classSizeGTE(4210764,0) classSizeGTE(4211128,0) classSizeGTE(4211245,0) classSizeGTE(4211450,0) classSizeGTE(4211477,0) classSizeGTE(4211576,0) classSizeGTE(4211639,0) classSizeGTE(4211654,0) classSizeGTE(4211737,0) classSizeGTE(4211776,0) classSizeGTE(4211920,0) classSizeGTE(4211990,0) classSizeGTE(4212018,0) classSizeGTE(4212041,0) classSizeGTE(4212066,0) classSizeGTE(4212091,0) classSizeGTE(4212114,0) classSizeGTE(4213001,0) classSizeGTE(4213106,0) classSizeGTE(4213360,0) classSizeGTE(4213482,0) classSizeGTE(4213514,0) classSizeGTE(4214001,0) classSizeGTE(4214071,0) classSizeGTE(4214302,0) classSizeGTE(4214366,0) classSizeGTE(4214496,0) classSizeGTE(4214669,0) classSizeGTE(4215585,0) classSizeGTE(4215593,0) classSizeGTE(4215872,0) classSizeGTE(4215904,0) classSizeGTE(4215973,0) classSizeGTE(4216105,0) classSizeGTE(4216140,0) classSizeGTE(4216369,0) classSizeGTE(4216400,0) classSizeGTE(4216422,0) classSizeGTE(4216448,0) classSizeGTE(4216912,0) classSizeGTE(4216976,0) classSizeGTE(4217056,0) classSizeGTE(4217120,0) classSizeGTE(4217218,0) classSizeGTE(4217224,0) classSizeGTE(4199225,0) classSizeGTE(4199305,0) classSizeGTE(4199366,0) classSizeGTE(4199693,0) classSizeGTE(4200989,0) classSizeGTE(4201603,0) classSizeGTE(4201754,0) classSizeGTE(4202053,0) classSizeGTE(4205538,0) classSizeGTE(4206487,0) classSizeGTE(4206596,0) classSizeGTE(4206655,0) classSizeGTE(4206755,0) classSizeGTE(4207155,0) classSizeGTE(4207454,0) classSizeGTE(4208067,0) classSizeGTE(4208468,0) classSizeGTE(4208796,0) classSizeGTE(4209051,0) classSizeGTE(4209355,0) classSizeGTE(4209527,0) classSizeGTE(4209886,0) classSizeGTE(4209991,0) classSizeGTE(4215602,0) classSizeGTE(4198400,4) classSizeGTE(4198400,5) classSizeGTE(4198400,12) classSizeGTE(4198432,5) classSizeGTE(4198432,4) classSizeGTE(4198448,16) classSizeGTE(4198448,12) classSizeGTE(4198512,16) classSizeGTE(4198624,4) classSizeGTE(4198635,4) classSizeGTE(4198674,4) classSizeGTE(4200433,4) classSizeGTE(4200433,8) classSizeGTE(4200433,9) classSizeGTE(4200462,8) classSizeGTE(4200475,8) classSizeGTE(4200475,9) classSizeGTE(4200539,9) classSizeGTE(4200539,8) classSizeGTE(4200569,8) classSizeGTE(4200622,4) classSizeGTE(4200633,4) classSizeGTE(4200672,8) classSizeGTE(4200672,4) classSizeGTE(4200672,9) classSizeGTE(4200709,4) classSizeGTE(4207319,13) classSizeGTE(4207319,12) classSizeGTE(4207319,4) classSizeGTE(4207319,8) classSizeGTE(4219200,4) classSizeGTE(4219200,8) classSizeGTE(4219200,9) objectInObject(4219200,4219300,0) derivedClass(4219200,4219300,0) vftableSizeTotal(20) mergeClasses(4219200,4198624) mergeClasses(4219200,4198635) mergeClasses(4219200,4198674) mergeClasses(4219300,4200433) mergeClasses(4219300,4200633) mergeClasses(4219300,4200672) mergeClasses(4219332,4200709) mergeClasses(4200539,4219300) mergeClasses(4200569,4219300) mergeClasses(4200475,4219300) mergeClasses(4200672,4219300) mergeClasses(4200633,4219300) mergeClasses(4200462,4219300) mergeClasses(4200709,4219332) mergeClasses(4200725,4219332) mergeClasses(4200709,4200725) mergeClasses(4200433,4200633) mergeClasses(4200622,4200633) mergeClasses(4200433,4200462) mergeClasses(4198624,4198635) mergeClasses(4200633,4200672) mergeClasses(4200462,4200622) mergeClasses(4200462,4200633) mergeClasses(4200462,4200672) mergeClasses(4198635,4198674) mergeClasses(4200433,4200622) mergeClasses(4200433,4200672) mergeClasses(4200622,4200672) mergeClasses(4198624,4198674) mergeClasses(4198400,4198432) mergeClasses(4198448,4198512) mergeClasses(4200475,4200539) mergeClasses(4198400,4198448) mergeClasses(4198432,4198448) mergeClasses(4200475,4200569) mergeClasses(4200539,4200569) mergeClasses(4200569,4200672) mergeClasses(4198635,4219200) mergeClasses(4200539,4200633) classRelatedMethod(4198400,4198432) classRelatedMethod(4198432,4198400) classRelatedMethod(4198448,4198512) classRelatedMethod(4198512,4198448) classRelatedMethod(4200539,4200475) classRelatedMethod(4200475,4200539) classRelatedMethod(4198400,4198448) classRelatedMethod(4198432,4198448) classRelatedMethod(4200475,4200569) classRelatedMethod(4200539,4200633) classRelatedMethod(4200539,4200569) classRelatedMethod(4200569,4200672) classRelatedMethod(4200622,4198635) classRelatedMethod(4200672,4198674) classRelatedMethod(4200709,4200725) classRelatedMethod(4198635,4219200) classRelatedMethod(4200462,4219300) classRelatedMethod(4200462,4219200) classRelatedMethod(4200633,4219300) classRelatedMethod(4200725,4219332) classRelatedMethod(4198448,4198400) classRelatedMethod(4198448,4198432) classRelatedMethod(4200569,4200475) classRelatedMethod(4200633,4200539) classRelatedMethod(4200569,4200539) classRelatedMethod(4200672,4200569) classRelatedMethod(4198635,4200622) classRelatedMethod(4198674,4200672) classRelatedMethod(4200725,4200709) classRelatedMethod(4219200,4198635) classRelatedMethod(4219300,4200462) classRelatedMethod(4219200,4200462) classRelatedMethod(4219300,4200633) classRelatedMethod(4219332,4200725)
Optimization: -20 -2163

% Equivalence classes (161 classes, 177 entities):
%   {4198400, 4198432, 4198448, 4198512}
%   {4198528}
%   {4198580}
%   {4198613}
%   {4198624, 4198635, 4198674, 4219200}
%   {4198703}
%   {4198831}
%   {4199225}
%   {4199235}
%   {4199244}
%   {4199253}
%   {4199305}
%   {4199366}
%   {4199528}
%   {4199537}
%   {4199546}
%   {4199667}
%   {4199693}
%   {4199975}
%   {4199987}
%   {4199996}
%   {4200375}
%   {4200433, 4200462, 4200475, 4200539, 4200569, 4200622, 4200633, 4200672, 4219300}
%   {4200709, 4200725, 4219332}
%   {4200758}
%   {4200940}
%   {4200989}
%   {4201043}
%   {4201049}
%   {4201072}
%   {4201220}
%   {4201235}
%   {4201275}
%   {4201351}
%   {4201417}
%   {4201431}
%   {4201474}
%   {4201498}
%   {4201507}
%   {4201516}
%   {4201567}
%   {4201603}
%   {4201754}
%   {4202053}
%   {4202074}
%   {4202096}
%   {4202118}
%   {4202133}
%   {4202148}
%   {4202178}
%   {4202216}
%   {4202647}
%   {4202704}
%   {4203034}
%   {4203254}
%   {4203664}
%   {4203851}
%   {4204002}
%   {4204583}
%   {4204621}
%   {4204659}
%   {4204800}
%   {4205199}
%   {4205354}
%   {4205515}
%   {4205538}
%   {4205723}
%   {4205732}
%   {4205783}
%   {4205926}
%   {4206079}
%   {4206410}
%   {4206487}
%   {4206596}
%   {4206655}
%   {4206755}
%   {4207155}
%   {4207310}
%   {4207319}
%   {4207454}
%   {4207578}
%   {4208067}
%   {4208420}
%   {4208429}
%   {4208468}
%   {4208477}
%   {4208507}
%   {4208576}
%   {4208652}
%   {4208730}
%   {4208796}
%   {4208815}
%   {4208912}
%   {4209051}
%   {4209154}
%   {4209168}
%   {4209304}
%   {4209355}
%   {4209412}
%   {4209429}
%   {4209459}
%   {4209514}
%   {4209527}
%   {4209886}
%   {4209946}
%   {4209961}
%   {4209976}
%   {4209991}
%   {4210288}
%   {4210325}
%   {4210370}
%   {4210386}
%   {4210432}
%   {4210496}
%   {4210576}
%   {4210764}
%   {4211128}
%   {4211245}
%   {4211450}
%   {4211477}
%   {4211576}
%   {4211639}
%   {4211654}
%   {4211737}
%   {4211776}
%   {4211920}
%   {4211990}
%   {4212018}
%   {4212041}
%   {4212066}
%   {4212091}
%   {4212114}
%   {4213001}
%   {4213106}
%   {4213360}
%   {4213482}
%   {4213514}
%   {4214001}
%   {4214071}
%   {4214302}
%   {4214366}
%   {4214496}
%   {4214669}
%   {4215585}
%   {4215593}
%   {4215602}
%   {4215872}
%   {4215904}
%   {4215973}
%   {4216105}
%   {4216140}
%   {4216369}
%   {4216400}
%   {4216422}
%   {4216448}
%   {4216912}
%   {4216976}
%   {4217056}
%   {4217120}
%   {4217218}
%   {4217224}

% Guess candidates:
%   [method]
%     guessMethodDomain: 174  [guessMethodDomain(4198400) guessMethodDomain(4198432) guessMethodDomain(4198448) guessMethodDomain(4198512) guessMethodDomain(4198528) guessMethodDomain(4198580) guessMethodDomain(4198613) guessMethodDomain(4198624) guessMethodDomain(4198635) guessMethodDomain(4198674) guessMethodDomain(4198703) guessMethodDomain(4198831) guessMethodDomain(4199225) guessMethodDomain(4199235) guessMethodDomain(4199244) guessMethodDomain(4199253) guessMethodDomain(4199305) guessMethodDomain(4199366) guessMethodDomain(4199528) guessMethodDomain(4199537) guessMethodDomain(4199546) guessMethodDomain(4199667) guessMethodDomain(4199693) guessMethodDomain(4199975) guessMethodDomain(4199987) guessMethodDomain(4199996) guessMethodDomain(4200375) guessMethodDomain(4200433) guessMethodDomain(4200462) guessMethodDomain(4200475) guessMethodDomain(4200539) guessMethodDomain(4200569) guessMethodDomain(4200622) guessMethodDomain(4200633) guessMethodDomain(4200672) guessMethodDomain(4200709) guessMethodDomain(4200725) guessMethodDomain(4200758) guessMethodDomain(4200940) guessMethodDomain(4200989) guessMethodDomain(4201043) guessMethodDomain(4201049) guessMethodDomain(4201072) guessMethodDomain(4201220) guessMethodDomain(4201235) guessMethodDomain(4201275) guessMethodDomain(4201351) guessMethodDomain(4201417) guessMethodDomain(4201431) guessMethodDomain(4201474) guessMethodDomain(4201498) guessMethodDomain(4201507) guessMethodDomain(4201516) guessMethodDomain(4201567) guessMethodDomain(4201603) guessMethodDomain(4201754) guessMethodDomain(4202053) guessMethodDomain(4202074) guessMethodDomain(4202096) guessMethodDomain(4202118) guessMethodDomain(4202133) guessMethodDomain(4202148) guessMethodDomain(4202178) guessMethodDomain(4202216) guessMethodDomain(4202647) guessMethodDomain(4202704) guessMethodDomain(4203034) guessMethodDomain(4203254) guessMethodDomain(4203664) guessMethodDomain(4203851) guessMethodDomain(4204002) guessMethodDomain(4204583) guessMethodDomain(4204621) guessMethodDomain(4204659) guessMethodDomain(4204800) guessMethodDomain(4205199) guessMethodDomain(4205354) guessMethodDomain(4205515) guessMethodDomain(4205538) guessMethodDomain(4205723) guessMethodDomain(4205732) guessMethodDomain(4205783) guessMethodDomain(4205926) guessMethodDomain(4206079) guessMethodDomain(4206410) guessMethodDomain(4206487) guessMethodDomain(4206596) guessMethodDomain(4206655) guessMethodDomain(4206755) guessMethodDomain(4207155) guessMethodDomain(4207310) guessMethodDomain(4207319) guessMethodDomain(4207454) guessMethodDomain(4207578) guessMethodDomain(4208067) guessMethodDomain(4208420) guessMethodDomain(4208429) guessMethodDomain(4208468) guessMethodDomain(4208477) guessMethodDomain(4208507) guessMethodDomain(4208576) guessMethodDomain(4208652) guessMethodDomain(4208730) guessMethodDomain(4208796) guessMethodDomain(4208815) guessMethodDomain(4208912) guessMethodDomain(4209051) guessMethodDomain(4209154) guessMethodDomain(4209168) guessMethodDomain(4209304) guessMethodDomain(4209355) guessMethodDomain(4209412) guessMethodDomain(4209429) guessMethodDomain(4209459) guessMethodDomain(4209514) guessMethodDomain(4209527) guessMethodDomain(4209886) guessMethodDomain(4209946) guessMethodDomain(4209961) guessMethodDomain(4209976) guessMethodDomain(4209991) guessMethodDomain(4210288) guessMethodDomain(4210325) guessMethodDomain(4210370) guessMethodDomain(4210386) guessMethodDomain(4210432) guessMethodDomain(4210496) guessMethodDomain(4210576) guessMethodDomain(4210764) guessMethodDomain(4211128) guessMethodDomain(4211245) guessMethodDomain(4211450) guessMethodDomain(4211477) guessMethodDomain(4211576) guessMethodDomain(4211639) guessMethodDomain(4211654) guessMethodDomain(4211737) guessMethodDomain(4211776) guessMethodDomain(4211920) guessMethodDomain(4211990) guessMethodDomain(4212018) guessMethodDomain(4212041) guessMethodDomain(4212066) guessMethodDomain(4212091) guessMethodDomain(4212114) guessMethodDomain(4213001) guessMethodDomain(4213106) guessMethodDomain(4213360) guessMethodDomain(4213482) guessMethodDomain(4213514) guessMethodDomain(4214001) guessMethodDomain(4214071) guessMethodDomain(4214302) guessMethodDomain(4214366) guessMethodDomain(4214496) guessMethodDomain(4214669) guessMethodDomain(4215585) guessMethodDomain(4215593) guessMethodDomain(4215602) guessMethodDomain(4215872) guessMethodDomain(4215904) guessMethodDomain(4215973) guessMethodDomain(4216105) guessMethodDomain(4216140) guessMethodDomain(4216369) guessMethodDomain(4216400) guessMethodDomain(4216422) guessMethodDomain(4216448) guessMethodDomain(4216912) guessMethodDomain(4216976) guessMethodDomain(4217056) guessMethodDomain(4217120) guessMethodDomain(4217218) guessMethodDomain(4217224)]
%   [constructor]
%     guessConstructor1Domain: 3  [guessConstructor1Domain(4198674) guessConstructor1Domain(4200433) guessConstructor1Domain(4200672)]
%     guessConstructor2Domain: 3  [guessConstructor2Domain(4198674) guessConstructor2Domain(4200433) guessConstructor2Domain(4200672)]
%     guessConstructor3Domain: 6  [guessConstructor3Domain(4198400) guessConstructor3Domain(4198674) guessConstructor3Domain(4200433) guessConstructor3Domain(4200569) guessConstructor3Domain(4200672) guessConstructor3Domain(4207319)]
%     guessConstructor4Domain: 7  [guessConstructor4Domain(4198400) guessConstructor4Domain(4198448) guessConstructor4Domain(4198674) guessConstructor4Domain(4200433) guessConstructor4Domain(4200569) guessConstructor4Domain(4200672) guessConstructor4Domain(4207319)]
%   [destructor]
%     possibleDestructor: 21  [possibleDestructor(4198432) possibleDestructor(4198512) possibleDestructor(4198624) possibleDestructor(4198635) possibleDestructor(4198674) possibleDestructor(4200433) possibleDestructor(4200462) possibleDestructor(4200475) possibleDestructor(4200569) possibleDestructor(4200622) possibleDestructor(4200633) possibleDestructor(4200672) possibleDestructor(4200709) possibleDestructor(4200725) possibleDestructor(4207319) possibleDestructor(4208429) possibleDestructor(4211639) possibleDestructor(4216140) possibleDestructor(4216400) possibleDestructor(4216422) possibleDestructor(4217218)]
%   [vftable]
%     possibleVFTable: 3  [possibleVFTable(4219200) possibleVFTable(4219300) possibleVFTable(4219332)]
%   [vftable_size]
%     candidateVFTableSize: 5  [candidateVFTableSize(4219200,4) candidateVFTableSize(4219200,8) candidateVFTableSize(4219300,4) candidateVFTableSize(4219300,8) candidateVFTableSize(4219332,4)]
%   [merge]
%     strongMergeCandidate: 17  [strongMergeCandidate(4198624,4198635) strongMergeCandidate(4198624,4198674) strongMergeCandidate(4198624,4200462) strongMergeCandidate(4198635,4198674) strongMergeCandidate(4198635,4200462) strongMergeCandidate(4198674,4200462) strongMergeCandidate(4200433,4200462) strongMergeCandidate(4200433,4200622) strongMergeCandidate(4200433,4200633) strongMergeCandidate(4200433,4200672) strongMergeCandidate(4200462,4200622) strongMergeCandidate(4200462,4200633) strongMergeCandidate(4200462,4200672) strongMergeCandidate(4200622,4200633) strongMergeCandidate(4200622,4200672) strongMergeCandidate(4200633,4200672) strongMergeCandidate(4200709,4200725)]
%     weakMergeCandidate: 17  [weakMergeCandidate(4198400,4198432) weakMergeCandidate(4198400,4198448) weakMergeCandidate(4198432,4198448) weakMergeCandidate(4198448,4198512) weakMergeCandidate(4198635,4200622) weakMergeCandidate(4198635,4219200) weakMergeCandidate(4198674,4200672) weakMergeCandidate(4200462,4219200) weakMergeCandidate(4200462,4219300) weakMergeCandidate(4200475,4200539) weakMergeCandidate(4200475,4200569) weakMergeCandidate(4200539,4200569) weakMergeCandidate(4200539,4200633) weakMergeCandidate(4200569,4200672) weakMergeCandidate(4200633,4219300) weakMergeCandidate(4200709,4200725) weakMergeCandidate(4200725,4219332)]
%   [composition]
%     objectInObject: 1  [objectInObject(4219200,4219300,0)]
% Selected guesses:
%   [method]  (174 candidate(s))
%     method: 174  [method(4198400) method(4198432) method(4198448) method(4198512) method(4198528) method(4198580) method(4198613) method(4198624) method(4198635) method(4198674) method(4198703) method(4198831) method(4199225) method(4199235) method(4199244) method(4199253) method(4199305) method(4199366) method(4199528) method(4199537) method(4199546) method(4199667) method(4199693) method(4199975) method(4199987) method(4199996) method(4200375) method(4200433) method(4200462) method(4200475) method(4200539) method(4200569) method(4200622) method(4200633) method(4200672) method(4200709) method(4200725) method(4200758) method(4200940) method(4200989) method(4201043) method(4201049) method(4201072) method(4201220) method(4201235) method(4201275) method(4201351) method(4201417) method(4201431) method(4201474) method(4201498) method(4201507) method(4201516) method(4201567) method(4201603) method(4201754) method(4202053) method(4202074) method(4202096) method(4202118) method(4202133) method(4202148) method(4202178) method(4202216) method(4202647) method(4202704) method(4203034) method(4203254) method(4203664) method(4203851) method(4204002) method(4204583) method(4204621) method(4204659) method(4204800) method(4205199) method(4205354) method(4205515) method(4205538) method(4205723) method(4205732) method(4205783) method(4205926) method(4206079) method(4206410) method(4206487) method(4206596) method(4206655) method(4206755) method(4207155) method(4207310) method(4207319) method(4207454) method(4207578) method(4208067) method(4208420) method(4208429) method(4208468) method(4208477) method(4208507) method(4208576) method(4208652) method(4208730) method(4208796) method(4208815) method(4208912) method(4209051) method(4209154) method(4209168) method(4209304) method(4209355) method(4209412) method(4209429) method(4209459) method(4209514) method(4209527) method(4209886) method(4209946) method(4209961) method(4209976) method(4209991) method(4210288) method(4210325) method(4210370) method(4210386) method(4210432) method(4210496) method(4210576) method(4210764) method(4211128) method(4211245) method(4211450) method(4211477) method(4211576) method(4211639) method(4211654) method(4211737) method(4211776) method(4211920) method(4211990) method(4212018) method(4212041) method(4212066) method(4212091) method(4212114) method(4213001) method(4213106) method(4213360) method(4213482) method(4213514) method(4214001) method(4214071) method(4214302) method(4214366) method(4214496) method(4214669) method(4215585) method(4215593) method(4215602) method(4215872) method(4215904) method(4215973) method(4216105) method(4216140) method(4216369) method(4216400) method(4216422) method(4216448) method(4216912) method(4216976) method(4217056) method(4217120) method(4217218) method(4217224)]
%     -method: 0  []
%   [constructor]  (19 candidate(s))
%     constructor: 6  [constructor(4198400) constructor(4198448) constructor(4198674) constructor(4200433) constructor(4200672) constructor(4207319)]
%     -constructor: 9  [-constructor(4198635) -constructor(4200462) -constructor(4200475) -constructor(4200539) -constructor(4200569) -constructor(4200622) -constructor(4200633) -constructor(4200709) -constructor(4200725)]
%   [destructor]  (21 candidate(s))
%     realDestructor: 3  [realDestructor(4198624) realDestructor(4200622) realDestructor(4200709)]
%     deletingDestructor: 3  [deletingDestructor(4198635) deletingDestructor(4200633) deletingDestructor(4200725)]
%   [vftable]  (3 candidate(s))
%     vfTable: 3  [vfTable(4219200) vfTable(4219300) vfTable(4219332)]
%     -vfTable: 0  []
%   [vftable_size]  (5 candidate(s))
%     vfTableSize: 3  [vfTableSize(4219200,8) vfTableSize(4219300,8) vfTableSize(4219332,4)]
%   [merge]  (34 candidate(s))
%     mergeClasses: 39  [mergeClasses(4198400,4198432) mergeClasses(4198400,4198448) mergeClasses(4198432,4198448) mergeClasses(4198448,4198512) mergeClasses(4198624,4198635) mergeClasses(4198624,4198674) mergeClasses(4198635,4198674) mergeClasses(4198635,4219200) mergeClasses(4200433,4200462) mergeClasses(4200433,4200622) mergeClasses(4200433,4200633) mergeClasses(4200433,4200672) mergeClasses(4200462,4200622) mergeClasses(4200462,4200633) mergeClasses(4200462,4200672) mergeClasses(4200462,4219300) mergeClasses(4200475,4200539) mergeClasses(4200475,4200569) mergeClasses(4200475,4219300) mergeClasses(4200539,4200569) mergeClasses(4200539,4200633) mergeClasses(4200539,4219300) mergeClasses(4200569,4200672) mergeClasses(4200569,4219300) mergeClasses(4200622,4200633) mergeClasses(4200622,4200672) mergeClasses(4200633,4200672) mergeClasses(4200633,4219300) mergeClasses(4200672,4219300) mergeClasses(4200709,4200725) mergeClasses(4200709,4219332) mergeClasses(4200725,4219332) mergeClasses(4219200,4198624) mergeClasses(4219200,4198635) mergeClasses(4219200,4198674) mergeClasses(4219300,4200433) mergeClasses(4219300,4200633) mergeClasses(4219300,4200672) mergeClasses(4219332,4200709)]
%     -mergeClasses: 27  [-mergeClasses(4198624,4200433) -mergeClasses(4198624,4200462) -mergeClasses(4198624,4200622) -mergeClasses(4198624,4200633) -mergeClasses(4198624,4200672) -mergeClasses(4198624,4200709) -mergeClasses(4198635,4200433) -mergeClasses(4198635,4200462) -mergeClasses(4198635,4200622) -mergeClasses(4198635,4200633) -mergeClasses(4198635,4200672) -mergeClasses(4198635,4200709) -mergeClasses(4198635,4219300) -mergeClasses(4198674,4200433) -mergeClasses(4198674,4200462) -mergeClasses(4198674,4200622) -mergeClasses(4198674,4200633) -mergeClasses(4198674,4200672) -mergeClasses(4198674,4200709) -mergeClasses(4200433,4200709) -mergeClasses(4200462,4219200) -mergeClasses(4200622,4200709) -mergeClasses(4200633,4200709) -mergeClasses(4200672,4200709) -mergeClasses(4219200,4219300) -mergeClasses(4219200,4219332) -mergeClasses(4219300,4219332)]
%   [composition]  (1 candidate(s))
%     derivedClass: 1  [derivedClass(4219200,4219300,0)]
%     embeddedObject: 0  []
15:21:50 Writing results to examples/ooa/ooex_vs2010/Lite/ooex2.results

% Stats:
%   atoms: 8329.0
%   bodies: 2625.0
%   rules: 9476.0
%   variables: 2548.0
%   constraints: 137.0
%   choices: 11311.0
%   conflicts: 453.0
%   models: 38.0
%   optimal_models: 1.0
%   final_cost: [-20.0, -2163.0]
%   lower_bound: [-20.0, -2163.0]
%   total_time: 0.44318389892578125
%   ground_time: 0.0463140201754868
%   time_to_first_model: 0.09028875408694148
%   max_rss_bytes: 33816576
%   solve_time: 0.3412010669708252
