15:21:49 Grounding...
15:21:50 Grounding done (0.10s)
15:21:50 Solving...
15:21:50 Model found (0.26s): [-68, -2058]
15:21:50 Model found (0.27s, +0.00s): [-68, -2066]
15:21:50 Model found (0.27s, +0.00s): [-68, -2082]
15:21:50 Model found (0.27s, +0.00s): [-68, -2090]
15:21:50 Model found (0.28s, +0.00s): [-68, -2098]
15:21:50 Model found (0.29s, +0.02s): [-68, -2211]
15:21:50 Model found (0.30s, +0.01s): [-68, -2221]
15:21:50 Model found (0.31s, +0.01s): [-68, -2240]
15:21:50 Model found (0.32s, +0.01s): [-68, -2248]
15:21:50 Model found (0.33s, +0.01s): [-68, -2258]
15:21:50 Model found (0.33s, +0.01s): [-68, -2266]
15:21:50 Model found (0.35s, +0.01s): [-68, -2293]
15:21:50 Model found (0.37s, +0.02s): [-68, -2320]
15:21:50 Model found (0.38s, +0.01s): [-68, -2328]
15:21:50 Model found (0.38s, +0.01s): [-68, -2330]
15:21:50 Model found (0.39s, +0.01s): [-68, -2338]
15:21:50 Model found (0.40s, +0.01s): [-68, -2339]
15:21:50 Model found (0.40s, +0.00s): [-68, -2347]
15:21:50 Model found (0.41s, +0.00s): [-68, -2349]
15:21:50 Model found (0.41s, +0.01s): [-68, -2357]
15:21:50 Model found (0.42s, +0.01s): [-68, -2366]
15:21:50 Model found (0.43s, +0.01s): [-68, -2374]
15:21:50 Model found (0.44s, +0.01s): [-68, -2376]
15:21:50 Model found (0.45s, +0.01s): [-68, -2384]
15:21:50 Model found (0.46s, +0.01s): [-68, -2392]
15:21:50 Model found (0.47s, +0.01s): [-68, -2394]
15:21:50 Model found (0.48s, +0.01s): [-68, -2395]
15:21:50 Model found (0.49s, +0.01s): [-68, -2402]
15:21:50 Model found (0.51s, +0.02s): [-68, -2413]
15:21:50 Model found (0.52s, +0.01s): [-68, -2421]
15:21:50 Model found (0.54s, +0.02s): [-68, -2429]
15:21:50 Model found (0.55s, +0.01s): [-68, -2442]
15:21:50 Model found (0.60s, +0.05s): [-68, -2459]
15:21:50 Model found (0.63s, +0.03s): [-68, -2516]
15:21:50 Model found (0.64s, +0.01s): [-68, -2525]
15:21:50 Model found (0.65s, +0.01s): [-68, -2542]
15:21:50 Model found (0.66s, +0.01s): [-68, -2549]
15:21:50 Model found (0.67s, +0.01s): [-68, -2576]
15:21:50 Solving done: OPTIMUM FOUND (0.63s)
% Command: ooanalyzer.py examples/ooa/ooex_vs2010/Lite/ooex5.lp -n -1 --opt-strategy bb,lin --heuristic=domain --sign-def=neg --time-limit=300 -t2 --stats --show-guesses --results examples/ooa/ooex_vs2010/Lite/ooex5.results
OPTIMUM FOUND

Answer: 38
guessEnabled(method) guessEnabled(constructor) guessEnabled(vftable) guessEnabled(vftable_size) guessEnabled(derived_class) guessEnabled(weak_g1_bonus) guessEnabled(merge) method(4198400) method(4198432) method(4198464) method(4198496) method(4198528) method(4198560) method(4198592) method(4198672) method(4198688) method(4198704) method(4198774) method(4198790) method(4198823) method(4198865) method(4198898) method(4198909) method(4198920) method(4198959) method(4198988) method(4199116) method(4199623) method(4199632) method(4199768) method(4199819) method(4199852) method(4199890) method(4200321) method(4200378) method(4200393) method(4200402) method(4200411) method(4200686) method(4200695) method(4200704) method(4200825) method(4201133) method(4201145) method(4201154) method(4201533) method(4201591) method(4201620) method(4201633) method(4201697) method(4201727) method(4201780) method(4201791) method(4201830) method(4201867) method(4202049) method(4202152) method(4202158) method(4202181) method(4202329) method(4202344) method(4202384) method(4202460) method(4202526) method(4202540) method(4202583) method(4202607) method(4202616) method(4202625) method(4202676) method(4203183) method(4203205) method(4203227) method(4203242) method(4203257) method(4203287) method(4203617) method(4203837) method(4204247) method(4204434) method(4204585) method(4205166) method(4205204) method(4205242) method(4205376) method(4205775) method(4205930) method(4206242) method(4206279) method(4206324) method(4206340) method(4206501) method(4206709) method(4206718) method(4206769) method(4206864) method(4207008) method(4207152) method(4207222) method(4207250) method(4207273) method(4207298) method(4207323) method(4207346) method(4207376) method(4207431) method(4207863) method(4208227) method(4208344) method(4208549) method(4208576) method(4208675) method(4208738) method(4208753) method(4208822) method(4208898) method(4208976) method(4209008) method(4209143) method(4209286) method(4209439) method(4209770) method(4210670) method(4210803) method(4211645) method(4211654) method(4211702) method(4211732) method(4211817) method(4211925) method(4211942) method(4211957) method(4212000) method(4212064) method(4212144) method(4212332) method(4212415) method(4212439) method(4212448) method(4212576) method(4212736) method(4212768) method(4212837) method(4212969) method(4213004) method(4214183) method(4214313) method(4214496) method(4214518) method(4214540) method(4215427) method(4215532) method(4215786) method(4216273) method(4216343) method(4216574) method(4216638) method(4216833) method(4217168) method(4217232) method(4217312) method(4217376) method(4217474) method(4217480) method(4199510) method(4199520) method(4200463) method(4200524) method(4200851) method(4202098) method(4202712) method(4202863) method(4203162) method(4205945) method(4206524) method(4207444) method(4207803) method(4209847) method(4209956) method(4210015) method(4210115) method(4210515) method(4210679) method(4211292) method(4211693) method(4211798) method(4211868) method(4213921) constructor(4198400) constructor(4198496) constructor(4198592) constructor(4198959) constructor(4201591) constructor(4201830) constructor(4209008) constructor(4198909) realDestructor(4198774) realDestructor(4201780) deletingDestructor(4201791) deletingDestructor(4198920) deletingDestructor(4198790) vfTable(4219200) vfTable(4219216) vfTable(4219232) vfTable(4219248) vfTable(4219264) vfTable(4219272) vfTable(4221916) classCallsMethod(4198592,4198400) classCallsMethod(4198592,4198464) classCallsMethod(4198790,4198774) classCallsMethod(4201727,4201633) classCallsMethod(4201791,4201697) classCallsMethod(4201727,4201697) classCallsMethod(4201830,4201727) classCallsMethod(4198920,4201780) classCallsMethod(4198959,4201830) classCallsMethod(4219248,4198432) classCallsMethod(4219200,4198432) classCallsMethod(4219248,4198464) classCallsMethod(4219200,4198464) classCallsMethod(4219232,4198528) classCallsMethod(4219216,4198528) classCallsMethod(4219232,4198560) classCallsMethod(4219216,4198560) classCallsMethod(4219232,4198672) classCallsMethod(4219248,4198688) classCallsMethod(4219264,4198790) classCallsMethod(4219272,4198920) classCallsMethod(4221916,4201620) classCallsMethod(4219272,4201620) classCallsMethod(4221916,4201791) vfTableWrite(4201601,4201591,0,4221916) vfTableWrite(4201780,4201780,0,4221916) vfTableWrite(4201799,4201791,0,4221916) vfTableWrite(4201845,4201830,0,4221916) vfTableWrite(4198909,4198909,0,4219272) vfTableWrite(4198928,4198920,0,4219272) vfTableWrite(4198975,4198959,0,4219272) vfTableWrite(4198777,4198774,0,4219264) vfTableWrite(4198609,4198592,0,4219248) vfTableWrite(4198615,4198592,16,4219232) vfTableWrite(4198503,4198496,0,4219216) vfTableWrite(4198402,4198400,0,4219200) vfTableEntry(4221916,0,4201791) vfTableEntry(4219272,4,4201620) vfTableEntry(4221916,4,4201620) vfTableEntry(4219272,0,4198920) vfTableEntry(4219200,8,4198823) vfTableEntry(4219216,8,4198823) vfTableEntry(4219264,0,4198790) vfTableEntry(4219248,8,4198688) vfTableEntry(4219232,8,4198672) vfTableEntry(4219216,4,4198560) vfTableEntry(4219232,4,4198560) vfTableEntry(4219216,0,4198528) vfTableEntry(4219232,0,4198528) vfTableEntry(4219200,4,4198464) vfTableEntry(4219248,4,4198464) vfTableEntry(4219200,0,4198432) vfTableEntry(4219248,0,4198432) vfTableSize(4219200,12) vfTableSize(4219216,12) vfTableSize(4219232,12) vfTableSize(4219248,12) vfTableSize(4219264,4) vfTableSize(4219272,8) vfTableSize(4221916,8) vftableBelongsToClass(4219200,0,4198400) vftableBelongsToClass(4219216,0,4198496) vftableBelongsToClass(4219248,0,4198592) vftableBelongsToClass(4219264,0,4198774) vftableBelongsToClass(4219272,0,4198909) vftableBelongsToClass(4219272,0,4198920) vftableBelongsToClass(4219272,0,4198959) vftableBelongsToClass(4221916,0,4201591) vftableBelongsToClass(4221916,0,4201791) vftableBelongsToClass(4221916,0,4201830) classSizeGTE(4219200,0) classSizeGTE(4219216,0) classSizeGTE(4219232,0) classSizeGTE(4219248,0) classSizeGTE(4219264,0) classSizeGTE(4219272,0) classSizeGTE(4221916,0) classSizeGTE(4198400,0) classSizeGTE(4198432,0) classSizeGTE(4198464,0) classSizeGTE(4198496,0) classSizeGTE(4198528,0) classSizeGTE(4198560,0) classSizeGTE(4198592,0) classSizeGTE(4198672,0) classSizeGTE(4198688,0) classSizeGTE(4198704,0) classSizeGTE(4198774,0) classSizeGTE(4198790,0) classSizeGTE(4198823,0) classSizeGTE(4198865,0) classSizeGTE(4198898,0) classSizeGTE(4198909,0) classSizeGTE(4198920,0) classSizeGTE(4198959,0) classSizeGTE(4198988,0) classSizeGTE(4199116,0) classSizeGTE(4199623,0) classSizeGTE(4199632,0) classSizeGTE(4199768,0) classSizeGTE(4199819,0) classSizeGTE(4199852,0) classSizeGTE(4199890,0) classSizeGTE(4200321,0) classSizeGTE(4200378,0) classSizeGTE(4200393,0) classSizeGTE(4200402,0) classSizeGTE(4200411,0) classSizeGTE(4200686,0) classSizeGTE(4200695,0) classSizeGTE(4200704,0) classSizeGTE(4200825,0) classSizeGTE(4201133,0) classSizeGTE(4201145,0) classSizeGTE(4201154,0) classSizeGTE(4201533,0) classSizeGTE(4201591,0) classSizeGTE(4201620,0) classSizeGTE(4201633,0) classSizeGTE(4201697,0) classSizeGTE(4201727,0) classSizeGTE(4201780,0) classSizeGTE(4201791,0) classSizeGTE(4201830,0) classSizeGTE(4201867,0) classSizeGTE(4202049,0) classSizeGTE(4202152,0) classSizeGTE(4202158,0) classSizeGTE(4202181,0) classSizeGTE(4202329,0) classSizeGTE(4202344,0) classSizeGTE(4202384,0) classSizeGTE(4202460,0) classSizeGTE(4202526,0) classSizeGTE(4202540,0) classSizeGTE(4202583,0) classSizeGTE(4202607,0) classSizeGTE(4202616,0) classSizeGTE(4202625,0) classSizeGTE(4202676,0) classSizeGTE(4203183,0) classSizeGTE(4203205,0) classSizeGTE(4203227,0) classSizeGTE(4203242,0) classSizeGTE(4203257,0) classSizeGTE(4203287,0) classSizeGTE(4203617,0) classSizeGTE(4203837,0) classSizeGTE(4204247,0) classSizeGTE(4204434,0) classSizeGTE(4204585,0) classSizeGTE(4205166,0) classSizeGTE(4205204,0) classSizeGTE(4205242,0) classSizeGTE(4205376,0) classSizeGTE(4205775,0) classSizeGTE(4205930,0) classSizeGTE(4206242,0) classSizeGTE(4206279,0) classSizeGTE(4206324,0) classSizeGTE(4206340,0) classSizeGTE(4206501,0) classSizeGTE(4206709,0) classSizeGTE(4206718,0) classSizeGTE(4206769,0) classSizeGTE(4206864,0) classSizeGTE(4207008,0) classSizeGTE(4207152,0) classSizeGTE(4207222,0) classSizeGTE(4207250,0) classSizeGTE(4207273,0) classSizeGTE(4207298,0) classSizeGTE(4207323,0) classSizeGTE(4207346,0) classSizeGTE(4207376,0) classSizeGTE(4207431,0) classSizeGTE(4207863,0) classSizeGTE(4208227,0) classSizeGTE(4208344,0) classSizeGTE(4208549,0) classSizeGTE(4208576,0) classSizeGTE(4208675,0) classSizeGTE(4208738,0) classSizeGTE(4208753,0) classSizeGTE(4208822,0) classSizeGTE(4208898,0) classSizeGTE(4208976,0) classSizeGTE(4209008,0) classSizeGTE(4209143,0) classSizeGTE(4209286,0) classSizeGTE(4209439,0) classSizeGTE(4209770,0) classSizeGTE(4210670,0) classSizeGTE(4210803,0) classSizeGTE(4211645,0) classSizeGTE(4211654,0) classSizeGTE(4211702,0) classSizeGTE(4211732,0) classSizeGTE(4211817,0) classSizeGTE(4211925,0) classSizeGTE(4211942,0) classSizeGTE(4211957,0) classSizeGTE(4212000,0) classSizeGTE(4212064,0) classSizeGTE(4212144,0) classSizeGTE(4212332,0) classSizeGTE(4212415,0) classSizeGTE(4212439,0) classSizeGTE(4212448,0) classSizeGTE(4212576,0) classSizeGTE(4212736,0) classSizeGTE(4212768,0) classSizeGTE(4212837,0) classSizeGTE(4212969,0) classSizeGTE(4213004,0) classSizeGTE(4214183,0) classSizeGTE(4214313,0) classSizeGTE(4214496,0) classSizeGTE(4214518,0) classSizeGTE(4214540,0) classSizeGTE(4215427,0) classSizeGTE(4215532,0) classSizeGTE(4215786,0) classSizeGTE(4216273,0) classSizeGTE(4216343,0) classSizeGTE(4216574,0) classSizeGTE(4216638,0) classSizeGTE(4216833,0) classSizeGTE(4217168,0) classSizeGTE(4217232,0) classSizeGTE(4217312,0) classSizeGTE(4217376,0) classSizeGTE(4217474,0) classSizeGTE(4217480,0) classSizeGTE(4199510,0) classSizeGTE(4199520,0) classSizeGTE(4200463,0) classSizeGTE(4200524,0) classSizeGTE(4200851,0) classSizeGTE(4202098,0) classSizeGTE(4202712,0) classSizeGTE(4202863,0) classSizeGTE(4203162,0) classSizeGTE(4205945,0) classSizeGTE(4206524,0) classSizeGTE(4207444,0) classSizeGTE(4207803,0) classSizeGTE(4209847,0) classSizeGTE(4209956,0) classSizeGTE(4210015,0) classSizeGTE(4210115,0) classSizeGTE(4210515,0) classSizeGTE(4210679,0) classSizeGTE(4211292,0) classSizeGTE(4211693,0) classSizeGTE(4211798,0) classSizeGTE(4211868,0) classSizeGTE(4213921,0) classSizeGTE(4198400,4) classSizeGTE(4198400,8) classSizeGTE(4198400,9) classSizeGTE(4198400,16) classSizeGTE(4198432,8) classSizeGTE(4198432,9) classSizeGTE(4198432,16) classSizeGTE(4198464,8) classSizeGTE(4198464,9) classSizeGTE(4198464,16) classSizeGTE(4198496,4) classSizeGTE(4198496,8) classSizeGTE(4198496,9) classSizeGTE(4198496,16) classSizeGTE(4198528,8) classSizeGTE(4198528,9) classSizeGTE(4198528,16) classSizeGTE(4198560,8) classSizeGTE(4198560,9) classSizeGTE(4198560,16) classSizeGTE(4198592,20) classSizeGTE(4198592,4) classSizeGTE(4198592,36) classSizeGTE(4198672,20) classSizeGTE(4198688,36) classSizeGTE(4198774,4) classSizeGTE(4198909,4) classSizeGTE(4198920,4) classSizeGTE(4198959,4) classSizeGTE(4201591,4) classSizeGTE(4201591,8) classSizeGTE(4201591,9) classSizeGTE(4201620,8) classSizeGTE(4201633,8) classSizeGTE(4201633,9) classSizeGTE(4201697,9) classSizeGTE(4201697,8) classSizeGTE(4201727,8) classSizeGTE(4201780,4) classSizeGTE(4201791,4) classSizeGTE(4201830,8) classSizeGTE(4201830,4) classSizeGTE(4201830,9) classSizeGTE(4209008,13) classSizeGTE(4209008,12) classSizeGTE(4209008,4) classSizeGTE(4209008,8) classSizeGTE(4219248,16) classSizeGTE(4219232,16) classSizeGTE(4219248,4) classSizeGTE(4219248,8) classSizeGTE(4219248,9) classSizeGTE(4219232,4) classSizeGTE(4219232,8) classSizeGTE(4219232,9) classSizeGTE(4219248,20) classSizeGTE(4219248,24) classSizeGTE(4219248,25) classSizeGTE(4219248,32) classSizeGTE(4219232,20) classSizeGTE(4219232,24) classSizeGTE(4219232,25) classSizeGTE(4219232,32) classSizeGTE(4219272,4) classSizeGTE(4219272,8) classSizeGTE(4219272,9) objectInObject(4219272,4221916,0) objectInObject(4219248,4219216,16) objectInObject(4219232,4219216,16) objectInObject(4219248,4219200,0) objectInObject(4219232,4219200,0) derivedClass(4219232,4219200,0) derivedClass(4219248,4219200,0) derivedClass(4219232,4219216,16) derivedClass(4219248,4219216,16) derivedClass(4219272,4221916,0) classSizeLTE(4198592,36) classSizeLTE(4219216,36) classSizeLTE(4219200,36) vftableSizeTotal(68) mergeClasses(4219232,4219248) mergeClasses(4219200,4198400) mergeClasses(4219216,4198496) mergeClasses(4219248,4198592) mergeClasses(4219264,4198774) mergeClasses(4219272,4198909) mergeClasses(4219272,4198920) mergeClasses(4219272,4198959) mergeClasses(4221916,4201591) mergeClasses(4221916,4201791) mergeClasses(4221916,4201830) mergeClasses(4198400,4219200) mergeClasses(4198464,4219200) mergeClasses(4198432,4219200) mergeClasses(4198496,4219216) mergeClasses(4198528,4219216) mergeClasses(4198560,4219216) mergeClasses(4198774,4219264) mergeClasses(4198790,4219264) mergeClasses(4201697,4221916) mergeClasses(4201727,4221916) mergeClasses(4201633,4221916) mergeClasses(4201830,4221916) mergeClasses(4201791,4221916) mergeClasses(4201620,4221916) mergeClasses(4201591,4201791) mergeClasses(4201591,4201620) mergeClasses(4201780,4201791) mergeClasses(4198909,4198920) mergeClasses(4198774,4198790) mergeClasses(4198592,4198688) mergeClasses(4198592,4198672) mergeClasses(4198496,4198560) mergeClasses(4198496,4198528) mergeClasses(4198400,4198464) mergeClasses(4198400,4198432) mergeClasses(4201620,4201780) mergeClasses(4201620,4201791) mergeClasses(4201791,4201830) mergeClasses(4201620,4201830) mergeClasses(4198920,4198959) mergeClasses(4201591,4201780) mergeClasses(4201591,4201830) mergeClasses(4201780,4201830) mergeClasses(4198909,4198959) mergeClasses(4201633,4201697) mergeClasses(4201633,4201727) mergeClasses(4201697,4201727) mergeClasses(4201727,4201830) mergeClasses(4198672,4219232) mergeClasses(4198688,4219248) mergeClasses(4198920,4219272) mergeClasses(4201697,4201791) classRelatedMethod(4198400,4198464) classRelatedMethod(4198496,4198528) classRelatedMethod(4198464,4198400) classRelatedMethod(4198528,4198496) classRelatedMethod(4201697,4201633) classRelatedMethod(4201633,4201697) classRelatedMethod(4198400,4198592) classRelatedMethod(4198464,4198592) classRelatedMethod(4198774,4198790) classRelatedMethod(4201633,4201727) classRelatedMethod(4201697,4201791) classRelatedMethod(4201697,4201727) classRelatedMethod(4201727,4201830) classRelatedMethod(4201780,4198920) classRelatedMethod(4201830,4198959) classRelatedMethod(4198432,4219248) classRelatedMethod(4198432,4219200) classRelatedMethod(4198464,4219248) classRelatedMethod(4198464,4219200) classRelatedMethod(4198528,4219232) classRelatedMethod(4198528,4219216) classRelatedMethod(4198560,4219232) classRelatedMethod(4198560,4219216) classRelatedMethod(4198672,4219232) classRelatedMethod(4198688,4219248) classRelatedMethod(4198790,4219264) classRelatedMethod(4198920,4219272) classRelatedMethod(4201620,4221916) classRelatedMethod(4201620,4219272) classRelatedMethod(4201791,4221916) classRelatedMethod(4198592,4198400) classRelatedMethod(4198592,4198464) classRelatedMethod(4198790,4198774) classRelatedMethod(4201727,4201633) classRelatedMethod(4201791,4201697) classRelatedMethod(4201727,4201697) classRelatedMethod(4201830,4201727) classRelatedMethod(4198920,4201780) classRelatedMethod(4198959,4201830) classRelatedMethod(4219248,4198432) classRelatedMethod(4219200,4198432) classRelatedMethod(4219248,4198464) classRelatedMethod(4219200,4198464) classRelatedMethod(4219232,4198528) classRelatedMethod(4219216,4198528) classRelatedMethod(4219232,4198560) classRelatedMethod(4219216,4198560) classRelatedMethod(4219232,4198672) classRelatedMethod(4219248,4198688) classRelatedMethod(4219264,4198790) classRelatedMethod(4219272,4198920) classRelatedMethod(4221916,4201620) classRelatedMethod(4219272,4201620) classRelatedMethod(4221916,4201791)
Optimization: -68 -2576

% Equivalence classes (170 classes, 193 entities):
%   {4198400, 4198432, 4198464, 4219200}
%   {4198496, 4198528, 4198560, 4219216}
%   {4198592, 4198672, 4198688, 4219232, 4219248}
%   {4198704}
%   {4198774, 4198790, 4219264}
%   {4198823}
%   {4198865}
%   {4198898}
%   {4198909, 4198920, 4198959, 4219272}
%   {4198988}
%   {4199116}
%   {4199510}
%   {4199520}
%   {4199623}
%   {4199632}
%   {4199768}
%   {4199819}
%   {4199852}
%   {4199890}
%   {4200321}
%   {4200378}
%   {4200393}
%   {4200402}
%   {4200411}
%   {4200463}
%   {4200524}
%   {4200686}
%   {4200695}
%   {4200704}
%   {4200825}
%   {4200851}
%   {4201133}
%   {4201145}
%   {4201154}
%   {4201533}
%   {4201591, 4201620, 4201633, 4201697, 4201727, 4201780, 4201791, 4201830, 4221916}
%   {4201867}
%   {4202049}
%   {4202098}
%   {4202152}
%   {4202158}
%   {4202181}
%   {4202329}
%   {4202344}
%   {4202384}
%   {4202460}
%   {4202526}
%   {4202540}
%   {4202583}
%   {4202607}
%   {4202616}
%   {4202625}
%   {4202676}
%   {4202712}
%   {4202863}
%   {4203162}
%   {4203183}
%   {4203205}
%   {4203227}
%   {4203242}
%   {4203257}
%   {4203287}
%   {4203617}
%   {4203837}
%   {4204247}
%   {4204434}
%   {4204585}
%   {4205166}
%   {4205204}
%   {4205242}
%   {4205376}
%   {4205775}
%   {4205930}
%   {4205945}
%   {4206242}
%   {4206279}
%   {4206324}
%   {4206340}
%   {4206501}
%   {4206524}
%   {4206709}
%   {4206718}
%   {4206769}
%   {4206864}
%   {4207008}
%   {4207152}
%   {4207222}
%   {4207250}
%   {4207273}
%   {4207298}
%   {4207323}
%   {4207346}
%   {4207376}
%   {4207431}
%   {4207444}
%   {4207803}
%   {4207863}
%   {4208227}
%   {4208344}
%   {4208549}
%   {4208576}
%   {4208675}
%   {4208738}
%   {4208753}
%   {4208822}
%   {4208898}
%   {4208976}
%   {4209008}
%   {4209143}
%   {4209286}
%   {4209439}
%   {4209770}
%   {4209847}
%   {4209956}
%   {4210015}
%   {4210115}
%   {4210515}
%   {4210670}
%   {4210679}
%   {4210803}
%   {4211292}
%   {4211645}
%   {4211654}
%   {4211693}
%   {4211702}
%   {4211732}
%   {4211798}
%   {4211817}
%   {4211868}
%   {4211925}
%   {4211942}
%   {4211957}
%   {4212000}
%   {4212064}
%   {4212144}
%   {4212332}
%   {4212415}
%   {4212439}
%   {4212448}
%   {4212576}
%   {4212736}
%   {4212768}
%   {4212837}
%   {4212969}
%   {4213004}
%   {4213921}
%   {4214183}
%   {4214313}
%   {4214496}
%   {4214518}
%   {4214540}
%   {4215427}
%   {4215532}
%   {4215786}
%   {4216273}
%   {4216343}
%   {4216574}
%   {4216638}
%   {4216833}
%   {4217168}
%   {4217232}
%   {4217312}
%   {4217376}
%   {4217474}
%   {4217480}
%   {4227420}
%   {4227492}
%   {4227600}
%   {4227620}
%   {4227692}

% Guess candidates:
%   [method]
%     guessMethodDomain: 181  [guessMethodDomain(4198400) guessMethodDomain(4198432) guessMethodDomain(4198464) guessMethodDomain(4198496) guessMethodDomain(4198528) guessMethodDomain(4198560) guessMethodDomain(4198592) guessMethodDomain(4198672) guessMethodDomain(4198688) guessMethodDomain(4198704) guessMethodDomain(4198774) guessMethodDomain(4198790) guessMethodDomain(4198823) guessMethodDomain(4198865) guessMethodDomain(4198898) guessMethodDomain(4198909) guessMethodDomain(4198920) guessMethodDomain(4198959) guessMethodDomain(4198988) guessMethodDomain(4199116) guessMethodDomain(4199510) guessMethodDomain(4199520) guessMethodDomain(4199623) guessMethodDomain(4199632) guessMethodDomain(4199768) guessMethodDomain(4199819) guessMethodDomain(4199852) guessMethodDomain(4199890) guessMethodDomain(4200321) guessMethodDomain(4200378) guessMethodDomain(4200393) guessMethodDomain(4200402) guessMethodDomain(4200411) guessMethodDomain(4200463) guessMethodDomain(4200524) guessMethodDomain(4200686) guessMethodDomain(4200695) guessMethodDomain(4200704) guessMethodDomain(4200825) guessMethodDomain(4200851) guessMethodDomain(4201133) guessMethodDomain(4201145) guessMethodDomain(4201154) guessMethodDomain(4201533) guessMethodDomain(4201591) guessMethodDomain(4201620) guessMethodDomain(4201633) guessMethodDomain(4201697) guessMethodDomain(4201727) guessMethodDomain(4201780) guessMethodDomain(4201791) guessMethodDomain(4201830) guessMethodDomain(4201867) guessMethodDomain(4202049) guessMethodDomain(4202098) guessMethodDomain(4202152) guessMethodDomain(4202158) guessMethodDomain(4202181) guessMethodDomain(4202329) guessMethodDomain(4202344) guessMethodDomain(4202384) guessMethodDomain(4202460) guessMethodDomain(4202526) guessMethodDomain(4202540) guessMethodDomain(4202583) guessMethodDomain(4202607) guessMethodDomain(4202616) guessMethodDomain(4202625) guessMethodDomain(4202676) guessMethodDomain(4202712) guessMethodDomain(4202863) guessMethodDomain(4203162) guessMethodDomain(4203183) guessMethodDomain(4203205) guessMethodDomain(4203227) guessMethodDomain(4203242) guessMethodDomain(4203257) guessMethodDomain(4203287) guessMethodDomain(4203617) guessMethodDomain(4203837) guessMethodDomain(4204247) guessMethodDomain(4204434) guessMethodDomain(4204585) guessMethodDomain(4205166) guessMethodDomain(4205204) guessMethodDomain(4205242) guessMethodDomain(4205376) guessMethodDomain(4205775) guessMethodDomain(4205930) guessMethodDomain(4205945) guessMethodDomain(4206242) guessMethodDomain(4206279) guessMethodDomain(4206324) guessMethodDomain(4206340) guessMethodDomain(4206501) guessMethodDomain(4206524) guessMethodDomain(4206709) guessMethodDomain(4206718) guessMethodDomain(4206769) guessMethodDomain(4206864) guessMethodDomain(4207008) guessMethodDomain(4207152) guessMethodDomain(4207222) guessMethodDomain(4207250) guessMethodDomain(4207273) guessMethodDomain(4207298) guessMethodDomain(4207323) guessMethodDomain(4207346) guessMethodDomain(4207376) guessMethodDomain(4207431) guessMethodDomain(4207444) guessMethodDomain(4207803) guessMethodDomain(4207863) guessMethodDomain(4208227) guessMethodDomain(4208344) guessMethodDomain(4208549) guessMethodDomain(4208576) guessMethodDomain(4208675) guessMethodDomain(4208738) guessMethodDomain(4208753) guessMethodDomain(4208822) guessMethodDomain(4208898) guessMethodDomain(4208976) guessMethodDomain(4209008) guessMethodDomain(4209143) guessMethodDomain(4209286) guessMethodDomain(4209439) guessMethodDomain(4209770) guessMethodDomain(4209847) guessMethodDomain(4209956) guessMethodDomain(4210015) guessMethodDomain(4210115) guessMethodDomain(4210515) guessMethodDomain(4210670) guessMethodDomain(4210679) guessMethodDomain(4210803) guessMethodDomain(4211292) guessMethodDomain(4211645) guessMethodDomain(4211654) guessMethodDomain(4211693) guessMethodDomain(4211702) guessMethodDomain(4211732) guessMethodDomain(4211798) guessMethodDomain(4211817) guessMethodDomain(4211868) guessMethodDomain(4211925) guessMethodDomain(4211942) guessMethodDomain(4211957) guessMethodDomain(4212000) guessMethodDomain(4212064) guessMethodDomain(4212144) guessMethodDomain(4212332) guessMethodDomain(4212415) guessMethodDomain(4212439) guessMethodDomain(4212448) guessMethodDomain(4212576) guessMethodDomain(4212736) guessMethodDomain(4212768) guessMethodDomain(4212837) guessMethodDomain(4212969) guessMethodDomain(4213004) guessMethodDomain(4213921) guessMethodDomain(4214183) guessMethodDomain(4214313) guessMethodDomain(4214496) guessMethodDomain(4214518) guessMethodDomain(4214540) guessMethodDomain(4215427) guessMethodDomain(4215532) guessMethodDomain(4215786) guessMethodDomain(4216273) guessMethodDomain(4216343) guessMethodDomain(4216574) guessMethodDomain(4216638) guessMethodDomain(4216833) guessMethodDomain(4217168) guessMethodDomain(4217232) guessMethodDomain(4217312) guessMethodDomain(4217376) guessMethodDomain(4217474) guessMethodDomain(4217480)]
%   [constructor]
%     guessConstructor1Domain: 6  [guessConstructor1Domain(4198400) guessConstructor1Domain(4198496) guessConstructor1Domain(4198592) guessConstructor1Domain(4198959) guessConstructor1Domain(4201591) guessConstructor1Domain(4201830)]
%     guessConstructor2Domain: 6  [guessConstructor2Domain(4198400) guessConstructor2Domain(4198496) guessConstructor2Domain(4198592) guessConstructor2Domain(4198959) guessConstructor2Domain(4201591) guessConstructor2Domain(4201830)]
%     guessConstructor3Domain: 8  [guessConstructor3Domain(4198400) guessConstructor3Domain(4198496) guessConstructor3Domain(4198592) guessConstructor3Domain(4198959) guessConstructor3Domain(4201591) guessConstructor3Domain(4201727) guessConstructor3Domain(4201830) guessConstructor3Domain(4209008)]
%     guessConstructor4Domain: 8  [guessConstructor4Domain(4198400) guessConstructor4Domain(4198496) guessConstructor4Domain(4198592) guessConstructor4Domain(4198959) guessConstructor4Domain(4201591) guessConstructor4Domain(4201727) guessConstructor4Domain(4201830) guessConstructor4Domain(4209008)]
%   [destructor]
%     possibleDestructor: 26  [possibleDestructor(4198432) possibleDestructor(4198464) possibleDestructor(4198528) possibleDestructor(4198560) possibleDestructor(4198592) possibleDestructor(4198672) possibleDestructor(4198688) possibleDestructor(4198774) possibleDestructor(4198790) possibleDestructor(4198909) possibleDestructor(4198920) possibleDestructor(4198959) possibleDestructor(4201591) possibleDestructor(4201620) possibleDestructor(4201633) possibleDestructor(4201727) possibleDestructor(4201780) possibleDestructor(4201791) possibleDestructor(4201830) possibleDestructor(4208738) possibleDestructor(4209008) possibleDestructor(4211654) possibleDestructor(4213004) possibleDestructor(4214496) possibleDestructor(4214518) possibleDestructor(4217474)]
%   [vftable]
%     possibleVFTable: 7  [possibleVFTable(4219200) possibleVFTable(4219216) possibleVFTable(4219232) possibleVFTable(4219248) possibleVFTable(4219264) possibleVFTable(4219272) possibleVFTable(4221916)]
%   [vftable_size]
%     candidateVFTableSize: 22  [candidateVFTableSize(4219200,12) candidateVFTableSize(4219200,16) candidateVFTableSize(4219200,4) candidateVFTableSize(4219200,8) candidateVFTableSize(4219216,12) candidateVFTableSize(4219216,16) candidateVFTableSize(4219216,4) candidateVFTableSize(4219216,8) candidateVFTableSize(4219232,12) candidateVFTableSize(4219232,16) candidateVFTableSize(4219232,4) candidateVFTableSize(4219232,8) candidateVFTableSize(4219248,12) candidateVFTableSize(4219248,16) candidateVFTableSize(4219248,4) candidateVFTableSize(4219248,8) candidateVFTableSize(4219264,4) candidateVFTableSize(4219264,8) candidateVFTableSize(4219272,4) candidateVFTableSize(4219272,8) candidateVFTableSize(4221916,4) candidateVFTableSize(4221916,8)]
%   [merge]
%     strongMergeCandidate: 27  [strongMergeCandidate(4198400,4198432) strongMergeCandidate(4198400,4198464) strongMergeCandidate(4198432,4198592) strongMergeCandidate(4198464,4198592) strongMergeCandidate(4198496,4198528) strongMergeCandidate(4198496,4198560) strongMergeCandidate(4198528,4198592) strongMergeCandidate(4198560,4198592) strongMergeCandidate(4198592,4198672) strongMergeCandidate(4198592,4198688) strongMergeCandidate(4198774,4198790) strongMergeCandidate(4198909,4198920) strongMergeCandidate(4198909,4198959) strongMergeCandidate(4198909,4201620) strongMergeCandidate(4198920,4198959) strongMergeCandidate(4198920,4201620) strongMergeCandidate(4198959,4201620) strongMergeCandidate(4201591,4201620) strongMergeCandidate(4201591,4201780) strongMergeCandidate(4201591,4201791) strongMergeCandidate(4201591,4201830) strongMergeCandidate(4201620,4201780) strongMergeCandidate(4201620,4201791) strongMergeCandidate(4201620,4201830) strongMergeCandidate(4201780,4201791) strongMergeCandidate(4201780,4201830) strongMergeCandidate(4201791,4201830)]
%     weakMergeCandidate: 27  [weakMergeCandidate(4198400,4198464) weakMergeCandidate(4198400,4198592) weakMergeCandidate(4198432,4219200) weakMergeCandidate(4198432,4219248) weakMergeCandidate(4198464,4198592) weakMergeCandidate(4198464,4219200) weakMergeCandidate(4198464,4219248) weakMergeCandidate(4198496,4198528) weakMergeCandidate(4198528,4219216) weakMergeCandidate(4198528,4219232) weakMergeCandidate(4198560,4219216) weakMergeCandidate(4198560,4219232) weakMergeCandidate(4198672,4219232) weakMergeCandidate(4198688,4219248) weakMergeCandidate(4198774,4198790) weakMergeCandidate(4198790,4219264) weakMergeCandidate(4198920,4201780) weakMergeCandidate(4198920,4219272) weakMergeCandidate(4198959,4201830) weakMergeCandidate(4201620,4219272) weakMergeCandidate(4201620,4221916) weakMergeCandidate(4201633,4201697) weakMergeCandidate(4201633,4201727) weakMergeCandidate(4201697,4201727) weakMergeCandidate(4201697,4201791) weakMergeCandidate(4201727,4201830) weakMergeCandidate(4201791,4221916)]
%   [composition]
%     objectInObject: 5  [objectInObject(4219232,4219200,0) objectInObject(4219232,4219216,16) objectInObject(4219248,4219200,0) objectInObject(4219248,4219216,16) objectInObject(4219272,4221916,0)]
% Selected guesses:
%   [method]  (181 candidate(s))
%     method: 181  [method(4198400) method(4198432) method(4198464) method(4198496) method(4198528) method(4198560) method(4198592) method(4198672) method(4198688) method(4198704) method(4198774) method(4198790) method(4198823) method(4198865) method(4198898) method(4198909) method(4198920) method(4198959) method(4198988) method(4199116) method(4199510) method(4199520) method(4199623) method(4199632) method(4199768) method(4199819) method(4199852) method(4199890) method(4200321) method(4200378) method(4200393) method(4200402) method(4200411) method(4200463) method(4200524) method(4200686) method(4200695) method(4200704) method(4200825) method(4200851) method(4201133) method(4201145) method(4201154) method(4201533) method(4201591) method(4201620) method(4201633) method(4201697) method(4201727) method(4201780) method(4201791) method(4201830) method(4201867) method(4202049) method(4202098) method(4202152) method(4202158) method(4202181) method(4202329) method(4202344) method(4202384) method(4202460) method(4202526) method(4202540) method(4202583) method(4202607) method(4202616) method(4202625) method(4202676) method(4202712) method(4202863) method(4203162) method(4203183) method(4203205) method(4203227) method(4203242) method(4203257) method(4203287) method(4203617) method(4203837) method(4204247) method(4204434) method(4204585) method(4205166) method(4205204) method(4205242) method(4205376) method(4205775) method(4205930) method(4205945) method(4206242) method(4206279) method(4206324) method(4206340) method(4206501) method(4206524) method(4206709) method(4206718) method(4206769) method(4206864) method(4207008) method(4207152) method(4207222) method(4207250) method(4207273) method(4207298) method(4207323) method(4207346) method(4207376) method(4207431) method(4207444) method(4207803) method(4207863) method(4208227) method(4208344) method(4208549) method(4208576) method(4208675) method(4208738) method(4208753) method(4208822) method(4208898) method(4208976) method(4209008) method(4209143) method(4209286) method(4209439) method(4209770) method(4209847) method(4209956) method(4210015) method(4210115) method(4210515) method(4210670) method(4210679) method(4210803) method(4211292) method(4211645) method(4211654) method(4211693) method(4211702) method(4211732) method(4211798) method(4211817) method(4211868) method(4211925) method(4211942) method(4211957) method(4212000) method(4212064) method(4212144) method(4212332) method(4212415) method(4212439) method(4212448) method(4212576) method(4212736) method(4212768) method(4212837) method(4212969) method(4213004) method(4213921) method(4214183) method(4214313) method(4214496) method(4214518) method(4214540) method(4215427) method(4215532) method(4215786) method(4216273) method(4216343) method(4216574) method(4216638) method(4216833) method(4217168) method(4217232) method(4217312) method(4217376) method(4217474) method(4217480)]
%     -method: 0  []
%   [constructor]  (28 candidate(s))
%     constructor: 8  [constructor(4198400) constructor(4198496) constructor(4198592) constructor(4198909) constructor(4198959) constructor(4201591) constructor(4201830) constructor(4209008)]
%     -constructor: 16  [-constructor(4198432) -constructor(4198464) -constructor(4198528) -constructor(4198560) -constructor(4198672) -constructor(4198688) -constructor(4198774) -constructor(4198790) -constructor(4198823) -constructor(4198920) -constructor(4201620) -constructor(4201633) -constructor(4201697) -constructor(4201727) -constructor(4201780) -constructor(4201791)]
%   [destructor]  (26 candidate(s))
%     realDestructor: 2  [realDestructor(4198774) realDestructor(4201780)]
%     deletingDestructor: 3  [deletingDestructor(4198790) deletingDestructor(4198920) deletingDestructor(4201791)]
%   [vftable]  (7 candidate(s))
%     vfTable: 7  [vfTable(4219200) vfTable(4219216) vfTable(4219232) vfTable(4219248) vfTable(4219264) vfTable(4219272) vfTable(4221916)]
%     -vfTable: 0  []
%   [vftable_size]  (22 candidate(s))
%     vfTableSize: 7  [vfTableSize(4219200,12) vfTableSize(4219216,12) vfTableSize(4219232,12) vfTableSize(4219248,12) vfTableSize(4219264,4) vfTableSize(4219272,8) vfTableSize(4221916,8)]
%   [merge]  (54 candidate(s))
%     mergeClasses: 53  [mergeClasses(4198400,4198432) mergeClasses(4198400,4198464) mergeClasses(4198400,4219200) mergeClasses(4198432,4219200) mergeClasses(4198464,4219200) mergeClasses(4198496,4198528) mergeClasses(4198496,4198560) mergeClasses(4198496,4219216) mergeClasses(4198528,4219216) mergeClasses(4198560,4219216) mergeClasses(4198592,4198672) mergeClasses(4198592,4198688) mergeClasses(4198672,4219232) mergeClasses(4198688,4219248) mergeClasses(4198774,4198790) mergeClasses(4198774,4219264) mergeClasses(4198790,4219264) mergeClasses(4198909,4198920) mergeClasses(4198909,4198959) mergeClasses(4198920,4198959) mergeClasses(4198920,4219272) mergeClasses(4201591,4201620) mergeClasses(4201591,4201780) mergeClasses(4201591,4201791) mergeClasses(4201591,4201830) mergeClasses(4201620,4201780) mergeClasses(4201620,4201791) mergeClasses(4201620,4201830) mergeClasses(4201620,4221916) mergeClasses(4201633,4201697) mergeClasses(4201633,4201727) mergeClasses(4201633,4221916) mergeClasses(4201697,4201727) mergeClasses(4201697,4201791) mergeClasses(4201697,4221916) mergeClasses(4201727,4201830) mergeClasses(4201727,4221916) mergeClasses(4201780,4201791) mergeClasses(4201780,4201830) mergeClasses(4201791,4201830) mergeClasses(4201791,4221916) mergeClasses(4201830,4221916) mergeClasses(4219200,4198400) mergeClasses(4219216,4198496) mergeClasses(4219232,4219248) mergeClasses(4219248,4198592) mergeClasses(4219264,4198774) mergeClasses(4219272,4198909) mergeClasses(4219272,4198920) mergeClasses(4219272,4198959) mergeClasses(4221916,4201591) mergeClasses(4221916,4201791) mergeClasses(4221916,4201830)]
%     -mergeClasses: 83  [-mergeClasses(4198400,4198496) -mergeClasses(4198400,4198592) -mergeClasses(4198400,4198774) -mergeClasses(4198400,4198909) -mergeClasses(4198400,4198920) -mergeClasses(4198400,4198959) -mergeClasses(4198400,4201591) -mergeClasses(4198400,4201780) -mergeClasses(4198400,4201791) -mergeClasses(4198400,4201830) -mergeClasses(4198432,4198592) -mergeClasses(4198432,4219232) -mergeClasses(4198432,4219248) -mergeClasses(4198464,4198592) -mergeClasses(4198464,4219232) -mergeClasses(4198464,4219248) -mergeClasses(4198496,4198592) -mergeClasses(4198496,4198774) -mergeClasses(4198496,4198909) -mergeClasses(4198496,4198920) -mergeClasses(4198496,4198959) -mergeClasses(4198496,4201591) -mergeClasses(4198496,4201780) -mergeClasses(4198496,4201791) -mergeClasses(4198496,4201830) -mergeClasses(4198528,4198592) -mergeClasses(4198528,4219232) -mergeClasses(4198528,4219248) -mergeClasses(4198560,4198592) -mergeClasses(4198560,4219232) -mergeClasses(4198560,4219248) -mergeClasses(4198592,4198774) -mergeClasses(4198592,4198909) -mergeClasses(4198592,4198920) -mergeClasses(4198592,4198959) -mergeClasses(4198592,4201591) -mergeClasses(4198592,4201780) -mergeClasses(4198592,4201791) -mergeClasses(4198592,4201830) -mergeClasses(4198774,4198909) -mergeClasses(4198774,4198920) -mergeClasses(4198774,4198959) -mergeClasses(4198774,4201591) -mergeClasses(4198774,4201780) -mergeClasses(4198774,4201791) -mergeClasses(4198774,4201830) -mergeClasses(4198909,4201591) -mergeClasses(4198909,4201620) -mergeClasses(4198909,4201780) -mergeClasses(4198909,4201791) -mergeClasses(4198909,4201830) -mergeClasses(4198920,4201591) -mergeClasses(4198920,4201620) -mergeClasses(4198920,4201780) -mergeClasses(4198920,4201791) -mergeClasses(4198920,4201830) -mergeClasses(4198920,4221916) -mergeClasses(4198959,4201591) -mergeClasses(4198959,4201620) -mergeClasses(4198959,4201780) -mergeClasses(4198959,4201791) -mergeClasses(4198959,4201830) -mergeClasses(4201620,4219272) -mergeClasses(4219200,4219216) -mergeClasses(4219200,4219232) -mergeClasses(4219200,4219248) -mergeClasses(4219200,4219264) -mergeClasses(4219200,4219272) -mergeClasses(4219200,4221916) -mergeClasses(4219216,4219232) -mergeClasses(4219216,4219248) -mergeClasses(4219216,4219264) -mergeClasses(4219216,4219272) -mergeClasses(4219216,4221916) -mergeClasses(4219232,4219264) -mergeClasses(4219232,4219272) -mergeClasses(4219232,4221916) -mergeClasses(4219248,4219264) -mergeClasses(4219248,4219272) -mergeClasses(4219248,4221916) -mergeClasses(4219264,4219272) -mergeClasses(4219264,4221916) -mergeClasses(4219272,4221916)]
%   [composition]  (5 candidate(s))
%     derivedClass: 5  [derivedClass(4219232,4219200,0) derivedClass(4219232,4219216,16) derivedClass(4219248,4219200,0) derivedClass(4219248,4219216,16) derivedClass(4219272,4221916,0)]
%     embeddedObject: 0  []
15:21:50 Writing results to examples/ooa/ooex_vs2010/Lite/ooex5.results

% Stats:
%   atoms: 11545.0
%   bodies: 6717.0
%   rules: 15759.0
%   variables: 5063.0
%   constraints: 257.0
%   choices: 22867.0
%   conflicts: 411.0
%   models: 38.0
%   optimal_models: 1.0
%   final_cost: [-68.0, -2576.0]
%   lower_bound: [-68.0, -2576.0]
%   total_time: 0.7429349422454834
%   ground_time: 0.1002322481945157
%   time_to_first_model: 0.2617262382991612
%   max_rss_bytes: 40108032
%   solve_time: 0.47256016731262207
