15:21:49 Grounding...
15:21:49 Grounding done (0.04s)
15:21:49 Solving...
15:21:49 Model found (0.08s): [-28, -2358]
15:21:49 Model found (0.09s, +0.00s): [-28, -2391]
15:21:49 Model found (0.09s, +0.00s): [-28, -2419]
15:21:49 Model found (0.09s, +0.00s): [-28, -2429]
15:21:49 Model found (0.10s, +0.00s): [-28, -2436]
15:21:49 Model found (0.10s, +0.00s): [-28, -2446]
15:21:49 Model found (0.10s, +0.00s): [-28, -2456]
15:21:49 Model found (0.11s, +0.00s): [-28, -2466]
15:21:49 Model found (0.11s, +0.00s): [-28, -2476]
15:21:49 Model found (0.11s, +0.00s): [-28, -2483]
15:21:49 Model found (0.12s, +0.00s): [-28, -2493]
15:21:49 Model found (0.12s, +0.00s): [-28, -2500]
15:21:49 Model found (0.12s, +0.00s): [-28, -2510]
15:21:49 Model found (0.13s, +0.01s): [-28, -2517]
15:21:49 Model found (0.14s, +0.00s): [-28, -2527]
15:21:49 Solving done: OPTIMUM FOUND (0.10s)
% Command: ooanalyzer.py examples/ooa/ooex_vs2008/Debug/ooex4.lp -n -1 --opt-strategy bb,lin --heuristic=domain --sign-def=neg --time-limit=300 -t2 --stats --show-guesses --results examples/ooa/ooex_vs2008/Debug/ooex4.results
OPTIMUM FOUND

Answer: 15
guessEnabled(method) guessEnabled(constructor) guessEnabled(vftable) guessEnabled(vftable_size) guessEnabled(derived_class) guessEnabled(weak_g1_bonus) guessEnabled(merge) method(4297312) method(4263941) method(4263946) method(4263951) method(4263956) method(4263961) method(4263966) method(4263971) method(4263976) method(4263981) method(4263986) method(4263991) method(4263996) method(4264001) method(4264006) method(4264011) method(4264016) method(4264021) method(4264026) method(4264031) method(4264036) method(4264041) method(4264046) method(4264051) method(4264056) method(4264061) method(4264066) method(4264071) method(4264076) method(4264081) method(4264086) method(4264091) method(4264101) method(4264106) method(4264111) method(4264116) method(4264121) method(4264126) method(4264131) method(4264136) method(4264141) method(4264146) method(4264151) method(4264156) method(4264161) method(4264166) method(4264171) method(4264176) method(4264181) method(4264186) method(4264191) method(4264196) method(4264201) method(4264206) method(4264211) method(4264216) method(4264221) method(4264226) method(4264231) method(4264236) method(4264241) method(4264246) method(4264251) method(4264256) method(4264261) method(4264266) method(4264271) method(4264276) method(4264281) method(4264286) method(4264291) method(4264296) method(4264301) method(4264306) method(4264311) method(4264316) method(4264321) method(4264326) method(4264331) method(4264336) method(4264341) method(4264346) method(4264351) method(4264356) method(4264361) method(4264366) method(4264371) method(4264376) method(4264381) method(4264386) method(4264391) method(4264396) method(4264401) method(4264406) method(4264411) method(4264416) method(4264421) method(4264426) method(4264431) method(4264436) method(4264441) method(4264446) method(4264451) method(4264456) method(4264461) method(4264466) method(4264471) method(4264476) method(4265024) method(4265328) method(4265504) method(4265616) method(4265712) method(4265808) method(4265872) method(4265878) method(4265884) method(4265904) method(4265984) method(4266112) method(4266176) method(4266448) method(4266512) method(4266536) method(4266544) method(4266592) method(4266736) method(4266758) method(4266768) method(4266976) method(4267088) method(4267120) method(4267856) method(4267872) method(4268448) method(4268496) method(4268672) method(4268784) method(4269440) method(4269648) method(4269968) method(4270352) method(4270496) method(4270800) method(4270816) method(4270896) method(4270944) method(4270992) method(4271008) method(4271014) method(4271024) method(4271248) method(4271424) method(4271488) method(4271616) method(4271642) method(4271648) method(4271728) method(4271782) method(4271792) method(4271808) method(4271824) method(4271872) method(4271920) method(4271926) method(4271936) method(4272165) method(4272272) method(4272308) method(4272314) method(4272320) method(4272326) method(4272336) method(4272610) method(4272616) method(4272622) method(4272628) method(4272634) method(4272640) method(4272768) method(4272928) method(4273270) method(4273276) method(4273282) method(4273296) method(4273348) method(4273360) method(4274240) method(4274828) method(4274834) method(4274840) method(4274846) method(4274852) method(4274858) method(4274864) method(4274870) method(4274876) method(4274882) method(4274888) method(4274894) method(4274900) method(4274906) method(4274912) method(4274918) method(4274924) method(4274930) method(4274936) method(4274942) method(4274948) method(4274954) method(4274960) method(4274966) method(4274972) method(4274978) method(4274984) method(4274990) method(4274996) method(4275002) method(4275008) method(4275014) method(4275020) method(4275026) method(4275032) method(4278974) method(4265936) method(4268096) method(4271150) method(4278960) method(4297428) constructor(4265328) constructor(4265504) constructor(4266544) constructor(4266736) deletingDestructor(4266592) vfTable(4286272) vfTable(4286292) vfTable(4286312) classCallsMethod(4266592,4297312) classCallsMethod(4265328,4265504) classCallsMethod(4265328,4265616) classCallsMethod(4265328,4265712) classCallsMethod(4286292,4265616) classCallsMethod(4286272,4265616) classCallsMethod(4286292,4265712) classCallsMethod(4286272,4265712) classCallsMethod(4286272,4265808) classCallsMethod(4286312,4266592) vfTableWrite(4266556,4266544,0,4286312) vfTableWrite(4265542,4265504,0,4286292) vfTableWrite(4265374,4265328,0,4286272) vfTableEntry(4286312,0,4264141) vfTableEntry(4286272,8,4264251) vfTableEntry(4286272,4,4264196) vfTableEntry(4286292,4,4264196) vfTableEntry(4286272,0,4264436) vfTableEntry(4286292,0,4264436) vfTableEntry(4286292,8,4264296) vfTableSize(4286272,12) vfTableSize(4286292,12) vfTableSize(4286312,4) vftableBelongsToClass(4286272,0,4265328) vftableBelongsToClass(4286292,0,4265504) vftableBelongsToClass(4286312,0,4266544) classSizeGTE(4286272,0) classSizeGTE(4286292,0) classSizeGTE(4286312,0) classSizeGTE(4297312,0) classSizeGTE(4263941,0) classSizeGTE(4263946,0) classSizeGTE(4263951,0) classSizeGTE(4263956,0) classSizeGTE(4263961,0) classSizeGTE(4263966,0) classSizeGTE(4263971,0) classSizeGTE(4263976,0) classSizeGTE(4263981,0) classSizeGTE(4263986,0) classSizeGTE(4263991,0) classSizeGTE(4263996,0) classSizeGTE(4264001,0) classSizeGTE(4264006,0) classSizeGTE(4264011,0) classSizeGTE(4264016,0) classSizeGTE(4264021,0) classSizeGTE(4264026,0) classSizeGTE(4264031,0) classSizeGTE(4264036,0) classSizeGTE(4264041,0) classSizeGTE(4264046,0) classSizeGTE(4264051,0) classSizeGTE(4264056,0) classSizeGTE(4264061,0) classSizeGTE(4264066,0) classSizeGTE(4264071,0) classSizeGTE(4264076,0) classSizeGTE(4264081,0) classSizeGTE(4264086,0) classSizeGTE(4264091,0) classSizeGTE(4264101,0) classSizeGTE(4264106,0) classSizeGTE(4264111,0) classSizeGTE(4264116,0) classSizeGTE(4264121,0) classSizeGTE(4264126,0) classSizeGTE(4264131,0) classSizeGTE(4264136,0) classSizeGTE(4264141,0) classSizeGTE(4264146,0) classSizeGTE(4264151,0) classSizeGTE(4264156,0) classSizeGTE(4264161,0) classSizeGTE(4264166,0) classSizeGTE(4264171,0) classSizeGTE(4264176,0) classSizeGTE(4264181,0) classSizeGTE(4264186,0) classSizeGTE(4264191,0) classSizeGTE(4264196,0) classSizeGTE(4264201,0) classSizeGTE(4264206,0) classSizeGTE(4264211,0) classSizeGTE(4264216,0) classSizeGTE(4264221,0) classSizeGTE(4264226,0) classSizeGTE(4264231,0) classSizeGTE(4264236,0) classSizeGTE(4264241,0) classSizeGTE(4264246,0) classSizeGTE(4264251,0) classSizeGTE(4264256,0) classSizeGTE(4264261,0) classSizeGTE(4264266,0) classSizeGTE(4264271,0) classSizeGTE(4264276,0) classSizeGTE(4264281,0) classSizeGTE(4264286,0) classSizeGTE(4264291,0) classSizeGTE(4264296,0) classSizeGTE(4264301,0) classSizeGTE(4264306,0) classSizeGTE(4264311,0) classSizeGTE(4264316,0) classSizeGTE(4264321,0) classSizeGTE(4264326,0) classSizeGTE(4264331,0) classSizeGTE(4264336,0) classSizeGTE(4264341,0) classSizeGTE(4264346,0) classSizeGTE(4264351,0) classSizeGTE(4264356,0) classSizeGTE(4264361,0) classSizeGTE(4264366,0) classSizeGTE(4264371,0) classSizeGTE(4264376,0) classSizeGTE(4264381,0) classSizeGTE(4264386,0) classSizeGTE(4264391,0) classSizeGTE(4264396,0) classSizeGTE(4264401,0) classSizeGTE(4264406,0) classSizeGTE(4264411,0) classSizeGTE(4264416,0) classSizeGTE(4264421,0) classSizeGTE(4264426,0) classSizeGTE(4264431,0) classSizeGTE(4264436,0) classSizeGTE(4264441,0) classSizeGTE(4264446,0) classSizeGTE(4264451,0) classSizeGTE(4264456,0) classSizeGTE(4264461,0) classSizeGTE(4264466,0) classSizeGTE(4264471,0) classSizeGTE(4264476,0) classSizeGTE(4265024,0) classSizeGTE(4265328,0) classSizeGTE(4265504,0) classSizeGTE(4265616,0) classSizeGTE(4265712,0) classSizeGTE(4265808,0) classSizeGTE(4265872,0) classSizeGTE(4265878,0) classSizeGTE(4265884,0) classSizeGTE(4265904,0) classSizeGTE(4265984,0) classSizeGTE(4266112,0) classSizeGTE(4266176,0) classSizeGTE(4266448,0) classSizeGTE(4266512,0) classSizeGTE(4266536,0) classSizeGTE(4266544,0) classSizeGTE(4266592,0) classSizeGTE(4266736,0) classSizeGTE(4266758,0) classSizeGTE(4266768,0) classSizeGTE(4266976,0) classSizeGTE(4267088,0) classSizeGTE(4267120,0) classSizeGTE(4267856,0) classSizeGTE(4267872,0) classSizeGTE(4268448,0) classSizeGTE(4268496,0) classSizeGTE(4268672,0) classSizeGTE(4268784,0) classSizeGTE(4269440,0) classSizeGTE(4269648,0) classSizeGTE(4269968,0) classSizeGTE(4270352,0) classSizeGTE(4270496,0) classSizeGTE(4270800,0) classSizeGTE(4270816,0) classSizeGTE(4270896,0) classSizeGTE(4270944,0) classSizeGTE(4270992,0) classSizeGTE(4271008,0) classSizeGTE(4271014,0) classSizeGTE(4271024,0) classSizeGTE(4271248,0) classSizeGTE(4271424,0) classSizeGTE(4271488,0) classSizeGTE(4271616,0) classSizeGTE(4271642,0) classSizeGTE(4271648,0) classSizeGTE(4271728,0) classSizeGTE(4271782,0) classSizeGTE(4271792,0) classSizeGTE(4271808,0) classSizeGTE(4271824,0) classSizeGTE(4271872,0) classSizeGTE(4271920,0) classSizeGTE(4271926,0) classSizeGTE(4271936,0) classSizeGTE(4272165,0) classSizeGTE(4272272,0) classSizeGTE(4272308,0) classSizeGTE(4272314,0) classSizeGTE(4272320,0) classSizeGTE(4272326,0) classSizeGTE(4272336,0) classSizeGTE(4272610,0) classSizeGTE(4272616,0) classSizeGTE(4272622,0) classSizeGTE(4272628,0) classSizeGTE(4272634,0) classSizeGTE(4272640,0) classSizeGTE(4272768,0) classSizeGTE(4272928,0) classSizeGTE(4273270,0) classSizeGTE(4273276,0) classSizeGTE(4273282,0) classSizeGTE(4273296,0) classSizeGTE(4273348,0) classSizeGTE(4273360,0) classSizeGTE(4274240,0) classSizeGTE(4274828,0) classSizeGTE(4274834,0) classSizeGTE(4274840,0) classSizeGTE(4274846,0) classSizeGTE(4274852,0) classSizeGTE(4274858,0) classSizeGTE(4274864,0) classSizeGTE(4274870,0) classSizeGTE(4274876,0) classSizeGTE(4274882,0) classSizeGTE(4274888,0) classSizeGTE(4274894,0) classSizeGTE(4274900,0) classSizeGTE(4274906,0) classSizeGTE(4274912,0) classSizeGTE(4274918,0) classSizeGTE(4274924,0) classSizeGTE(4274930,0) classSizeGTE(4274936,0) classSizeGTE(4274942,0) classSizeGTE(4274948,0) classSizeGTE(4274954,0) classSizeGTE(4274960,0) classSizeGTE(4274966,0) classSizeGTE(4274972,0) classSizeGTE(4274978,0) classSizeGTE(4274984,0) classSizeGTE(4274990,0) classSizeGTE(4274996,0) classSizeGTE(4275002,0) classSizeGTE(4275008,0) classSizeGTE(4275014,0) classSizeGTE(4275020,0) classSizeGTE(4275026,0) classSizeGTE(4275032,0) classSizeGTE(4278974,0) classSizeGTE(4265936,0) classSizeGTE(4268096,0) classSizeGTE(4271150,0) classSizeGTE(4278960,0) classSizeGTE(4297428,0) classSizeGTE(4265328,4) classSizeGTE(4265328,20) classSizeGTE(4265504,4) classSizeGTE(4265504,8) classSizeGTE(4265504,9) classSizeGTE(4265504,16) classSizeGTE(4265616,8) classSizeGTE(4265616,9) classSizeGTE(4265616,16) classSizeGTE(4265712,8) classSizeGTE(4265712,9) classSizeGTE(4265712,16) classSizeGTE(4265808,20) classSizeGTE(4266544,4) classSizeGTE(4286272,4) classSizeGTE(4286272,8) classSizeGTE(4286272,9) classSizeGTE(4286272,16) objectInObject(4286272,4286292,0) derivedClass(4286272,4286292,0) classSizeLTE(4265328,20) classSizeLTE(4286292,20) vftableSizeTotal(28) mergeClasses(4286272,4265328) mergeClasses(4286292,4265504) mergeClasses(4286312,4266544) mergeClasses(4265504,4286292) mergeClasses(4265712,4286292) mergeClasses(4265616,4286292) mergeClasses(4266592,4286312) mergeClasses(4286312,4297312) mergeClasses(4264141,4266544) mergeClasses(4264436,4265504) mergeClasses(4264251,4265328) mergeClasses(4264196,4265328) mergeClasses(4265504,4265712) mergeClasses(4265808,4286272) mergeClasses(4266592,4297312) mergeClasses(4265504,4265616) classRelatedMethod(4265504,4265616) classRelatedMethod(4265504,4265712) classRelatedMethod(4265616,4265504) classRelatedMethod(4265616,4265712) classRelatedMethod(4265712,4265504) classRelatedMethod(4265712,4265616) classRelatedMethod(4297312,4266592) classRelatedMethod(4265504,4265328) classRelatedMethod(4265616,4265328) classRelatedMethod(4265712,4265328) classRelatedMethod(4265616,4286292) classRelatedMethod(4265616,4286272) classRelatedMethod(4265712,4286292) classRelatedMethod(4265712,4286272) classRelatedMethod(4265808,4286272) classRelatedMethod(4266592,4286312) classRelatedMethod(4266592,4297312) classRelatedMethod(4265328,4265504) classRelatedMethod(4265328,4265616) classRelatedMethod(4265328,4265712) classRelatedMethod(4286292,4265616) classRelatedMethod(4286272,4265616) classRelatedMethod(4286292,4265712) classRelatedMethod(4286272,4265712) classRelatedMethod(4286272,4265808) classRelatedMethod(4286312,4266592)
Optimization: -28 -2527

% Equivalence classes (220 classes, 232 entities):
%   {4263941}
%   {4263946}
%   {4263951}
%   {4263956}
%   {4263961}
%   {4263966}
%   {4263971}
%   {4263976}
%   {4263981}
%   {4263986}
%   {4263991}
%   {4263996}
%   {4264001}
%   {4264006}
%   {4264011}
%   {4264016}
%   {4264021}
%   {4264026}
%   {4264031}
%   {4264036}
%   {4264041}
%   {4264046}
%   {4264051}
%   {4264056}
%   {4264061}
%   {4264066}
%   {4264071}
%   {4264076}
%   {4264081}
%   {4264086}
%   {4264091}
%   {4264101}
%   {4264106}
%   {4264111}
%   {4264116}
%   {4264121}
%   {4264126}
%   {4264131}
%   {4264136}
%   {4264141, 4266544, 4266592, 4286312, 4297312}
%   {4264146}
%   {4264151}
%   {4264156}
%   {4264161}
%   {4264166}
%   {4264171}
%   {4264176}
%   {4264181}
%   {4264186}
%   {4264191}
%   {4264196, 4264251, 4265328, 4265808, 4286272}
%   {4264201}
%   {4264206}
%   {4264211}
%   {4264216}
%   {4264221}
%   {4264226}
%   {4264231}
%   {4264236}
%   {4264241}
%   {4264246}
%   {4264256}
%   {4264261}
%   {4264266}
%   {4264271}
%   {4264276}
%   {4264281}
%   {4264286}
%   {4264291}
%   {4264296}
%   {4264301}
%   {4264306}
%   {4264311}
%   {4264316}
%   {4264321}
%   {4264326}
%   {4264331}
%   {4264336}
%   {4264341}
%   {4264346}
%   {4264351}
%   {4264356}
%   {4264361}
%   {4264366}
%   {4264371}
%   {4264376}
%   {4264381}
%   {4264386}
%   {4264391}
%   {4264396}
%   {4264401}
%   {4264406}
%   {4264411}
%   {4264416}
%   {4264421}
%   {4264426}
%   {4264431}
%   {4264436, 4265504, 4265616, 4265712, 4286292}
%   {4264441}
%   {4264446}
%   {4264451}
%   {4264456}
%   {4264461}
%   {4264466}
%   {4264471}
%   {4264476}
%   {4265024}
%   {4265872}
%   {4265878}
%   {4265884}
%   {4265904}
%   {4265936}
%   {4265984}
%   {4266112}
%   {4266176}
%   {4266448}
%   {4266512}
%   {4266536}
%   {4266736}
%   {4266758}
%   {4266768}
%   {4266976}
%   {4267088}
%   {4267120}
%   {4267856}
%   {4267872}
%   {4268096}
%   {4268448}
%   {4268496}
%   {4268672}
%   {4268784}
%   {4269440}
%   {4269648}
%   {4269968}
%   {4270352}
%   {4270496}
%   {4270800}
%   {4270816}
%   {4270896}
%   {4270944}
%   {4270992}
%   {4271008}
%   {4271014}
%   {4271024}
%   {4271150}
%   {4271248}
%   {4271424}
%   {4271488}
%   {4271616}
%   {4271642}
%   {4271648}
%   {4271728}
%   {4271782}
%   {4271792}
%   {4271808}
%   {4271824}
%   {4271872}
%   {4271920}
%   {4271926}
%   {4271936}
%   {4272165}
%   {4272272}
%   {4272308}
%   {4272314}
%   {4272320}
%   {4272326}
%   {4272336}
%   {4272610}
%   {4272616}
%   {4272622}
%   {4272628}
%   {4272634}
%   {4272640}
%   {4272768}
%   {4272928}
%   {4273270}
%   {4273276}
%   {4273282}
%   {4273296}
%   {4273348}
%   {4273360}
%   {4274240}
%   {4274828}
%   {4274834}
%   {4274840}
%   {4274846}
%   {4274852}
%   {4274858}
%   {4274864}
%   {4274870}
%   {4274876}
%   {4274882}
%   {4274888}
%   {4274894}
%   {4274900}
%   {4274906}
%   {4274912}
%   {4274918}
%   {4274924}
%   {4274930}
%   {4274936}
%   {4274942}
%   {4274948}
%   {4274954}
%   {4274960}
%   {4274966}
%   {4274972}
%   {4274978}
%   {4274984}
%   {4274990}
%   {4274996}
%   {4275002}
%   {4275008}
%   {4275014}
%   {4275020}
%   {4275026}
%   {4275032}
%   {4278960}
%   {4278974}
%   {4297428}

% Guess candidates:
%   [method]
%     guessMethodDomain: 228  [guessMethodDomain(4263941) guessMethodDomain(4263946) guessMethodDomain(4263951) guessMethodDomain(4263956) guessMethodDomain(4263961) guessMethodDomain(4263966) guessMethodDomain(4263971) guessMethodDomain(4263976) guessMethodDomain(4263981) guessMethodDomain(4263986) guessMethodDomain(4263991) guessMethodDomain(4263996) guessMethodDomain(4264001) guessMethodDomain(4264006) guessMethodDomain(4264011) guessMethodDomain(4264016) guessMethodDomain(4264021) guessMethodDomain(4264026) guessMethodDomain(4264031) guessMethodDomain(4264036) guessMethodDomain(4264041) guessMethodDomain(4264046) guessMethodDomain(4264051) guessMethodDomain(4264056) guessMethodDomain(4264061) guessMethodDomain(4264066) guessMethodDomain(4264071) guessMethodDomain(4264076) guessMethodDomain(4264081) guessMethodDomain(4264086) guessMethodDomain(4264091) guessMethodDomain(4264101) guessMethodDomain(4264106) guessMethodDomain(4264111) guessMethodDomain(4264116) guessMethodDomain(4264121) guessMethodDomain(4264126) guessMethodDomain(4264131) guessMethodDomain(4264136) guessMethodDomain(4264141) guessMethodDomain(4264146) guessMethodDomain(4264151) guessMethodDomain(4264156) guessMethodDomain(4264161) guessMethodDomain(4264166) guessMethodDomain(4264171) guessMethodDomain(4264176) guessMethodDomain(4264181) guessMethodDomain(4264186) guessMethodDomain(4264191) guessMethodDomain(4264196) guessMethodDomain(4264201) guessMethodDomain(4264206) guessMethodDomain(4264211) guessMethodDomain(4264216) guessMethodDomain(4264221) guessMethodDomain(4264226) guessMethodDomain(4264231) guessMethodDomain(4264236) guessMethodDomain(4264241) guessMethodDomain(4264246) guessMethodDomain(4264251) guessMethodDomain(4264256) guessMethodDomain(4264261) guessMethodDomain(4264266) guessMethodDomain(4264271) guessMethodDomain(4264276) guessMethodDomain(4264281) guessMethodDomain(4264286) guessMethodDomain(4264291) guessMethodDomain(4264296) guessMethodDomain(4264301) guessMethodDomain(4264306) guessMethodDomain(4264311) guessMethodDomain(4264316) guessMethodDomain(4264321) guessMethodDomain(4264326) guessMethodDomain(4264331) guessMethodDomain(4264336) guessMethodDomain(4264341) guessMethodDomain(4264346) guessMethodDomain(4264351) guessMethodDomain(4264356) guessMethodDomain(4264361) guessMethodDomain(4264366) guessMethodDomain(4264371) guessMethodDomain(4264376) guessMethodDomain(4264381) guessMethodDomain(4264386) guessMethodDomain(4264391) guessMethodDomain(4264396) guessMethodDomain(4264401) guessMethodDomain(4264406) guessMethodDomain(4264411) guessMethodDomain(4264416) guessMethodDomain(4264421) guessMethodDomain(4264426) guessMethodDomain(4264431) guessMethodDomain(4264436) guessMethodDomain(4264441) guessMethodDomain(4264446) guessMethodDomain(4264451) guessMethodDomain(4264456) guessMethodDomain(4264461) guessMethodDomain(4264466) guessMethodDomain(4264471) guessMethodDomain(4264476) guessMethodDomain(4265024) guessMethodDomain(4265328) guessMethodDomain(4265504) guessMethodDomain(4265616) guessMethodDomain(4265712) guessMethodDomain(4265808) guessMethodDomain(4265872) guessMethodDomain(4265878) guessMethodDomain(4265884) guessMethodDomain(4265904) guessMethodDomain(4265936) guessMethodDomain(4265984) guessMethodDomain(4266112) guessMethodDomain(4266176) guessMethodDomain(4266448) guessMethodDomain(4266512) guessMethodDomain(4266536) guessMethodDomain(4266544) guessMethodDomain(4266592) guessMethodDomain(4266736) guessMethodDomain(4266758) guessMethodDomain(4266768) guessMethodDomain(4266976) guessMethodDomain(4267088) guessMethodDomain(4267120) guessMethodDomain(4267856) guessMethodDomain(4267872) guessMethodDomain(4268096) guessMethodDomain(4268448) guessMethodDomain(4268496) guessMethodDomain(4268672) guessMethodDomain(4268784) guessMethodDomain(4269440) guessMethodDomain(4269648) guessMethodDomain(4269968) guessMethodDomain(4270352) guessMethodDomain(4270496) guessMethodDomain(4270800) guessMethodDomain(4270816) guessMethodDomain(4270896) guessMethodDomain(4270944) guessMethodDomain(4270992) guessMethodDomain(4271008) guessMethodDomain(4271014) guessMethodDomain(4271024) guessMethodDomain(4271150) guessMethodDomain(4271248) guessMethodDomain(4271424) guessMethodDomain(4271488) guessMethodDomain(4271616) guessMethodDomain(4271642) guessMethodDomain(4271648) guessMethodDomain(4271728) guessMethodDomain(4271782) guessMethodDomain(4271792) guessMethodDomain(4271808) guessMethodDomain(4271824) guessMethodDomain(4271872) guessMethodDomain(4271920) guessMethodDomain(4271926) guessMethodDomain(4271936) guessMethodDomain(4272165) guessMethodDomain(4272272) guessMethodDomain(4272308) guessMethodDomain(4272314) guessMethodDomain(4272320) guessMethodDomain(4272326) guessMethodDomain(4272336) guessMethodDomain(4272610) guessMethodDomain(4272616) guessMethodDomain(4272622) guessMethodDomain(4272628) guessMethodDomain(4272634) guessMethodDomain(4272640) guessMethodDomain(4272768) guessMethodDomain(4272928) guessMethodDomain(4273270) guessMethodDomain(4273276) guessMethodDomain(4273282) guessMethodDomain(4273296) guessMethodDomain(4273348) guessMethodDomain(4273360) guessMethodDomain(4274240) guessMethodDomain(4274828) guessMethodDomain(4274834) guessMethodDomain(4274840) guessMethodDomain(4274846) guessMethodDomain(4274852) guessMethodDomain(4274858) guessMethodDomain(4274864) guessMethodDomain(4274870) guessMethodDomain(4274876) guessMethodDomain(4274882) guessMethodDomain(4274888) guessMethodDomain(4274894) guessMethodDomain(4274900) guessMethodDomain(4274906) guessMethodDomain(4274912) guessMethodDomain(4274918) guessMethodDomain(4274924) guessMethodDomain(4274930) guessMethodDomain(4274936) guessMethodDomain(4274942) guessMethodDomain(4274948) guessMethodDomain(4274954) guessMethodDomain(4274960) guessMethodDomain(4274966) guessMethodDomain(4274972) guessMethodDomain(4274978) guessMethodDomain(4274984) guessMethodDomain(4274990) guessMethodDomain(4274996) guessMethodDomain(4275002) guessMethodDomain(4275008) guessMethodDomain(4275014) guessMethodDomain(4275020) guessMethodDomain(4275026) guessMethodDomain(4275032) guessMethodDomain(4278960) guessMethodDomain(4278974) guessMethodDomain(4297312)]
%   [constructor]
%     guessConstructor1Domain: 3  [guessConstructor1Domain(4265328) guessConstructor1Domain(4265504) guessConstructor1Domain(4266544)]
%     guessConstructor2Domain: 3  [guessConstructor2Domain(4265328) guessConstructor2Domain(4265504) guessConstructor2Domain(4266544)]
%     guessConstructor3Domain: 4  [guessConstructor3Domain(4265328) guessConstructor3Domain(4265504) guessConstructor3Domain(4266544) guessConstructor3Domain(4266736)]
%     guessConstructor4Domain: 4  [guessConstructor4Domain(4265328) guessConstructor4Domain(4265504) guessConstructor4Domain(4266544) guessConstructor4Domain(4266736)]
%   [destructor]
%     possibleDestructor: 174  [possibleDestructor(4263941) possibleDestructor(4263946) possibleDestructor(4263951) possibleDestructor(4263956) possibleDestructor(4263961) possibleDestructor(4263966) possibleDestructor(4263971) possibleDestructor(4263976) possibleDestructor(4263981) possibleDestructor(4263986) possibleDestructor(4263991) possibleDestructor(4263996) possibleDestructor(4264001) possibleDestructor(4264006) possibleDestructor(4264011) possibleDestructor(4264016) possibleDestructor(4264021) possibleDestructor(4264026) possibleDestructor(4264031) possibleDestructor(4264036) possibleDestructor(4264041) possibleDestructor(4264046) possibleDestructor(4264051) possibleDestructor(4264056) possibleDestructor(4264061) possibleDestructor(4264066) possibleDestructor(4264071) possibleDestructor(4264076) possibleDestructor(4264081) possibleDestructor(4264086) possibleDestructor(4264091) possibleDestructor(4264101) possibleDestructor(4264106) possibleDestructor(4264111) possibleDestructor(4264116) possibleDestructor(4264121) possibleDestructor(4264126) possibleDestructor(4264131) possibleDestructor(4264136) possibleDestructor(4264141) possibleDestructor(4264146) possibleDestructor(4264151) possibleDestructor(4264156) possibleDestructor(4264161) possibleDestructor(4264166) possibleDestructor(4264171) possibleDestructor(4264176) possibleDestructor(4264181) possibleDestructor(4264186) possibleDestructor(4264191) possibleDestructor(4264196) possibleDestructor(4264201) possibleDestructor(4264206) possibleDestructor(4264211) possibleDestructor(4264216) possibleDestructor(4264221) possibleDestructor(4264226) possibleDestructor(4264231) possibleDestructor(4264236) possibleDestructor(4264241) possibleDestructor(4264246) possibleDestructor(4264251) possibleDestructor(4264256) possibleDestructor(4264261) possibleDestructor(4264266) possibleDestructor(4264271) possibleDestructor(4264276) possibleDestructor(4264281) possibleDestructor(4264286) possibleDestructor(4264291) possibleDestructor(4264296) possibleDestructor(4264301) possibleDestructor(4264306) possibleDestructor(4264311) possibleDestructor(4264316) possibleDestructor(4264321) possibleDestructor(4264326) possibleDestructor(4264331) possibleDestructor(4264336) possibleDestructor(4264341) possibleDestructor(4264346) possibleDestructor(4264351) possibleDestructor(4264356) possibleDestructor(4264361) possibleDestructor(4264366) possibleDestructor(4264371) possibleDestructor(4264376) possibleDestructor(4264381) possibleDestructor(4264386) possibleDestructor(4264391) possibleDestructor(4264396) possibleDestructor(4264401) possibleDestructor(4264406) possibleDestructor(4264411) possibleDestructor(4264416) possibleDestructor(4264421) possibleDestructor(4264426) possibleDestructor(4264431) possibleDestructor(4264436) possibleDestructor(4264441) possibleDestructor(4264446) possibleDestructor(4264451) possibleDestructor(4264456) possibleDestructor(4264461) possibleDestructor(4264466) possibleDestructor(4264471) possibleDestructor(4264476) possibleDestructor(4265328) possibleDestructor(4265504) possibleDestructor(4265616) possibleDestructor(4265712) possibleDestructor(4265808) possibleDestructor(4265872) possibleDestructor(4265878) possibleDestructor(4265884) possibleDestructor(4265904) possibleDestructor(4266536) possibleDestructor(4266544) possibleDestructor(4266592) possibleDestructor(4266736) possibleDestructor(4266758) possibleDestructor(4271014) possibleDestructor(4271642) possibleDestructor(4271782) possibleDestructor(4271920) possibleDestructor(4271926) possibleDestructor(4272308) possibleDestructor(4272314) possibleDestructor(4272320) possibleDestructor(4272326) possibleDestructor(4272610) possibleDestructor(4272616) possibleDestructor(4272622) possibleDestructor(4272628) possibleDestructor(4272634) possibleDestructor(4273270) possibleDestructor(4273276) possibleDestructor(4273282) possibleDestructor(4273348) possibleDestructor(4274828) possibleDestructor(4274834) possibleDestructor(4274840) possibleDestructor(4274846) possibleDestructor(4274852) possibleDestructor(4274858) possibleDestructor(4274864) possibleDestructor(4274870) possibleDestructor(4274876) possibleDestructor(4274882) possibleDestructor(4274888) possibleDestructor(4274894) possibleDestructor(4274900) possibleDestructor(4274906) possibleDestructor(4274912) possibleDestructor(4274918) possibleDestructor(4274924) possibleDestructor(4274930) possibleDestructor(4274936) possibleDestructor(4274942) possibleDestructor(4274948) possibleDestructor(4274954) possibleDestructor(4274960) possibleDestructor(4274966) possibleDestructor(4274972) possibleDestructor(4274978) possibleDestructor(4274984) possibleDestructor(4274990) possibleDestructor(4274996) possibleDestructor(4275002) possibleDestructor(4275008) possibleDestructor(4275014) possibleDestructor(4275020) possibleDestructor(4275026) possibleDestructor(4275032)]
%   [vftable]
%     possibleVFTable: 3  [possibleVFTable(4286272) possibleVFTable(4286292) possibleVFTable(4286312)]
%   [vftable_size]
%     candidateVFTableSize: 7  [candidateVFTableSize(4286272,12) candidateVFTableSize(4286272,4) candidateVFTableSize(4286272,8) candidateVFTableSize(4286292,12) candidateVFTableSize(4286292,4) candidateVFTableSize(4286292,8) candidateVFTableSize(4286312,4)]
%   [merge]
%     strongMergeCandidate: 6  [strongMergeCandidate(4264141,4266544) strongMergeCandidate(4264196,4265328) strongMergeCandidate(4264196,4265504) strongMergeCandidate(4264251,4265328) strongMergeCandidate(4264436,4265328) strongMergeCandidate(4264436,4265504)]
%     weakMergeCandidate: 12  [weakMergeCandidate(4265328,4265504) weakMergeCandidate(4265328,4265616) weakMergeCandidate(4265328,4265712) weakMergeCandidate(4265504,4265616) weakMergeCandidate(4265504,4265712) weakMergeCandidate(4265616,4286272) weakMergeCandidate(4265616,4286292) weakMergeCandidate(4265712,4286272) weakMergeCandidate(4265712,4286292) weakMergeCandidate(4265808,4286272) weakMergeCandidate(4266592,4286312) weakMergeCandidate(4266592,4297312)]
%   [composition]
%     objectInObject: 1  [objectInObject(4286272,4286292,0)]
% Selected guesses:
%   [method]  (228 candidate(s))
%     method: 229  [method(4263941) method(4263946) method(4263951) method(4263956) method(4263961) method(4263966) method(4263971) method(4263976) method(4263981) method(4263986) method(4263991) method(4263996) method(4264001) method(4264006) method(4264011) method(4264016) method(4264021) method(4264026) method(4264031) method(4264036) method(4264041) method(4264046) method(4264051) method(4264056) method(4264061) method(4264066) method(4264071) method(4264076) method(4264081) method(4264086) method(4264091) method(4264101) method(4264106) method(4264111) method(4264116) method(4264121) method(4264126) method(4264131) method(4264136) method(4264141) method(4264146) method(4264151) method(4264156) method(4264161) method(4264166) method(4264171) method(4264176) method(4264181) method(4264186) method(4264191) method(4264196) method(4264201) method(4264206) method(4264211) method(4264216) method(4264221) method(4264226) method(4264231) method(4264236) method(4264241) method(4264246) method(4264251) method(4264256) method(4264261) method(4264266) method(4264271) method(4264276) method(4264281) method(4264286) method(4264291) method(4264296) method(4264301) method(4264306) method(4264311) method(4264316) method(4264321) method(4264326) method(4264331) method(4264336) method(4264341) method(4264346) method(4264351) method(4264356) method(4264361) method(4264366) method(4264371) method(4264376) method(4264381) method(4264386) method(4264391) method(4264396) method(4264401) method(4264406) method(4264411) method(4264416) method(4264421) method(4264426) method(4264431) method(4264436) method(4264441) method(4264446) method(4264451) method(4264456) method(4264461) method(4264466) method(4264471) method(4264476) method(4265024) method(4265328) method(4265504) method(4265616) method(4265712) method(4265808) method(4265872) method(4265878) method(4265884) method(4265904) method(4265936) method(4265984) method(4266112) method(4266176) method(4266448) method(4266512) method(4266536) method(4266544) method(4266592) method(4266736) method(4266758) method(4266768) method(4266976) method(4267088) method(4267120) method(4267856) method(4267872) method(4268096) method(4268448) method(4268496) method(4268672) method(4268784) method(4269440) method(4269648) method(4269968) method(4270352) method(4270496) method(4270800) method(4270816) method(4270896) method(4270944) method(4270992) method(4271008) method(4271014) method(4271024) method(4271150) method(4271248) method(4271424) method(4271488) method(4271616) method(4271642) method(4271648) method(4271728) method(4271782) method(4271792) method(4271808) method(4271824) method(4271872) method(4271920) method(4271926) method(4271936) method(4272165) method(4272272) method(4272308) method(4272314) method(4272320) method(4272326) method(4272336) method(4272610) method(4272616) method(4272622) method(4272628) method(4272634) method(4272640) method(4272768) method(4272928) method(4273270) method(4273276) method(4273282) method(4273296) method(4273348) method(4273360) method(4274240) method(4274828) method(4274834) method(4274840) method(4274846) method(4274852) method(4274858) method(4274864) method(4274870) method(4274876) method(4274882) method(4274888) method(4274894) method(4274900) method(4274906) method(4274912) method(4274918) method(4274924) method(4274930) method(4274936) method(4274942) method(4274948) method(4274954) method(4274960) method(4274966) method(4274972) method(4274978) method(4274984) method(4274990) method(4274996) method(4275002) method(4275008) method(4275014) method(4275020) method(4275026) method(4275032) method(4278960) method(4278974) method(4297312) method(4297428)]
%     -method: 0  []
%   [constructor]  (14 candidate(s))
%     constructor: 4  [constructor(4265328) constructor(4265504) constructor(4266544) constructor(4266736)]
%     -constructor: 10  [-constructor(4264141) -constructor(4264196) -constructor(4264251) -constructor(4264436) -constructor(4265616) -constructor(4265712) -constructor(4265808) -constructor(4266592) -constructor(4297312) -constructor(4297428)]
%   [destructor]  (174 candidate(s))
%     realDestructor: 0  []
%     deletingDestructor: 1  [deletingDestructor(4266592)]
%   [vftable]  (3 candidate(s))
%     vfTable: 3  [vfTable(4286272) vfTable(4286292) vfTable(4286312)]
%     -vfTable: 0  []
%   [vftable_size]  (7 candidate(s))
%     vfTableSize: 3  [vfTableSize(4286272,12) vfTableSize(4286292,12) vfTableSize(4286312,4)]
%   [merge]  (18 candidate(s))
%     mergeClasses: 16  [mergeClasses(4264141,4266544) mergeClasses(4264196,4265328) mergeClasses(4264251,4265328) mergeClasses(4264436,4265504) mergeClasses(4265504,4265616) mergeClasses(4265504,4265712) mergeClasses(4265504,4286292) mergeClasses(4265616,4286292) mergeClasses(4265712,4286292) mergeClasses(4265808,4286272) mergeClasses(4266592,4286312) mergeClasses(4266592,4297312) mergeClasses(4286272,4265328) mergeClasses(4286292,4265504) mergeClasses(4286312,4266544) mergeClasses(4286312,4297312)]
%     -mergeClasses: 12  [-mergeClasses(4264196,4265504) -mergeClasses(4264436,4265328) -mergeClasses(4265328,4265504) -mergeClasses(4265328,4265616) -mergeClasses(4265328,4265712) -mergeClasses(4265328,4266544) -mergeClasses(4265504,4266544) -mergeClasses(4265616,4286272) -mergeClasses(4265712,4286272) -mergeClasses(4286272,4286292) -mergeClasses(4286272,4286312) -mergeClasses(4286292,4286312)]
%   [composition]  (1 candidate(s))
%     derivedClass: 1  [derivedClass(4286272,4286292,0)]
%     embeddedObject: 0  []
15:21:49 Writing results to examples/ooa/ooex_vs2008/Debug/ooex4.results

% Stats:
%   atoms: 7474.0
%   bodies: 2435.0
%   rules: 8609.0
%   variables: 2606.0
%   constraints: 64.0
%   choices: 3896.0
%   conflicts: 72.0
%   models: 15.0
%   optimal_models: 1.0
%   final_cost: [-28.0, -2527.0]
%   lower_bound: [-28.0, -2527.0]
%   total_time: 0.15080714225769043
%   ground_time: 0.0424199509434402
%   time_to_first_model: 0.08369967620819807
%   max_rss_bytes: 32243712
%   solve_time: 0.06111407279968262
